✔ ranked and grouped search traverses exact complete order with truthful pagination (118.911516ms)
✔ coverage traverses sorted source cells and final/empty pages remain complete/empty (9.244086ms)
✔ cursor rejects tampering, query and capability mismatch, expiry, rotation and stale generation (10.216172ms)
✔ Worker signer survives separate requests; dedicated key enables independent Worker traversal (37.567052ms)
✔ Worker and WebMCP discovery cursors accept the resolved generation pin but reject conflicts (27.285935ms)
✔ authenticated offsets and timestamps are validated and original expiry never slides (5.00085ms)
✔ release grouping is explicitly unknown rather than traversing ungrouped assets (1.67374ms)
✔ public CMS, keyed Census and restricted HCUP fixtures produce different legitimate next steps (24.547672ms)
✔ a returned recipe contains no secret or source payload and does not execute because a client inspected it (4.861575ms)
✔ nonretryable route_not_documented no longer tells clients to retry blindly against unchanged metadata (3.014238ms)
✔ the positive HCRIS fixture uses accepted wire mappings; unapproved documentation does not leak into the canonical schema (20.840377ms)
✔ a 154-field dictionary traverses without omissions or duplicates; oversized fields retain their documented retrieval path (34.068674ms)
✔ a known dictionary proposal is visible as a proposal, while get_variables remains honest about an unbound schema (2.48138ms)
ℹ tests 13
ℹ suites 0
ℹ pass 13
ℹ fail 0
ℹ cancelled 0
ℹ skipped 0
ℹ todo 0
ℹ duration_ms 521.206528
