{
  "format": "ushso.pr003.c003-r3.handoff-check.v1",
  "tool": "scripts/research-program/check-handoff.mjs",
  "ok": false,
  "outcome": "rejected",
  "handoff": {
    "path": "docs/research-program/handoffs/PR-008.json",
    "sha256": "52b4c074e7bfdf35dd7435fe600724ad8ad9a3d81279e67e53f1300b171fad2f",
    "pr_id": "PR-008",
    "advertised_status": "producer_checked"
  },
  "authorities": {
    "task_binding": {
      "source": "per-pr-task-binding",
      "path": "verification/research-program/pr-008/task-binding.json",
      "sha256": "4391d00e0330f0dad5fda6248f74612a701bb30da624af0c78a7d683f8b18d57"
    },
    "task_bindings": [
      {
        "source": "per-pr-task-binding",
        "path": "verification/research-program/pr-008/task-binding.json",
        "sha256": "4391d00e0330f0dad5fda6248f74612a701bb30da624af0c78a7d683f8b18d57"
      }
    ],
    "execution_ledger": {
      "path": "docs/research-program/execution-ledger.json",
      "sha256": "cede5807920529f917f90afeac2194f53eee3fa1638f0503308a56600bcae429",
      "task_found": true
    }
  },
  "binding_source": "per-pr-task-binding",
  "checks": [
    {
      "id": "input_path_containment",
      "status": "passed",
      "detail": "docs/research-program/handoffs/PR-008.json stays inside the repository root"
    },
    {
      "id": "handoff_readable",
      "status": "passed",
      "detail": "docs/research-program/handoffs/PR-008.json parsed as JSON"
    },
    {
      "id": "handoff_schema",
      "status": "failed",
      "detail": "/commands/31/event_source required must have required property 'id'"
    },
    {
      "id": "task_binding",
      "status": "passed",
      "detail": "handoff bound using per-pr-task-binding"
    },
    {
      "id": "dependency_sha_binding",
      "status": "passed",
      "detail": "1 dependency SHA(s) match the task binding"
    },
    {
      "id": "base_sha_binding",
      "status": "passed",
      "detail": "handoff base_sha matches the task binding"
    },
    {
      "id": "task_scope_binding",
      "status": "passed",
      "detail": "completed handoff owner, branch and changed-file scope match the concrete task binding"
    },
    {
      "id": "git_commit_binding",
      "status": "passed",
      "detail": "base is a local commit, every dependency SHA is a local ancestor of it, and head_sha is pending"
    },
    {
      "id": "identifier_uniqueness",
      "status": "failed",
      "detail": "ambiguous artifact id undefined (commands[cmd-c008-final-check-handoff].event_source collides with commands[cmd-c008-final-controller-semantic].event_source)"
    },
    {
      "id": "packet_evidence",
      "status": "passed",
      "detail": "completed packet has attributable owner and non-empty evidence arrays"
    },
    {
      "id": "command_result_resolution",
      "status": "passed",
      "detail": "every command has timestamped structured outcomes and each success claim matches its expected outcome"
    },
    {
      "id": "artifact_reference_resolution",
      "status": "passed",
      "detail": "every referenced top-level artifact id resolves"
    },
    {
      "id": "artifact_path_containment",
      "status": "passed",
      "detail": "all artifact and event-source paths stay inside the repository root"
    },
    {
      "id": "artifact_file_existence",
      "status": "passed",
      "detail": "all referenced artifacts and event-source files exist as regular files"
    },
    {
      "id": "artifact_sha256_binding",
      "status": "passed",
      "detail": "all declared artifact and event-source SHA-256 (and byte) bindings match on-disk bytes"
    },
    {
      "id": "source_identity_binding",
      "status": "passed",
      "detail": "17 current local source hash(es) match on-disk bytes with resolved containment"
    },
    {
      "id": "changed_file_containment",
      "status": "passed",
      "detail": "all changed-file records are repository-contained after symlink resolution"
    }
  ],
  "findings": [
    {
      "rule": "schema_invalid",
      "severity": "error",
      "detail": "/commands/20/event_source required must have required property 'id'"
    },
    {
      "rule": "schema_invalid",
      "severity": "error",
      "detail": "/commands/21/event_source required must have required property 'id'"
    },
    {
      "rule": "schema_invalid",
      "severity": "error",
      "detail": "/commands/22/event_source required must have required property 'id'"
    },
    {
      "rule": "schema_invalid",
      "severity": "error",
      "detail": "/commands/23/event_source required must have required property 'id'"
    },
    {
      "rule": "schema_invalid",
      "severity": "error",
      "detail": "/commands/24/event_source required must have required property 'id'"
    },
    {
      "rule": "schema_invalid",
      "severity": "error",
      "detail": "/commands/25/event_source required must have required property 'id'"
    },
    {
      "rule": "schema_invalid",
      "severity": "error",
      "detail": "/commands/26/event_source required must have required property 'id'"
    },
    {
      "rule": "schema_invalid",
      "severity": "error",
      "detail": "/commands/27/event_source required must have required property 'id'"
    },
    {
      "rule": "schema_invalid",
      "severity": "error",
      "detail": "/commands/28/event_source required must have required property 'id'"
    },
    {
      "rule": "schema_invalid",
      "severity": "error",
      "detail": "/commands/29/event_source required must have required property 'id'"
    },
    {
      "rule": "schema_invalid",
      "severity": "error",
      "detail": "/commands/30/event_source required must have required property 'id'"
    },
    {
      "rule": "schema_invalid",
      "severity": "error",
      "detail": "/commands/31/event_source required must have required property 'id'"
    },
    {
      "rule": "duplicate_artifact_id",
      "severity": "error",
      "detail": "ambiguous artifact id undefined (commands[cmd-c008-final-parent-chain].event_source collides with commands[cmd-c008-final-controller-semantic].event_source)"
    },
    {
      "rule": "duplicate_artifact_id",
      "severity": "error",
      "detail": "ambiguous artifact id undefined (commands[cmd-c008-final-registered-parent].event_source collides with commands[cmd-c008-final-controller-semantic].event_source)"
    },
    {
      "rule": "duplicate_artifact_id",
      "severity": "error",
      "detail": "ambiguous artifact id undefined (commands[cmd-c008-final-variable-identity].event_source collides with commands[cmd-c008-final-controller-semantic].event_source)"
    },
    {
      "rule": "duplicate_artifact_id",
      "severity": "error",
      "detail": "ambiguous artifact id undefined (commands[cmd-c008-final-extractors].event_source collides with commands[cmd-c008-final-controller-semantic].event_source)"
    },
    {
      "rule": "duplicate_artifact_id",
      "severity": "error",
      "detail": "ambiguous artifact id undefined (commands[cmd-c008-final-dictionary-review].event_source collides with commands[cmd-c008-final-controller-semantic].event_source)"
    },
    {
      "rule": "duplicate_artifact_id",
      "severity": "error",
      "detail": "ambiguous artifact id undefined (commands[cmd-c008-final-update-cycle].event_source collides with commands[cmd-c008-final-controller-semantic].event_source)"
    },
    {
      "rule": "duplicate_artifact_id",
      "severity": "error",
      "detail": "ambiguous artifact id undefined (commands[cmd-c008-final-cms-layout].event_source collides with commands[cmd-c008-final-controller-semantic].event_source)"
    },
    {
      "rule": "duplicate_artifact_id",
      "severity": "error",
      "detail": "ambiguous artifact id undefined (commands[cmd-c008-final-identity-package-test].event_source collides with commands[cmd-c008-final-controller-semantic].event_source)"
    },
    {
      "rule": "duplicate_artifact_id",
      "severity": "error",
      "detail": "ambiguous artifact id undefined (commands[cmd-c008-final-identity-seal].event_source collides with commands[cmd-c008-final-controller-semantic].event_source)"
    },
    {
      "rule": "duplicate_artifact_id",
      "severity": "error",
      "detail": "ambiguous artifact id undefined (commands[cmd-c008-final-frozen-machine-contracts].event_source collides with commands[cmd-c008-final-controller-semantic].event_source)"
    },
    {
      "rule": "duplicate_artifact_id",
      "severity": "error",
      "detail": "ambiguous artifact id undefined (commands[cmd-c008-final-check-handoff].event_source collides with commands[cmd-c008-final-controller-semantic].event_source)"
    }
  ],
  "notes": [
    {
      "rule": "task_binding_authority",
      "status": "bound",
      "detail": "concrete task binding from per-pr-task-binding at verification/research-program/pr-008/task-binding.json (sha256 4391d00e0330f0dad5fda6248f74612a701bb30da624af0c78a7d683f8b18d57); this producer-written file does not authenticate itself and does not replace controller dispatch review"
    },
    {
      "rule": "external_source_identity",
      "status": "external",
      "detail": "source identity a00630c712e3a4e64354a77d268cb168fa3f528a is external; any SHA-256 is recorded but not locally verified"
    },
    {
      "rule": "external_source_identity",
      "status": "external",
      "detail": "source identity 17f9271372ecdf29f6b818ad9caaa5332258f4fd is external; any SHA-256 is recorded but not locally verified"
    },
    {
      "rule": "head_sha_pending",
      "status": "unresolved",
      "detail": "head_sha is null (pending-head transport); the controller records the committed head later. A future commit cannot contain its own hash."
    }
  ],
  "preserved_outcomes": {
    "non_pass_acceptance_results": [],
    "declared_unresolved_claims": [
      {
        "id": "head-sha-pending",
        "status": "pending"
      },
      {
        "id": "hcris-name-mappings",
        "status": "unresolved"
      },
      {
        "id": "payload-and-release-qualification",
        "status": "unresolved"
      }
    ],
    "declared_failures_and_skipped_checks": [
      {
        "id": "scientific-acceptance-root-owned",
        "status": "skipped"
      },
      {
        "id": "controller-review-e433eff-corrections-required",
        "status": "failed"
      },
      {
        "id": "controller-review-a50f5fa-parent-chain-corrections-required",
        "status": "failed"
      }
    ],
    "head_sha_pending": true
  },
  "independent_review": {
    "status": "not_claimed",
    "detail": "Producer-side packet validation only. A passing packet is complete and evidence-bound; it is not independent verification or scientific acceptance."
  }
}
