{
  "format": "ushso.pr008.controller-parent-chain-probes.v1",
  "author": "Astra/root",
  "head": "f58057a3233bb8e7dd3ce7f5a3c15f968cebdcd1",
  "tree": "54edfda1034fad9177cfd4eed48cd7896912d212",
  "recorded_at": "2026-09-11T19:17:38.355Z",
  "script_sha256": "51b66331037fe8097298cd290b7e83b134f3b13be34aca50a61e8b3c97937c5b",
  "fixture": {
    "path": "verification/research-program/pr-007/fixtures/catalog-resources.captures.json",
    "sha256": "6cd70aac157dcb6a71f3d48c2b201017e8cd8cc0e59124edf36253d4389ce679",
    "synthetic_single_distribution_capture_sha256": "bcebbdb4ffae6ee06bc1a9b980a23992a5cb2df6a5ad2142c4175fdd954bf3b2"
  },
  "scope": "Offline accepted PR007 API output, released core fixture shape and contradictory parent facts. No publisher access or scientific qualification.",
  "passed": 9,
  "failed": 0,
  "cases": [
    {
      "id": "actual-pr007-binding-released-core-positive",
      "status": "passed",
      "observation": {
        "binding_state": "exact",
        "release_schema_valid": true,
        "snapshot_has_added_parent_fields": false
      }
    },
    {
      "id": "released-core-missing-relationship-negative",
      "status": "passed",
      "observation": null
    },
    {
      "id": "source-asset-facts-without-release-distribution-chain",
      "status": "passed",
      "observation": null
    },
    {
      "id": "actual-binding-nested-foreign-asset",
      "status": "passed",
      "observation": null
    },
    {
      "id": "actual-binding-nested-foreign-source",
      "status": "passed",
      "observation": null
    },
    {
      "id": "actual-binding-conflicting-release-list",
      "status": "passed",
      "observation": null
    },
    {
      "id": "actual-binding-distribution-foreign-parent-release",
      "status": "passed",
      "observation": null
    },
    {
      "id": "actual-binding-nested-distribution-foreign-parent-release",
      "status": "passed",
      "observation": null
    },
    {
      "id": "actual-binding-source-asset-positive-preserved",
      "status": "passed",
      "observation": null
    }
  ]
}
