✔ wire names are scoped by release, distribution, schema and field revision (15.605721ms)
✔ unresolved or non-exact contexts cannot mint a variable identifier (1.581711ms)
✔ identifier applicability and measurement unit absence remain distinct (0.828538ms)
✔ mapping states preserve literal alternatives and refuse punctuation-only aliasing (0.276586ms)
✔ strict v1.2 schema accepts literal encodings and rejects unauthorized promotion (101.276765ms)
✔ catalog context helper does not weaken exact endpoint invariants (1.238559ms)
✔ retained audit summary remains a discrepancy set, never an alias approval (0.711706ms)
✔ variable assertion and unit cross-field states remain strict (54.355919ms)
✔ retained HCRIS audit remains eleven unresolved literal discrepancies (1.459964ms)
✔ variable context resolution requires source/asset relationship evidence for released core shapes (0.98633ms)
✔ explicit unresolved field context cannot mint a stable field ID (0.176704ms)
✔ strict schema keeps unknown measurement units incomplete or unknown (57.758891ms)
✔ parent relationship evidence rejects missing and contradictory ownership (2.560301ms)
✔ released core fixture requires accepted relationship evidence before variable resolution (0.879502ms)
ℹ tests 14
ℹ suites 0
ℹ pass 14
ℹ fail 0
ℹ cancelled 0
ℹ skipped 0
ℹ todo 0
ℹ duration_ms 340.598848
