{
  "ok": true,
  "css_viewports": {
    "320": true,
    "390": true,
    "768": true,
    "1440": true
  },
  "documented_viewports_px": [
    320,
    390,
    768,
    1440
  ],
  "live_engine_sessions": [
    {
      "id": "chromium",
      "engine": "Chromium",
      "status": "untested",
      "physical_device": false,
      "emulator_claimed_as_device": false
    },
    {
      "id": "firefox",
      "engine": "Firefox",
      "status": "untested",
      "physical_device": false,
      "emulator_claimed_as_device": false
    },
    {
      "id": "webkit",
      "engine": "WebKit/Safari-equivalent",
      "status": "untested",
      "physical_device": false,
      "emulator_claimed_as_device": false
    }
  ],
  "physical_device_tests": false,
  "emulator_claimed_as_physical_device": false,
  "native_webmcp_unsupported_browsers": "untested",
  "webmcp_distinct_from_site_usability": true,
  "six_result_card_regions": 6,
  "blank_detail_page": false,
  "sitemap_guide_pages": [
    "/",
    "/search",
    "/learn",
    "/methods",
    "/agents",
    "/sources",
    "/about",
    "/privacy",
    "/terms",
    "/contact"
  ],
  "zoom_checks": "untested",
  "note": "CSS viewport bounds and source-route checks are documented. Live Chromium, Firefox and WebKit sessions were not operated. An emulator is not a physical-device test. Native WebMCP remains untested in unsupported browsers."
}
