✔ current WP11 verifier keeps historical proof, technical draft and wrapper subject separate (379.518187ms)
✔ historical WP11 proof fails closed for missing and altered immutable bytes (64.303484ms)
✔ retained snapshot reconstitutes 154 sealed preimages without Git (59.187957ms)
✔ snapshot reader rejects missing, extra, tampered, substituted, incomplete, duplicate and unsafe inventory bytes (396.192477ms)
✔ historical snapshot proof still passes when Git is unavailable (82.020961ms)
✔ current technical builder hashes actual current files and remains unapproved (121.546255ms)
✔ independent current inventory rejects additions, removals, duplicate records and byte or length drift (425.684966ms)
✔ actual current-file change updates the pending technical subject while snapshot proof still passes (571.011204ms)
✔ missing snapshot or reader bindings and stale policy pins fail closed (29.693894ms)
✔ PR005-941c9cd comparison reports all 13 changed inputs and is not combined acceptance (711.413163ms)
✔ named pre-PR005 fixture comparison reports only the two package transitions (100.055724ms)
✔ the independently reviewed PR008 lock is one exact current transition and remains unapproved (174.301446ms)
✔ the independently reviewed PR087 WP5 v1.1 lock is the exact current transition and remains unapproved (259.810831ms)
✔ PR087 lock transition fails closed for mutated, partial, unrelated, missing and stale bindings (189.747969ms)
✔ corrected PR005 afb9056 comparison is a complete unapproved report, not combined acceptance (1284.908307ms)
✔ current technical failure and approval overclaim cannot be represented as a pending draft (0.634979ms)
✔ only the exact WP11 v1.3 validate descriptor selects the current route (0.16616ms)

[verify] verification/wp11/v1.3.0 :: test

> @ushso/wp11-verification-v1.3.0@1.3.0 test
> node --test tests/*.test.mjs

✔ candidate technical evidence passes while approval and release remain unclaimed (43.072479ms)
✔ stale file hash or missing dependency cannot validate (78.061475ms)
✔ technical evidence cannot smuggle approval (0.231899ms)
✔ behavioral probes fail a permissive URL implementation (5.577826ms)
ℹ tests 4
ℹ suites 0
ℹ pass 4
ℹ fail 0
ℹ cancelled 0
ℹ skipped 0
ℹ todo 0
ℹ duration_ms 237.03827

[verify] verification/wp11/v1.3.0 :: validate
{
  "schema_version": "ushso.wp11-v13-attestation.v1.0.0",
  "status": "PASS",
  "package_id": "@ushso/wp11-verification-v1.3.0@1.3.0",
  "wrapper_package_id": "@ushso/wp11-current-attestation-adapter-v1.3.0@1.3.0",
  "historical": {
    "package_id": "@ushso/wp11-verification-v1.3.0@1.3.0",
    "subject_sha256": "294d8b40bb5a2dbe1f55cdfde4a60205de75ee1ffe48e0108eae69aea2db0f98",
    "approval_status": "approved_original_subject_only",
    "receipt_status": "approved_scoped_attestation",
    "reviewer": {
      "id": "github:176340565",
      "role": "repository_owner"
    },
    "recorded_at": "2026-09-09T13:02:53Z",
    "evidence_sha256": "b77cf81e309d88b52bd1ed9502f39459697c0dffa16d0c87d2889c5d5ae59422",
    "source_commit": "30fa0c59ecd4d3d1dd1f56cd8422c6c470e45cb0",
    "files": {
      "approval": {
        "path": "verification/wp11/v1.3.0/approvals/approval.json",
        "bytes": 674,
        "sha256": "c571ce5183f7a384db60d7f23dd605bcd51545e7ac38347a7b0766c67372e3d1"
      },
      "evidence": {
        "path": "verification/wp11/v1.3.0/approvals/evidence.txt",
        "bytes": 764,
        "sha256": "b77cf81e309d88b52bd1ed9502f39459697c0dffa16d0c87d2889c5d5ae59422"
      },
      "receipt": {
        "path": "verification/wp11/v1.3.0/receipts/approved.json",
        "bytes": 32419,
        "sha256": "e596e1b18a0251f611990c9752e1d12fb36cd05dab16bf55cf96e8d1fc431f9d"
      }
    },
    "predecessor_manifest": {
      "path": "verification/wp11/v1.0.0/receipts/implementation-file-manifest.json",
      "bytes": 7068,
      "sha256": "d388972dca800318aa8ad31ddca2975c0eb3d2761fdb28e82aa7545cb76576aa"
    },
    "predecessor_receipt": {
      "path": "verification/wp11/v1.0.0/receipts/wp11-verification.json",
      "bytes": 6833,
      "sha256": "0e75b70dc65c3b05a324d34cbe55bb90d6a7f5b7f90bc810a0770a3a44dabf60"
    },
    "previous_successor": {
      "path": "verification/wp11/v1.2.0/receipts/approved.json",
      "bytes": 32420,
      "sha256": "6ff262f67687cf4166af21e7e2e2ba610158f765516e2d597b77670ac2c3a3f5",
      "package_id": "@ushso/wp11-verification-v1.2.0@1.2.0"
    },
    "input_bindings": {
      "status": "PASS",
      "source": "retained_historical_preimage_snapshot",
      "source_commit": "30fa0c59ecd4d3d1dd1f56cd8422c6c470e45cb0",
      "historical_file_count": 154,
      "total_bytes": 1347732,
      "unchanged_count": 154,
      "unique_blob_count": 154,
      "git_required": false,
      "execute_retained_sources": false,
      "receipt_sha256": "e596e1b18a0251f611990c9752e1d12fb36cd05dab16bf55cf96e8d1fc431f9d",
      "subject_sha256": "294d8b40bb5a2dbe1f55cdfde4a60205de75ee1ffe48e0108eae69aea2db0f98",
      "snapshot_dir": "verification/research-program/ci-attestation/wp11-v1.3.0/historical-preimage-snapshot",
      "inventory_path": "verification/research-program/ci-attestation/wp11-v1.3.0/historical-preimage-snapshot/inventory.json"
    }
  },
  "current": {
    "subject_kind": "wp11-technical-draft",
    "package_id": "@ushso/wp11-verification-v1.3.0@1.3.0",
    "subject_sha256": "6e0543376f52173215ff9b093c04b5bcbc03dad277561af51f7bf4d22be83d58",
    "technical_status": "PASS",
    "status": "pending_authorized_review",
    "approval": null,
    "approval_status": "absent_for_current_subject",
    "release_gate_pass": false,
    "release_ready": false,
    "production_eligibility": false,
    "planner_runtime_status": "disabled",
    "file_count": 160
  },
  "wrapper": {
    "subject_kind": "wp11-current-attestation-adapter",
    "package_id": "@ushso/wp11-current-attestation-adapter-v1.3.0@1.3.0",
    "subject_sha256": "06f104d673f25e277de465e97f5d6ab5bce61e0bd047a4ca70592a936da053d2",
    "technical_status": "PASS",
    "status": "pending_authorized_review",
    "approval": null,
    "approval_status": "absent_for_current_subject",
    "release_gate_pass": false,
    "release_ready": false,
    "production_eligibility": false,
    "implementation_files": [
      {
        "path": "scripts/run-contract-suites.mjs",
        "bytes": 29025,
        "sha256": "3a13c51986e1cd90b530465d4e8fc30cc3763a86189d06930c4dbf6f65c5e261"
      },
      {
        "path": "scripts/verify-wp11-attestation.mjs",
        "bytes": 50017,
        "sha256": "0900e29b4b20c7233206aadd03b9bf1ea7b55b5bb0beebc15de8fa416de9de75"
      },
      {
        "path": "tests/wp11-attestation.test.mjs",
        "bytes": 57620,
        "sha256": "cc2803ad98ece9af5d7728be050f5c9a1c8ef43ccad6bc904ae97a22a2ce653f"
      },
      {
        "path": "verification/research-program/ci-attestation/wp11-v1.3.0/historical-preimage-reader.mjs",
        "bytes": 11287,
        "sha256": "09b946ce97065e08fb3082601363563eaffae04febc02ae63fc93d04e3b850a2"
      },
      {
        "path": "verification/research-program/ci-attestation/wp11-v1.3.0/historical-preimage-snapshot/inventory.json",
        "bytes": 41674,
        "sha256": "46fc584ae6b494ca562455968c14ba799970c45237479b7edadb74939cd1a000"
      },
      {
        "path": "verification/research-program/ci-attestation/wp11-v1.3.0/named-pre-pr005-fixture/manifest.json",
        "bytes": 985,
        "sha256": "3daf892e85452f4f289c02994769881047db090ea9acd822128ff279456de043"
      },
      {
        "path": "verification/research-program/ci-attestation/wp11-v1.3.0/named-pre-pr005-fixture/package-lock.json",
        "bytes": 134511,
        "sha256": "37e4a9ec1fba9ab254aa7a596e1a0e3f73919cf5358717dc6e06e0478be6b20c"
      },
      {
        "path": "verification/research-program/ci-attestation/wp11-v1.3.0/named-pre-pr005-fixture/package.json",
        "bytes": 3666,
        "sha256": "b6c3469c7b10ecb90114199c18c3ebb293d801b8c8a3521cb25ded2fdba8d05e"
      },
      {
        "path": "verification/research-program/ci-attestation/wp11-v1.3.0/policy.json",
        "bytes": 9125,
        "sha256": "3323c1eb854e3e8676f67cf0bf4b0db270817d25e19c3d9e0f9dce4bd1dc498c"
      },
      {
        "path": "verification/research-program/pr-086/pr008-lock-review-072241e/review.json",
        "bytes": 9360,
        "sha256": "a4d52b75b44f7d3340e8a91ad0dc4716ce4d513b84d18edf8b4ebca656e94b3a"
      },
      {
        "path": "verification/research-program/pr-086/pr087-wp5-v1.1-lock-review/review.json",
        "bytes": 4014,
        "sha256": "23d37ad10dc490c3cca94fc23d4fe15dc2895314812d492f6392e0526453083b"
      }
    ],
    "historical_preimage_snapshot": {
      "path": "verification/research-program/ci-attestation/wp11-v1.3.0/historical-preimage-snapshot/inventory.json",
      "file_count": 154,
      "total_bytes": 1347732,
      "source_commit": "30fa0c59ecd4d3d1dd1f56cd8422c6c470e45cb0",
      "receipt_sha256": "e596e1b18a0251f611990c9752e1d12fb36cd05dab16bf55cf96e8d1fc431f9d",
      "execute_retained_sources": false
    },
    "historical_preimage_reader": {
      "path": "verification/research-program/ci-attestation/wp11-v1.3.0/historical-preimage-reader.mjs"
    }
  },
  "current_versus_historical": {
    "status": "PASS",
    "compared_file_count": 154,
    "changed_count": 27,
    "unchanged_count": 127,
    "changed": [
      {
        "path": "apps/web/src/App.tsx",
        "historical_bytes": 1987,
        "historical_sha256": "16a1622c23a32fa94d5ead4bd002deb3268687b687e5e60d95f7fd229f54fc63",
        "historical_source": "retained_historical_preimage_snapshot",
        "current_bytes": 2089,
        "current_sha256": "61d59389dca6ed96adfc6422fb30acf085a35cce08849fe6526628f96132eec4",
        "current_source": "current_tree",
        "role": "current_unapproved_input_change"
      },
      {
        "path": "apps/web/src/components/FacetSidebar.tsx",
        "historical_bytes": 3052,
        "historical_sha256": "6f39c4e704b44b0a4b4de5af1fb0f3f27789beb33b172095b689c599c308160d",
        "historical_source": "retained_historical_preimage_snapshot",
        "current_bytes": 5362,
        "current_sha256": "840d3fb29a13a2bb7535b3fded97e20be5a305e97edd89014ac57c58da7da3b3",
        "current_source": "current_tree",
        "role": "current_unapproved_input_change"
      },
      {
        "path": "apps/web/src/components/ObservatoryHeader.tsx",
        "historical_bytes": 1389,
        "historical_sha256": "a5e2df71de579ddec7e8e26ae3b93652818c3bdd04e2aa34ebe9396ddc9d8b86",
        "historical_source": "retained_historical_preimage_snapshot",
        "current_bytes": 1817,
        "current_sha256": "1e0d82b060db900386c80dafbbba4d2e4eec126578bae89a16c17cc5ec1ec4e6",
        "current_source": "current_tree",
        "role": "current_unapproved_input_change"
      },
      {
        "path": "apps/web/src/components/ResultCard.test.ts",
        "historical_bytes": 2568,
        "historical_sha256": "16226fad7dbbb87f6ca90541fcb33366b4104d8f7324e1f2373cff8446afe06d",
        "historical_source": "retained_historical_preimage_snapshot",
        "current_bytes": 8180,
        "current_sha256": "789240bf24222c6816539b98aa155b260d7b239a7953352f90928f0ad6654b23",
        "current_source": "current_tree",
        "role": "current_unapproved_input_change"
      },
      {
        "path": "apps/web/src/components/ResultCard.tsx",
        "historical_bytes": 6243,
        "historical_sha256": "4f6c605c7e286162b494d177dceba01120d160a9205ba77588949eda87b9becb",
        "historical_source": "retained_historical_preimage_snapshot",
        "current_bytes": 7183,
        "current_sha256": "108b7f29631e34ab7adfe171b385ff02fef3d3980bc4bbdbad8394d2ec14b060",
        "current_source": "current_tree",
        "role": "current_unapproved_input_change"
      },
      {
        "path": "apps/web/src/data/facets.test.ts",
        "historical_bytes": 2749,
        "historical_sha256": "a54fd9fff164a131d3a6a0ceb25d846b25dad19e274352137062beb51e02dc5c",
        "historical_source": "retained_historical_preimage_snapshot",
        "current_bytes": 9931,
        "current_sha256": "136191e4959fcd0a286baf1b8e8cf6f3f61bf0e2128705c5fa0f4fb636d9e5b8",
        "current_source": "current_tree",
        "role": "current_unapproved_input_change"
      },
      {
        "path": "apps/web/src/data/facets.ts",
        "historical_bytes": 4045,
        "historical_sha256": "1faf3301244f4551a16f29ce383225483e4264270aca65d928591f475a9206c9",
        "historical_source": "retained_historical_preimage_snapshot",
        "current_bytes": 22393,
        "current_sha256": "b17367807d2a108c0370ce588c90b558aba2cf9c948fe0940d72afb91aaf127f",
        "current_source": "current_tree",
        "role": "current_unapproved_input_change"
      },
      {
        "path": "apps/web/src/lib/catalogAdapter.test.ts",
        "historical_bytes": 4737,
        "historical_sha256": "296231dce39268e55bc608dd492138adb65186a06e2819cf7a32538db31f267f",
        "historical_source": "retained_historical_preimage_snapshot",
        "current_bytes": 9499,
        "current_sha256": "6647d9ee262a1b9f771186915759a11c11e954fa6d3bec68b2dbde858dac4be2",
        "current_source": "current_tree",
        "role": "current_unapproved_input_change"
      },
      {
        "path": "apps/web/src/lib/catalogAdapter.ts",
        "historical_bytes": 14062,
        "historical_sha256": "6d5519bbb6a6d63e9cfc7ad5bdcb7c381cff6a23efd6c56a3be69ea4c3f36bda",
        "historical_source": "retained_historical_preimage_snapshot",
        "current_bytes": 16622,
        "current_sha256": "92e832e6ae452c1c4df6d55c51ea4421fae53c84cbd7e559fc50180d5ad2d095",
        "current_source": "current_tree",
        "role": "current_unapproved_input_change"
      },
      {
        "path": "apps/web/src/lib/researcherGuidance.test.tsx",
        "historical_bytes": 3977,
        "historical_sha256": "268aa7fee578fe98ce4dd8a787e03066a88c756a8a1e50f217edf23a9bfa2cf1",
        "historical_source": "retained_historical_preimage_snapshot",
        "current_bytes": 6958,
        "current_sha256": "9774bee6fff94d9708f75a86b683a04b28ee3eac84b36a48807deb4a13ef897a",
        "current_source": "current_tree",
        "role": "current_unapproved_input_change"
      },
      {
        "path": "apps/web/src/lib/researcherGuidance.ts",
        "historical_bytes": 13063,
        "historical_sha256": "52b6964ed67bfc96f659c0bf2a071fefac7ffd847dd576ee3f13c95ae4a199fc",
        "historical_source": "retained_historical_preimage_snapshot",
        "current_bytes": 15831,
        "current_sha256": "3ff50e443eb2a39ba1047163cf2dd3b323a4d32b5b7ab80cb13ba9f181e4ecd2",
        "current_source": "current_tree",
        "role": "current_unapproved_input_change"
      },
      {
        "path": "apps/web/src/pages/DatasetDetailsPage.test.tsx",
        "historical_bytes": 1744,
        "historical_sha256": "ae4ba062d565fda31475e4e9733dcba97a4d4179430fe8710ac8846d1dc72b47",
        "historical_source": "retained_historical_preimage_snapshot",
        "current_bytes": 4738,
        "current_sha256": "d05682afa74270394f5a9b729921d906fc6ec6c5e58a742928f32f7d3eafcd72",
        "current_source": "current_tree",
        "role": "current_unapproved_input_change"
      },
      {
        "path": "apps/web/src/pages/DatasetDetailsPage.tsx",
        "historical_bytes": 25023,
        "historical_sha256": "856c41e52fe768ed2e9ecabf3401266f352d88f178a594f2abbb8bd97fad689b",
        "historical_source": "retained_historical_preimage_snapshot",
        "current_bytes": 25889,
        "current_sha256": "d9618ed05b2958158825501ac0266bb60219fe6ffda561b66a8ed910393281bd",
        "current_source": "current_tree",
        "role": "current_unapproved_input_change"
      },
      {
        "path": "apps/web/src/pages/LandingPage.tsx",
        "historical_bytes": 1472,
        "historical_sha256": "f43fafdea059414ce58a4cebb265e1d7c11df07a2451fba305b9a9cb0d9a04ca",
        "historical_source": "retained_historical_preimage_snapshot",
        "current_bytes": 3814,
        "current_sha256": "2349a7af6358e5780824acf92c8baba042d005715b4639a17f9b22075dd2e8fc",
        "current_source": "current_tree",
        "role": "current_unapproved_input_change"
      },
      {
        "path": "apps/web/src/pages/PlanPage.tsx",
        "historical_bytes": 2172,
        "historical_sha256": "499230571696a8f9c67d13c881eb9ef2f9de0d3243af5db7b2021c0cb09fd5d3",
        "historical_source": "retained_historical_preimage_snapshot",
        "current_bytes": 2401,
        "current_sha256": "04396d795b2b0183fbef55a21d5039bdb067cff6376922268fc383e07c978eb8",
        "current_source": "current_tree",
        "role": "current_unapproved_input_change"
      },
      {
        "path": "apps/web/src/pages/SearchResultsPage.test.tsx",
        "historical_bytes": 5866,
        "historical_sha256": "e4c4ebb6181238289840e79a2e33407c537810ff0b46582360e5bab2787a2ab2",
        "historical_source": "retained_historical_preimage_snapshot",
        "current_bytes": 8588,
        "current_sha256": "2392e1b5f795060b41975d610be9ef3f8d6828b51272c8c315de99a8f3ad28c0",
        "current_source": "current_tree",
        "role": "current_unapproved_input_change"
      },
      {
        "path": "apps/web/src/pages/SearchResultsPage.tsx",
        "historical_bytes": 17713,
        "historical_sha256": "e71521dbff99db96820b288d81df1b78ce2d4730b01a2f1c2103737c439f69e5",
        "historical_source": "retained_historical_preimage_snapshot",
        "current_bytes": 18171,
        "current_sha256": "e98a9614e554bf9e1113f28248b71b5972f2057c1efd32c0a030338253662836",
        "current_source": "current_tree",
        "role": "current_unapproved_input_change"
      },
      {
        "path": "apps/web/src/pages/SourcesPage.tsx",
        "historical_bytes": 8829,
        "historical_sha256": "eb9094380419a057c96cdd8858f369e3f1465ab37eda8aca1d1b12c860560419",
        "historical_source": "retained_historical_preimage_snapshot",
        "current_bytes": 11822,
        "current_sha256": "a5bb40c165176138bb9886b2bcb0675a4e743bbed7922fc95fff5f6f6dadc465",
        "current_source": "current_tree",
        "role": "current_unapproved_input_change"
      },
      {
        "path": "apps/web/src/providers/discoveryProvider.test.ts",
        "historical_bytes": 6112,
        "historical_sha256": "5c391acaa207299e9b671eaad7ffdccd734f1c2ed71165454a530ee90e0515c6",
        "historical_source": "retained_historical_preimage_snapshot",
        "current_bytes": 21006,
        "current_sha256": "dff0175c1c6e237f2011836a91380c1c20ee0d4928f24d6b73220b6100e4898b",
        "current_source": "current_tree",
        "role": "current_unapproved_input_change"
      },
      {
        "path": "apps/web/src/providers/discoveryProvider.ts",
        "historical_bytes": 21158,
        "historical_sha256": "38690374192000cd547ed6c1dc7f387a92862455a8f5fe271e903d080656af38",
        "historical_source": "retained_historical_preimage_snapshot",
        "current_bytes": 31942,
        "current_sha256": "895eb442d5dc83a078cc22f6a1c7be8af74aedccaedea89fed7fdfa349591eca",
        "current_source": "current_tree",
        "role": "current_unapproved_input_change"
      },
      {
        "path": "apps/web/src/styles.css",
        "historical_bytes": 72196,
        "historical_sha256": "bd7c43eb3e5be9dcd8f1c3cf84594729cf1da517f0486718c9391310006d06bb",
        "historical_source": "retained_historical_preimage_snapshot",
        "current_bytes": 74647,
        "current_sha256": "bbb74e5f95c9c3034cc61d650bd3ef6065c1a6faed5b8614c503f8a48d7493b4",
        "current_source": "current_tree",
        "role": "current_unapproved_input_change"
      },
      {
        "path": "apps/web/src/types/catalog.ts",
        "historical_bytes": 3331,
        "historical_sha256": "2682a2fe806949ea39b90b52d3b288ad91e92cfe0b9d3f58291b582741b3aee6",
        "historical_source": "retained_historical_preimage_snapshot",
        "current_bytes": 4041,
        "current_sha256": "b6f6fdc54df7e08e71fe35d73610e372b913bfb5028850c7df7acbff94714179",
        "current_source": "current_tree",
        "role": "current_unapproved_input_change"
      },
      {
        "path": "apps/web/src/types/discovery.ts",
        "historical_bytes": 13924,
        "historical_sha256": "53b84d32bf5d13f5fe207dba57f310a64ef20a99603c1ac92938d8738a50d246",
        "historical_source": "retained_historical_preimage_snapshot",
        "current_bytes": 14491,
        "current_sha256": "3d56804e6dc368a7688216e46c3309cadf9546a48e3e44e3098e12f682c2b01a",
        "current_source": "current_tree",
        "role": "current_unapproved_input_change"
      },
      {
        "path": "package-lock.json",
        "historical_bytes": 134190,
        "historical_sha256": "af2070ae111bc67c397b07e33b44c1fbd15bba31b63210990068943998e1bc28",
        "historical_source": "retained_historical_preimage_snapshot",
        "current_bytes": 135196,
        "current_sha256": "7001c1d478ff1468464abe40990ff183f639fc60e769e20a0189638878f4d3a3",
        "current_source": "current_tree",
        "role": "pr087_wp5_v11_workspace_lock_transition"
      },
      {
        "path": "package.json",
        "historical_bytes": 3555,
        "historical_sha256": "25874c7d9464210794bd7a1467b117ef5fc71808fdf5e34726ea65181744561c",
        "historical_source": "retained_historical_preimage_snapshot",
        "current_bytes": 3666,
        "current_sha256": "b6c3469c7b10ecb90114199c18c3ebb293d801b8c8a3521cb25ded2fdba8d05e",
        "current_source": "current_tree",
        "role": "reviewed_pr003_package_transition"
      },
      {
        "path": "packages/machine-toolkit/public-webmcp-tool.json",
        "historical_bytes": 3796,
        "historical_sha256": "aa02042ca4ef34feb7154862d54574789468fdf61cafcac70a5066d455a6bb64",
        "historical_source": "retained_historical_preimage_snapshot",
        "current_bytes": 4479,
        "current_sha256": "d0b36bb4f3c51cea54d1ce32ea6c3ad8c90d1e58de84ee7429b36a510a0785aa",
        "current_source": "current_tree",
        "role": "current_unapproved_input_change"
      },
      {
        "path": "packages/retrieval/tools/retrieval-core-v1.2.mjs",
        "historical_bytes": 41685,
        "historical_sha256": "5763d7687e7228d8dacdd098ed2b9a0e8e59995c0243c25719102926c2105306",
        "historical_source": "retained_historical_preimage_snapshot",
        "current_bytes": 48161,
        "current_sha256": "b42ef12b6efda9e10c02f8b8ef4589fb7c2bcfd1f77e38c321b15081c220d23a",
        "current_source": "current_tree",
        "role": "current_unapproved_input_change"
      }
    ],
    "approval": null,
    "current_approval_issued": false,
    "historical_approval_transferred": false,
    "combined_acceptance": false,
    "release_qualified": false
  },
  "builder_coverage_limits": {
    "historical_inventory_file_count": 154,
    "unpinned_legacy_builder_reads": [
      {
        "path": "worker/index.mjs",
        "in_sealed_inventory": false
      },
      {
        "path": "packages/coverage/accounting/v1.0.0/artifacts/public-coverage-view.json",
        "in_sealed_inventory": false
      },
      {
        "path": "verification/external-authorization/v1.0.0/register.json",
        "in_sealed_inventory": false
      },
      {
        "path": "packages/retrieval/corpus/records.jsonl",
        "in_sealed_inventory": false
      }
    ],
    "note": "The existing WP11 v1.3 technical builder reads these paths without listing them in technical_evidence.files. This assignment does not expand historical package scope, does not treat those reads as sealed historical pins, and does not imply full release qualification."
  },
  "boundaries": {
    "historical_approval_reused": false,
    "historical_receipt_overwritten": false,
    "historical_approval_applied_to_current_technical_subject": false,
    "historical_approval_applied_to_wrapper_subject": false,
    "current_approval_issued": false,
    "current_release_qualified": false,
    "production_authorized": false,
    "writes_approval_artifacts": false,
    "combined_acceptance": false
  }
}
✔ actual WP11 runner executes the four-test suite and routes only validate through the adapter (1441.598796ms)

[verify] /mnt/d/tmp/plumbob/ushso-pr085-wp11-runner-p58kIL :: test

> @ushso/wp11-verification-v1.4.0@1.4.0 test
> node --test tests/pass.test.mjs

✔ fixture test (0.586395ms)
ℹ tests 1
ℹ suites 0
ℹ pass 1
ℹ fail 0
ℹ cancelled 0
ℹ skipped 0
ℹ todo 0
ℹ duration_ms 56.108606

[verify] /mnt/d/tmp/plumbob/ushso-pr085-wp11-runner-p58kIL :: validate

> @ushso/wp11-verification-v1.4.0@1.4.0 validate
> node -e "process.exit(17)"


[verify] /mnt/d/tmp/plumbob/ushso-pr085-wp11-runner-6KpISp :: validate

> @ushso/wp11-verification-other@1.3.0 validate
> node tools/verify.mjs --validate


[verify] /mnt/d/tmp/plumbob/ushso-pr085-wp11-runner-2XcLV6 :: validate

> @ushso/wp11-verification-v1.3.0@1.3.0 validate
> node -e "process.exit(23)"


[verify] /mnt/d/tmp/plumbob/ushso-pr085-wp11-runner-uBmGhU :: validate

> @ushso/wp11-verification-v1.3.0@1.3.0 validate
> node tools/verify.mjs --validate


[verify] verification/wp11/v1.3.0 :: validate
file:///mnt/d/tmp/plumbob/ushso-pr085-wp11-error-oRY7C5/error.mjs:1
throw new Error('fixture verifier error')
      ^

Error: fixture verifier error
    at file:///mnt/d/tmp/plumbob/ushso-pr085-wp11-error-oRY7C5/error.mjs:1:7
    at ModuleJob.run (node:internal/modules/esm/module_job:430:25)
    at async onImport.tracePromise.__proto__ (node:internal/modules/esm/loader:661:26)
    at async asyncRunEntryPointWithESMLoader (node:internal/modules/run_main:101:5)

Node.js v24.14.0

[verify] verification/wp11/v1.3.0 :: validate

[verify] /mnt/d/tmp/plumbob/ushso-pr085-wp11-runner-yvmkOk :: test

> @ushso/pr085-wp11-zero-fixture@1.0.0 test
> node --test

ℹ tests 0
ℹ suites 0
ℹ pass 0
ℹ fail 0
ℹ cancelled 0
ℹ skipped 0
ℹ todo 0
ℹ duration_ms 10.652416
✔ real runner subprocesses reject future, wrong-package, altered-command and nonmatching-path descriptors and retain failure semantics (3685.042995ms)
✔ direct WP11 successor validate and issue remain strict and do not mutate sealed proof (168.578892ms)
✔ child execution helper and parser retain explicit failure semantics (0.502804ms)
ℹ tests 21
ℹ suites 0
ℹ pass 21
ℹ fail 0
ℹ cancelled 0
ℹ skipped 0
ℹ todo 0
ℹ duration_ms 10244.137166
