{
  "ok": true,
  "failed_checks": [],
  "cohorts_sha256": "89130236f7a4c59d3d03a8c1c9aa3a3af93bef8289b1f337c2e52baca52fa543",
  "product_count": 100,
  "selector_counts": {
    "cms_title": 63,
    "intake": 14,
    "census_dataset": 13,
    "cdc_native": 10
  },
  "failed_selectors": [],
  "unsupported_selectors": [],
  "cms_duplicate_title_groups": [],
  "isolated": [
    "obs:asset:cdc-socrata:2g2d-yfx9-060a56b0e1f5e82b",
    "obs:asset:cdc-socrata:38b4-r9iv-82269ee71b664250",
    "obs:asset:cdc-socrata:4ckf-c7xz-8a5026e46b58641e",
    "obs:asset:cdc-socrata:va9e-d8re-c845d9bfb921e339"
  ],
  "source_slices": {
    "cdc-socrata": 1472,
    "census-api": 1803,
    "cms-data-catalog": 159
  },
  "head": "2ff1695e9d3dd79deeffa775f78202311874fcf1",
  "base": "83f7d1bad39acb6a7eede95a404179c511296efa",
  "receipt_output": null
}
