✔ default policy accepts current paused descriptors and existing retry bounds (15.983911ms)
✔ policy rejects missing context, foreign identities, URLs, activation and unbounded limits (36.940255ms)
✔ pure module has no transport, database, queue or fetch side effects (1.590458ms)
✔ underlying ingestion fixtures still validate independently of receipt composition (221.688625ms)
✔ compose captured, 304 reuse, access-only, pre-egress, failure and truncation separately (41.80259ms)
✔ Census unmatched historical HTML is an access failure with unknown redirect count (41.381604ms)
✔ version strings do not substitute for injected schema validation (48.713882ms)
✔ matched receipts reject unnamed or exact-published-byte descriptor hashes (34.587941ms)
✔ Proposed ADR 0008 reports implementation in progress without claiming acceptance (1.141415ms)
▶ source request limits reject missing and invalid numbers while allowing tighter limits
  ✔ timeout_seconds rejects undefined (5.848331ms)
  ✔ timeout_seconds rejects 0 (4.947237ms)
  ✔ timeout_seconds rejects -1 (4.964729ms)
  ✔ timeout_seconds rejects 1.5 (5.405433ms)
  ✔ timeout_seconds rejects 1 (4.963177ms)
  ✔ timeout_seconds rejects null (5.018826ms)
  ✔ timeout_seconds rejects Infinity (4.873666ms)
  ✔ maximum_redirects rejects undefined (4.937276ms)
  ✔ maximum_redirects rejects -1 (6.806206ms)
  ✔ maximum_redirects rejects 0.5 (4.942379ms)
  ✔ maximum_redirects rejects 0 (4.574082ms)
  ✔ maximum_redirects rejects null (4.451418ms)
  ✔ maximum_redirects rejects Infinity (4.462627ms)
  ✔ maximum_concurrency rejects undefined (5.469608ms)
  ✔ maximum_concurrency rejects 0 (6.011349ms)
  ✔ maximum_concurrency rejects -1 (5.261726ms)
  ✔ maximum_concurrency rejects 0.5 (5.62685ms)
  ✔ maximum_concurrency rejects 1 (5.071614ms)
  ✔ maximum_concurrency rejects null (4.910299ms)
  ✔ maximum_concurrency rejects Infinity (5.132612ms)
  ✔ requests_per_second rejects undefined (5.698761ms)
  ✔ requests_per_second rejects 0 (4.942657ms)
  ✔ requests_per_second rejects -1 (4.901277ms)
  ✔ requests_per_second rejects 0.5 (4.921317ms)
  ✔ requests_per_second rejects null (4.876649ms)
  ✔ requests_per_second rejects Infinity (4.87223ms)
  ✔ requests_per_second rejects NaN (5.05401ms)
  ✔ burst rejects undefined (5.906766ms)
  ✔ burst rejects 0 (5.950843ms)
  ✔ burst rejects -1 (5.968535ms)
  ✔ burst rejects 0.5 (5.954137ms)
  ✔ burst rejects 1 (5.931876ms)
  ✔ burst rejects null (6.267365ms)
  ✔ burst rejects Infinity (6.248485ms)
✔ source request limits reject missing and invalid numbers while allowing tighter limits (192.51137ms)
▶ evidenced retention overrides still require an explicit positive whole-day duration
  ✔ supports evidenced 14-day retention (5.686306ms)
  ✔ supports evidenced 120-day retention (4.92802ms)
  ✔ rejects evidenced duration undefined (5.579056ms)
  ✔ rejects evidenced duration null (4.872666ms)
  ✔ rejects evidenced duration 0 (4.900955ms)
  ✔ rejects evidenced duration -1 (4.271939ms)
  ✔ rejects evidenced duration 1.5 (5.143649ms)
  ✔ rejects evidenced duration 14 (4.074785ms)
  ✔ rejects evidenced duration Infinity (4.001957ms)
  ✔ rejects evidenced duration NaN (4.909113ms)
✔ evidenced retention overrides still require an explicit positive whole-day duration (65.609726ms)
▶ malformed policy containers return typed invalid results without throwing
  ✔ sources object (2.71851ms)
  ✔ null source entry (3.988794ms)
  ✔ routes object (5.068845ms)
  ✔ forbidden classes object (5.496187ms)
  ✔ null route entry (5.854459ms)
✔ malformed policy containers return typed invalid results without throwing (29.584305ms)
▶ schema-valid captured records must agree on identity and copied observations
  ✔ source identity (0.794913ms)
  ✔ endpoint identity (0.303566ms)
  ✔ template identity (0.436586ms)
  ✔ capture pointer projection (0.379561ms)
  ✔ capture run identity (1.613436ms)
  ✔ fetch capture pointer (0.534608ms)
  ✔ compressed byte projection (0.327077ms)
  ✔ expanded byte projection (0.322781ms)
  ✔ HTTP status projection (0.309354ms)
  ✔ captured media type projection (0.368552ms)
  ✔ response byte projection (0.380339ms)
  ✔ redirect projection (0.458632ms)
  ✔ fetch/capture expanded bytes (0.414408ms)
✔ schema-valid captured records must agree on identity and copied observations (37.724848ms)
▶ 304 reuse preserves the earlier capture run and rejects contradictory response or capture projections
  ✔ invented response bytes (0.471233ms)
  ✔ wrong response status (0.319599ms)
  ✔ different cached hash (0.303151ms)
  ✔ different cached size (0.29209ms)
  ✔ different reused pointer (0.322532ms)
✔ 304 reuse preserves the earlier capture run and rejects contradictory response or capture projections (41.318166ms)
ℹ tests 81
ℹ suites 0
ℹ pass 81
ℹ fail 0
ℹ cancelled 0
ℹ skipped 0
ℹ todo 0
ℹ duration_ms 963.399134
