{
  "ok": true,
  "generation": "live-2026-09-03-85b50522b420",
  "human_manifest_sha256": "85b50522b4209d25dba70ad389d14d8b7e4a640384eb3d0d2a413e920aa67a2e",
  "rolling_state": "rolling",
  "binding_state": "one_to_many",
  "distinct_distribution_ids": 5,
  "url_only_state": "unresolved",
  "product_context_fingerprint": "fc1bba9c3181cee2f5270ddf96cf6d33e443c08c5d9e7e8d0546ad90b0739274",
  "stale_restart_code": "manifest_mismatch",
  "scientific_approval": false,
  "dictionary_revision_kind": "unresolved",
  "vintage_release_ids_distinct": true,
  "core_control_projected": true,
  "foreign_asset_projected": false,
  "foreign_entity_projected": false,
  "incomplete_envelope_projected": false,
  "invalid_native_date_accepted": false,
  "unicode_release_ids_distinct": true
}
