
> @ushso/identity@1.0.0 test
> node --test tests/*.test.mjs

[32m✔ normalization and check rules are namespace-defined and deterministic [90m(2.302375ms)[39m[39m
[32m✔ a benchmark below any floor remains candidate-only [90m(0.28208ms)[39m[39m
[32m✔ exact identity requires a sealed gate and separately authorized enablement receipt [90m(0.80697ms)[39m[39m
[32m✔ temporal uncertainty, identifier reuse, source scope, grain, and conflicts fail closed [90m(0.543353ms)[39m[39m
[32m✔ candidate generation preserves fuzzy and disabled-exact pairs as open records [90m(11.023259ms)[39m[39m
[32m✔ review events append, supersede reciprocally, and controlled fixtures cannot become adjudication evidence [90m(1.284917ms)[39m[39m
[32m✔ projection rebuild is deterministic, reversible, non-destructive, and keeps open candidates searchable [90m(3.349835ms)[39m[39m
[32m✔ family relationships never collapse identity and unresolved members remain explicit [90m(0.570875ms)[39m[39m
[32m✔ automatic candidate state alone cannot collapse search without its authorized policy assessment [90m(1.130819ms)[39m[39m
[32m✔ load path fails closed on duplicate current decisions instead of silently keeping one [90m(1.435416ms)[39m[39m
[32m✔ a later human not_same_identity or defer decision reverses automatic identity collapse [90m(0.906451ms)[39m[39m
[32m✔ automatic projection requires a candidate-bound, authorized, complete policy assessment [90m(0.479143ms)[39m[39m
[32m✔ a current non-merge decision blocks transitive automatic collapse of the same pair [90m(1.233455ms)[39m[39m
[32m✔ load path fails closed on cross-candidate supersession instead of dropping the current decision [90m(0.2648ms)[39m[39m
[32m✔ review queue fails closed on duplicate policy assessments [90m(0.256012ms)[39m[39m
[32m✔ schema snapshots and fields are immutable and exact endpoint revisions are enforced [90m(2.005518ms)[39m[39m
[32m✔ join operation, evidence, compatibility, requirements, and blockers remain orthogonal [90m(1.330495ms)[39m[39m
[32m✔ access observations deterministically age to stale or unknown [90m(0.315428ms)[39m[39m
[32m✔ Use Cards, Access Recipes, and Retrieval Recipes enforce recommendation-only boundaries [90m(1.148977ms)[39m[39m
[32m✔ machine readiness publishes evidence-backed flags and no opaque quality score [90m(0.381647ms)[39m[39m
[34mℹ tests 20[39m
[34mℹ suites 0[39m
[34mℹ pass 20[39m
[34mℹ fail 0[39m
[34mℹ cancelled 0[39m
[34mℹ skipped 0[39m
[34mℹ todo 0[39m
[34mℹ duration_ms 153.191223[39m
