[32m✔ C-007-1 rolling endpoints do not mint an exact release from a URL [90m(13.019089ms)[39m[39m
[32m✔ C-007-1 hash-scoped identity is used when a publisher supplies no stable release ID [90m(1.267252ms)[39m[39m
[32m✔ C-007-1 publisher stable release IDs are preserved and do not rewrite existing asset IDs [90m(0.940132ms)[39m[39m
[32m✔ C-007-1 replacement files remain distinct identities [90m(0.645001ms)[39m[39m
[32m✔ C-007-1 multiple distributions remain distinct and are not merged [90m(2.142527ms)[39m[39m
[32m✔ C-007-1 conflicting date roles stay distinct and are not merged [90m(0.718033ms)[39m[39m
[32m✔ C-007-1 a landing-page URL without content or a stable release ID stays unresolved [90m(0.310484ms)[39m[39m
[32m✔ C-007-2 one-to-many publisher distributions remain distinct [90m(2.905825ms)[39m[39m
[32m✔ C-007-2 an ambiguous URL never produces a fabricated exact binding [90m(0.504213ms)[39m[39m
[32m✔ C-007-2 rolling catalog resources stay rolling and keep the existing asset ID [90m(0.227027ms)[39m[39m
[32m✔ C-007-3 human-to-machine source lookup returns the same product context [90m(2.034576ms)[39m[39m
[32m✔ C-007-3 stale or mismatched pins yield typed restart guidance [90m(0.399031ms)[39m[39m
[34mℹ tests 12[39m
[34mℹ suites 0[39m
[34mℹ pass 12[39m
[34mℹ fail 0[39m
[34mℹ cancelled 0[39m
[34mℹ skipped 0[39m
[34mℹ todo 0[39m
[34mℹ duration_ms 236.218593[39m
