[32m✔ C-007-1 rolling endpoints do not mint an exact release from a URL [90m(12.912114ms)[39m[39m
[32m✔ C-007-1 hash-scoped identity is used when a publisher supplies no stable release ID [90m(1.48356ms)[39m[39m
[32m✔ C-007-1 publisher stable release IDs are preserved and do not rewrite existing asset IDs [90m(1.261842ms)[39m[39m
[32m✔ C-007-1 replacement files remain distinct identities [90m(0.738158ms)[39m[39m
[32m✔ C-007-1 multiple distributions remain distinct and are not merged [90m(2.023274ms)[39m[39m
[32m✔ C-007-1 conflicting date roles stay distinct and are not merged [90m(0.745544ms)[39m[39m
[32m✔ C-007-1 a landing-page URL without content or a stable release ID stays unresolved [90m(0.239601ms)[39m[39m
[32m✔ C-007-2 one-to-many publisher distributions remain distinct [90m(3.320462ms)[39m[39m
[32m✔ C-007-2 an ambiguous URL never produces a fabricated exact binding [90m(0.55744ms)[39m[39m
[32m✔ C-007-2 rolling catalog resources stay rolling and keep the existing asset ID [90m(0.275184ms)[39m[39m
[32m✔ C-007-3 human-to-machine source lookup returns the same product context [90m(3.158254ms)[39m[39m
[32m✔ C-007-3 stale or mismatched pins yield typed restart guidance [90m(0.42976ms)[39m[39m
[32m✔ R007-1 qualified publisher release identifiers keep namespace, punctuation, and long suffixes distinct [90m(0.518521ms)[39m[39m
[32m✔ R007-1 a reusable-over-time distribution identifier does not bind two releases to one ID [90m(0.178724ms)[39m[39m
[32m✔ C-007-1 reuses core v2 native-identifier contracts without fabricating unresolved core objects [90m(106.438487ms)[39m[39m
[32m✔ R007-2 unsupported pins, foreign bindings, and stale publications restart [90m(0.35319ms)[39m[39m
[32m✔ R007-3 catalog vintage is not a global release ID and unrelated resources stay unjoined [90m(1.290882ms)[39m[39m
[32m✔ C-007-2 source-shaped CMS catalog metadata keeps two 2023 products distinct without payload access [90m(1.585633ms)[39m[39m
[32m✔ R007-6 foreign asset_id or entity_id is not projected as this release [90m(1.940874ms)[39m[39m
[32m✔ R007-7 incomplete envelopes and malformed dates are not core-conformant [90m(2.276156ms)[39m[39m
[32m✔ R007-8 Unicode native identifiers stay distinct and preserve exact values [90m(0.350743ms)[39m[39m
[34mℹ tests 21[39m
[34mℹ suites 0[39m
[34mℹ pass 21[39m
[34mℹ fail 0[39m
[34mℹ cancelled 0[39m
[34mℹ skipped 0[39m
[34mℹ todo 0[39m
[34mℹ duration_ms 337.47527[39m
