[32m✔ C-007-1 rolling endpoints do not mint an exact release from a URL [90m(16.697261ms)[39m[39m
[32m✔ C-007-1 hash-scoped identity is used when a publisher supplies no stable release ID [90m(1.326436ms)[39m[39m
[32m✔ C-007-1 publisher stable release IDs are preserved and do not rewrite existing asset IDs [90m(1.183785ms)[39m[39m
[32m✔ C-007-1 replacement files remain distinct identities [90m(0.709561ms)[39m[39m
[32m✔ C-007-1 multiple distributions remain distinct and are not merged [90m(2.331526ms)[39m[39m
[32m✔ C-007-1 conflicting date roles stay distinct and are not merged [90m(0.660993ms)[39m[39m
[32m✔ C-007-1 a landing-page URL without content or a stable release ID stays unresolved [90m(0.305988ms)[39m[39m
[32m✔ C-007-2 one-to-many publisher distributions remain distinct [90m(3.331283ms)[39m[39m
[32m✔ C-007-2 an ambiguous URL never produces a fabricated exact binding [90m(0.651128ms)[39m[39m
[32m✔ C-007-2 rolling catalog resources stay rolling and keep the existing asset ID [90m(0.283336ms)[39m[39m
[32m✔ C-007-3 human-to-machine source lookup returns the same product context [90m(2.695141ms)[39m[39m
[32m✔ C-007-3 stale or mismatched pins yield typed restart guidance [90m(0.457207ms)[39m[39m
[32m✔ R007-1 qualified publisher release identifiers keep namespace, punctuation, and long suffixes distinct [90m(0.434865ms)[39m[39m
[32m✔ R007-1 a reusable-over-time distribution identifier does not bind two releases to one ID [90m(0.228566ms)[39m[39m
[32m✔ C-007-1 reuses core v2 native-identifier contracts without fabricating unresolved core objects [90m(43.090785ms)[39m[39m
[32m✔ R007-2 unsupported pins, foreign bindings, and stale publications restart [90m(0.356285ms)[39m[39m
[32m✔ R007-3 catalog vintage is not a global release ID and unrelated resources stay unjoined [90m(1.431725ms)[39m[39m
[32m✔ C-007-2 source-shaped CMS catalog metadata keeps two 2023 products distinct without payload access [90m(1.752099ms)[39m[39m
[34mℹ tests 18[39m
[34mℹ suites 0[39m
[34mℹ pass 18[39m
[34mℹ fail 0[39m
[34mℹ cancelled 0[39m
[34mℹ skipped 0[39m
[34mℹ todo 0[39m
[34mℹ duration_ms 268.274291[39m
