[32m✔ C-007-1 rolling endpoints do not mint an exact release from a URL [90m(16.92015ms)[39m[39m
[32m✔ C-007-1 hash-scoped identity is used when a publisher supplies no stable release ID [90m(1.495545ms)[39m[39m
[32m✔ C-007-1 publisher stable release IDs are preserved and do not rewrite existing asset IDs [90m(1.268278ms)[39m[39m
[32m✔ C-007-1 replacement files remain distinct identities [90m(0.742076ms)[39m[39m
[32m✔ C-007-1 multiple distributions remain distinct and are not merged [90m(2.256063ms)[39m[39m
[32m✔ C-007-1 conflicting date roles stay distinct and are not merged [90m(0.736985ms)[39m[39m
[32m✔ C-007-1 a landing-page URL without content or a stable release ID stays unresolved [90m(0.313393ms)[39m[39m
[32m✔ C-007-2 one-to-many publisher distributions remain distinct [90m(2.715468ms)[39m[39m
[32m✔ C-007-2 an ambiguous URL never produces a fabricated exact binding [90m(0.569539ms)[39m[39m
[32m✔ C-007-2 rolling catalog resources stay rolling and keep the existing asset ID [90m(0.228731ms)[39m[39m
[32m✔ C-007-3 human-to-machine source lookup returns the same product context [90m(2.395819ms)[39m[39m
[32m✔ C-007-3 stale or mismatched pins yield typed restart guidance [90m(0.355916ms)[39m[39m
[32m✔ R007-1 qualified publisher release identifiers keep namespace, punctuation, and long suffixes distinct [90m(0.521072ms)[39m[39m
[32m✔ R007-1 a reusable-over-time distribution identifier does not bind two releases to one ID [90m(0.173603ms)[39m[39m
[32m✔ C-007-1 reuses core v2 native-identifier contracts without fabricating unresolved core objects [90m(108.396676ms)[39m[39m
[32m✔ R007-2 unsupported pins, foreign bindings, and stale publications restart [90m(0.322087ms)[39m[39m
[32m✔ R007-3 catalog vintage is not a global release ID and unrelated resources stay unjoined [90m(1.145128ms)[39m[39m
[32m✔ C-007-2 source-shaped CMS catalog metadata keeps two 2023 products distinct without payload access [90m(2.058054ms)[39m[39m
[32m✔ R007-6 foreign asset_id or entity_id is not projected as this release [90m(3.333842ms)[39m[39m
[32m✔ R007-7 incomplete envelopes and malformed dates are not core-conformant [90m(2.195286ms)[39m[39m
[32m✔ R007-8 Unicode native identifiers stay distinct and preserve exact values [90m(0.393678ms)[39m[39m
[32m✔ R007-9 a changed revision cannot retain a stale canonical fingerprint [90m(2.461472ms)[39m[39m
[32m✔ R007-10 nested release relationships must be coherent before product context [90m(1.411285ms)[39m[39m
[34mℹ tests 23[39m
[34mℹ suites 0[39m
[34mℹ pass 23[39m
[34mℹ fail 0[39m
[34mℹ cancelled 0[39m
[34mℹ skipped 0[39m
[34mℹ todo 0[39m
[34mℹ duration_ms 371.263125[39m
