✔ IP policy rejects private, loopback, link-local, metadata, multicast, reserved, and mapped ranges (6.134541ms)
✔ payload and query sentinels are blocked before transport egress (8.435366ms)
✔ paused sources and unprofiled response media are blocked at the egress boundary (30.661378ms)
✔ compressed, decompressed, duration, and page bounds fail closed (9.691572ms)
✔ nested row containers, plain-text challenges, and length mismatches quarantine before capture (8.016985ms)
✔ response structure and cardinality limits fail before capture or page persistence (62.274834ms)
✔ HTML links and runner observations are bounded before mapping and persistence (21.990227ms)
✔ classification exceptions release the origin lease and quarantine without capture (1.337272ms)
✔ unmanifested hosts, routes, methods, parameters, and secret query names fail closed (5.282309ms)
✔ DNS rebinding and connected-address substitution are rejected (2.599016ms)
✔ credentials are resolved only into an initial-host request and never persisted (2.875706ms)
✔ conditional validators and retained response headers cannot persist injected locator material (4.273649ms)
✔ redirects drop credentials and preserve destination target-class semantics (4.765581ms)
✔ allowlisted cross-origin redirects receive neither credentials nor conditional validators (6.478629ms)
✔ missing security integration ports and required credentials fail before egress (1.282342ms)
✔ shared origin governor enforces concurrency, pacing, and circuit state (0.549377ms)
✔ terminal runs do not fetch again and checkpoint transaction failure is atomic and resumable (7.416106ms)
✔ later-clock refetch after capture-reference commit reuses content but preserves observation identity (5.694152ms)
✔ source descriptors must match the frozen positive metadata-route allowlist (2.984351ms)
✔ raw redirect Location path checks reject dot-segment evasion before a second transport call (3.347099ms)
✔ R2 capture rejects incoherent URLs and oversize compressed or decompressed bodies (2.500612ms)
✔ transport requests pin approved addresses before connect and stream response limits (3.310408ms)
ℹ tests 22
ℹ suites 0
ℹ pass 22
ℹ fail 0
ℹ cancelled 0
ℹ skipped 0
ℹ todo 0
ℹ duration_ms 314.498246
