
> ushso@0.1.0 test:retrieval
> npm test --workspace @ushso/observatory-retrieval


> @ushso/observatory-retrieval@1.1.0 test
> node --test tests/*.test.mjs

[32m✔ pinned Toolkit catalog is byte-intact, strict, and exposes all fifteen analyses [90m(88.561919ms)[39m[39m
[32m✔ profiles, compatibility, semantic joins, and canonical join routes validate strictly [90m(123.148427ms)[39m[39m
[32m✔ one utilization source yields an honest four-of-five partial HHI card with a missing join [90m(72.403901ms)[39m[39m
[32m✔ two reviewed sources support HHI with exact compatibility and a documented canonical route [90m(62.187789ms)[39m[39m
[32m✔ logical join orientation accepts a correctly inverted stored route and enforces direction [90m(7.179737ms)[39m[39m
[32m✔ hospital routes require an explicitly declared hospital alternative [90m(3.507942ms)[39m[39m
[32m✔ semantic joins must bind a declared alternative to unambiguous endpoint discriminators [90m(1.875517ms)[39m[39m
[32m✔ multi-source properties remain missing without exact-set compatibility evidence [90m(2.518784ms)[39m[39m
[32m✔ candidate routes and unapproved period alignment fail closed [90m(8.112569ms)[39m[39m
[32m✔ a fully documented join path is not downgraded by an unused incompatible alternative [90m(7.06325ms)[39m[39m
[32m✔ value-kind, unit, and domain mismatches cannot count as covered inputs [90m(9.263374ms)[39m[39m
[32m✔ raw or fabricated requirements cannot override the opaque verified handle [90m(3.018635ms)[39m[39m
[32m✔ malformed or unresolved evidence is rejected before support can be claimed [90m(12.330532ms)[39m[39m
[32m✔ duplicate compatibility and join semantic keys are rejected [90m(1.639827ms)[39m[39m
[32m✔ disconnected contributing and unused extra sources cannot produce supported cards [90m(6.005619ms)[39m[39m
[32m✔ evidence changes alter both the evidence digest and Use Card identity [90m(9.337369ms)[39m[39m
[32m✔ compiler and recommendations are deterministic and match the immutable fixture [90m(69.694862ms)[39m[39m
[32m✔ partial recommendation pruning preserves better property and join readiness [90m(10.001588ms)[39m[39m
[32m✔ partial recommendation pruning does not prefer derived inputs over direct inputs [90m(4.861533ms)[39m[39m
[32m✔ Use Cards cannot contain calculation outputs [90m(45.611187ms)[39m[39m
[32m✔ requirement-bound validation rejects disconnected and physically reused supporting edges [90m(4.653202ms)[39m[39m
[32m✔ compiler enforces per-card, enumeration, and corpus source bounds [90m(1.390997ms)[39m[39m
[32m✔ strict compatibility successor validates the frozen record corpus without claiming historical recovery [90m(390.798485ms)[39m[39m
[32m✔ compatibility successor rejects an unknown nested property [90m(230.923079ms)[39m[39m
[32m✔ compatibility receipt does not claim historical recovery or digest equivalence [90m(6.875646ms)[39m[39m
[32m✔ compact lexical index preserves complete output: projected [90m(418.09312ms)[39m[39m
[32m✔ compact lexical index preserves complete output: on_demand [90m(261.001457ms)[39m[39m
[32m✔ production publication contract isolates four incompatible records from all 3,434 inputs [90m(1.010746ms)[39m[39m
[32m✔ production access and exclusion constraints only narrow the complete hospital result set [90m(1607.675574ms)[39m[39m
[32m✔ production public-use and ambiguous public-hospital queries are honest across every result [90m(133.033561ms)[39m[39m
[32m✔ production free-data queries only support records with documented no-fee evidence [90m(48.564239ms)[39m[39m
[32m✔ production essential-concept and named-source negatives cannot become documented matches [90m(268.2742ms)[39m[39m
[32m✔ one malformed record is isolated while valid results remain usable [90m(40.737349ms)[39m[39m
▶ malformed nested collections are typed and isolated without interrupting a valid peer
  [32m✔ provenance [90m(6.857596ms)[39m[39m
  [32m✔ evidence [90m(3.75019ms)[39m[39m
  [32m✔ retrieval.instructions [90m(4.983404ms)[39m[39m
[32m✔ malformed nested collections are typed and isolated without interrupting a valid peer [90m(17.966822ms)[39m[39m
[32m✔ asset restrictions override references to separate public-use products [90m(2.520578ms)[39m[39m
[32m✔ structured asset restrictions override contradictory public-direct and public prose assertions [90m(2.421661ms)[39m[39m
[32m✔ malformed authoritative and retrieval URLs are isolated through the complete response contract [90m(6.565892ms)[39m[39m
[32m✔ HTTP source evidence remains searchable but never creates an inferred HTTPS navigation route [90m(4.976562ms)[39m[39m
[32m✔ state compatibility separates documented matches from national unknowns and excludes incompatibility [90m(7.1091ms)[39m[39m
[32m✔ cursor pagination traverses a generation without duplicates and facets cover every match [90m(371.447861ms)[39m[39m
[32m✔ cursor is pinned to generation, filters, sort, and page size [90m(6.975371ms)[39m[39m
[32m✔ named sources are direct records or explicit coverage gaps, never replaced by mentions [90m(5.269934ms)[39m[39m
[32m✔ public payload, exclusions, time uncertainty, and separate chronology remain explicit [90m(13.966698ms)[39m[39m
[32m✔ free-data intent requires documented no-fee evidence independently of public payload access [90m(3.096265ms)[39m[39m
[32m✔ reviewed classification negatives suppress known context collisions [90m(6.492112ms)[39m[39m
[32m✔ release and observation sorts use separate evidenced fields and unknowns sort last [90m(8.218213ms)[39m[39m
[32m✔ freshness clock and corrupted-text notice do not rewrite preserved evidence [90m(6.853901ms)[39m[39m
[32m✔ metadata dimensions never copy observation grain into population or reporting organization [90m(3.429256ms)[39m[39m
[32m✔ fixed reviewer-labeled relevance cases preserve essential concepts and named sources [90m(105.14047ms)[39m[39m
[32m✔ additive intent, search projection, and discovery response validate against published schemas [90m(294.949847ms)[39m[39m
[32m✔ question interpretation resolves Pennsylvania without false Indiana match [90m(17.809892ms)[39m[39m
[32m✔ intent compilation is deterministic, offline, and reports unresolved dimensions [90m(12.142864ms)[39m[39m
[32m✔ search documents are non-authoritative, traceable projections [90m(1.154475ms)[39m[39m
[32m✔ uppercase postal abbreviation is resolved but common lowercase words are not [90m(2.705302ms)[39m[39m
[32m✔ public-only rural closure query excludes licensed AHA while retaining context sources [90m(7.850937ms)[39m[39m
[32m✔ default discovery retains relevant restricted sources with visible restrictions [90m(6.795047ms)[39m[39m
[32m✔ explicit join routes include normalized keys, fallbacks, and incompatibility objects [90m(6.857949ms)[39m[39m
[32m✔ retrieval is deterministic and zero results are not absence evidence [90m(5.903441ms)[39m[39m
[32m✔ inferred geography alone is not lexical relevance [90m(2.824838ms)[39m[39m
[32m✔ query and join-route guards fail closed [90m(0.952485ms)[39m[39m
[32m✔ v2 is deterministic, versioned, and explicitly development/validation scoped [90m(658.51327ms)[39m[39m
[32m✔ public retrieval excludes restricted projections and collapses exact source duplicates [90m(219.01323ms)[39m[39m
[32m✔ facility framing favors a bounded facility/status source [90m(288.767214ms)[39m[39m
[32m✔ v2 applies explicit grain and query-role safety constraints [90m(438.450378ms)[39m[39m
[32m✔ v2 keeps local-source and facility-role requests from emitting near-miss records [90m(486.891379ms)[39m[39m
[32m✔ v2 applies role-specific source families before ranking [90m(870.487642ms)[39m[39m
[32m✔ receipt roundtrip preserves generation, order, filters and later-page cursor [90m(102.963401ms)[39m[39m
[32m✔ malformed receipts cannot silently become new unpinned searches [90m(2.693296ms)[39m[39m
[32m✔ loader verifies the pinned bundle and exposes only cloned selections and metadata [90m(240.710397ms)[39m[39m
[32m✔ all accessors reject a frozen object fabricated with the public handle shape [90m(1.039821ms)[39m[39m
▶ loader rejects catalog byte-length and SHA-256 mismatches before parsing
  [32m✔ byte length [90m(100.358629ms)[39m[39m
  [32m✔ digest at the same byte length [90m(67.271119ms)[39m[39m
[32m✔ loader rejects catalog byte-length and SHA-256 mismatches before parsing [90m(168.99969ms)[39m[39m
[32m✔ loader verifies the exact pinned catalog-schema bytes [90m(75.278678ms)[39m[39m
▶ pin and catalog authorities remain fail-closed
  [32m✔ pin authority [90m(46.94886ms)[39m[39m
  [32m✔ catalog authority [90m(96.209935ms)[39m[39m
[32m✔ pin and catalog authorities remain fail-closed [90m(145.185934ms)[39m[39m
▶ loader rejects duplicate analysis and nested requirement identifiers
  [32m✔ analysis [90m(125.715235ms)[39m[39m
  [32m✔ input [90m(113.578139ms)[39m[39m
  [32m✔ property [90m(104.019158ms)[39m[39m
  [32m✔ join [90m(83.970059ms)[39m[39m
[32m✔ loader rejects duplicate analysis and nested requirement identifiers [90m(428.817662ms)[39m[39m
▶ loader rejects invalid join, upstream-analysis, and methodology references
  [32m✔ join input [90m(64.247291ms)[39m[39m
  [32m✔ incomplete join input set [90m(61.842277ms)[39m[39m
  [32m✔ unknown join entity [90m(55.521337ms)[39m[39m
  [32m✔ unknown join key [90m(48.565198ms)[39m[39m
  [32m✔ unsafe measure join key [90m(56.757013ms)[39m[39m
  [32m✔ overlapping key and endpoint discriminator [90m(51.44053ms)[39m[39m
  [32m✔ period endpoint discriminator [90m(54.2041ms)[39m[39m
  [32m✔ inverse semantic alternative duplicate [90m(65.885966ms)[39m[39m
  [32m✔ upstream analysis [90m(55.593793ms)[39m[39m
  [32m✔ methodology identifier [90m(53.808941ms)[39m[39m
  [32m✔ shared implementation methodology [90m(52.156856ms)[39m[39m
[32m✔ loader rejects invalid join, upstream-analysis, and methodology references [90m(622.339031ms)[39m[39m
▶ loader rejects invalid conditional-domain references
  [32m✔ unknown selector [90m(63.200704ms)[39m[39m
  [32m✔ selector value outside domain [90m(51.018095ms)[39m[39m
  [32m✔ reversed range [90m(56.18026ms)[39m[39m
[32m✔ loader rejects invalid conditional-domain references [90m(171.170014ms)[39m[39m
[32m✔ selector rejects malformed and unknown analysis identifiers [90m(37.973867ms)[39m[39m
[32m✔ WebMCP registers one read-only tool and executes the canonical retrieval engine [90m(65.16202ms)[39m[39m
[32m✔ WebMCP refuses registration without the browser surface [90m(0.66151ms)[39m[39m
[32m✔ browser execution modules contain no Node-only imports [90m(0.768155ms)[39m[39m
[34mℹ tests 105[39m
[34mℹ suites 0[39m
[34mℹ pass 105[39m
[34mℹ fail 0[39m
[34mℹ cancelled 0[39m
[34mℹ skipped 0[39m
[34mℹ todo 0[39m
[34mℹ duration_ms 3890.414499[39m
