
> ushso@0.1.0 test:web
> npm test --workspace @ushso/observatory-web


> @ushso/observatory-web@0.1.0 test
> vitest run


[1m[30m[46m RUN [49m[39m[22m [36mv4.1.11 [39m[90m/mnt/d/worktrees/plumbob/.ushso-research-program-20260910-worktrees/ce-ushso-pr005-pr007-grok-2-grok-pr005-freshness-bc035ae77aee-88a2a621/apps/web[39m

 [32m✓[39m src/components/DictionaryReviewPanel.test.tsx [2m([22m[2m6 tests[22m[2m)[22m[32m 56[2mms[22m[39m
 [32m✓[39m src/lib/searchAssessment.test.ts [2m([22m[2m5 tests[22m[2m)[22m[32m 129[2mms[22m[39m
 [32m✓[39m src/lib/searchReceipt.test.ts [2m([22m[2m2 tests[22m[2m)[22m[32m 142[2mms[22m[39m
 [32m✓[39m src/data/facets.test.ts [2m([22m[2m3 tests[22m[2m)[22m[32m 41[2mms[22m[39m
 [32m✓[39m src/data/coveragePositioning.test.ts [2m([22m[2m2 tests[22m[2m)[22m[32m 72[2mms[22m[39m
 [32m✓[39m src/lib/catalogAdapter.test.ts [2m([22m[2m10 tests[22m[2m)[22m[32m 142[2mms[22m[39m
 [32m✓[39m src/lib/researcherGuidance.test.tsx [2m([22m[2m8 tests[22m[2m)[22m[32m 123[2mms[22m[39m
 [32m✓[39m src/providers/discoveryProvider.test.ts [2m([22m[2m15 tests[22m[2m)[22m[32m 210[2mms[22m[39m
 [32m✓[39m src/components/ResultCard.test.ts [2m([22m[2m3 tests[22m[2m)[22m[32m 75[2mms[22m[39m
 [32m✓[39m src/lib/externalUrls.test.ts [2m([22m[2m36 tests[22m[2m)[22m[32m 12[2mms[22m[39m
 [32m✓[39m src/data/liveCatalogPositioning.test.ts [2m([22m[2m2 tests[22m[2m)[22m[32m 92[2mms[22m[39m
 [32m✓[39m src/lib/planExport.test.ts [2m([22m[2m2 tests[22m[2m)[22m[32m 51[2mms[22m[39m
 [32m✓[39m src/providers/machineToolkitClient.test.ts [2m([22m[2m4 tests[22m[2m)[22m[32m 79[2mms[22m[39m
 [32m✓[39m src/pages/modeSeparation.test.ts [2m([22m[2m2 tests[22m[2m)[22m[32m 17[2mms[22m[39m
 [32m✓[39m src/lib/uiSearch.test.ts [2m([22m[2m7 tests[22m[2m)[22m[32m 10[2mms[22m[39m
 [32m✓[39m src/data/liveVerificationOverlay.test.ts [2m([22m[2m5 tests[22m[2m)[22m[32m 25[2mms[22m[39m
 [32m✓[39m src/pages/SearchResultsPage.test.tsx [2m([22m[2m3 tests[22m[2m)[22m[33m 351[2mms[22m[39m
 [32m✓[39m src/lib/documentTitle.test.ts [2m([22m[2m2 tests[22m[2m)[22m[32m 7[2mms[22m[39m
 [32m✓[39m src/providers/planApiAdapter.test.ts [2m([22m[2m1 test[22m[2m)[22m[32m 19[2mms[22m[39m
 [32m✓[39m src/lib/resultCounts.test.ts [2m([22m[2m4 tests[22m[2m)[22m[32m 10[2mms[22m[39m
 [32m✓[39m src/data/agentsDiscoveryExample.test.ts [2m([22m[2m2 tests[22m[2m)[22m[32m 30[2mms[22m[39m
 [32m✓[39m src/lib/returnContext.test.ts [2m([22m[2m2 tests[22m[2m)[22m[32m 12[2mms[22m[39m
 [32m✓[39m src/lib/searchParams.test.ts [2m([22m[2m3 tests[22m[2m)[22m[32m 5[2mms[22m[39m
 [32m✓[39m src/pages/DatasetDetailsPage.test.tsx [2m([22m[2m4 tests[22m[2m)[22m[32m 17[2mms[22m[39m
 [32m✓[39m src/pages/AgentsPage.test.ts [2m([22m[2m1 test[22m[2m)[22m[32m 5[2mms[22m[39m
 [32m✓[39m src/components/ScientificConflictsPanel.test.tsx [2m([22m[2m8 tests[22m[2m)[22m[32m 6[2mms[22m[39m
 [32m✓[39m src/providers/registerWebMcp.test.ts [2m([22m[2m2 tests[22m[2m)[22m[32m 7[2mms[22m[39m
 [32m✓[39m src/providers/registerObservatoryToolkit.test.ts [2m([22m[2m5 tests[22m[2m)[22m[32m 8[2mms[22m[39m
 [32m✓[39m src/pages/PlanPage.test.tsx [2m([22m[2m4 tests[22m[2m)[22m[32m 140[2mms[22m[39m

[2m Test Files [22m [1m[32m29 passed[39m[22m[90m (29)[39m
[2m      Tests [22m [1m[32m153 passed[39m[22m[90m (153)[39m
[2m   Start at [22m 13:37:56
[2m   Duration [22m 2.26s[2m (transform 6.78s, setup 0ms, import 12.41s, tests 1.90s, environment 5ms)[22m

