TAP version 13
# Subtest: each semantic input changes subject identity and an old receipt cannot approve it
ok 1 - each semantic input changes subject identity and an old receipt cannot approve it
  ---
  duration_ms: 3.418114
  type: 'test'
  ...
# Subtest: every current approval or activation overclaim is rejected
ok 2 - every current approval or activation overclaim is rejected
  ---
  duration_ms: 2.733232
  type: 'test'
  ...
# Subtest: inventory rejects traversal and ambiguous paths and uses byte-stable complete ordering
ok 3 - inventory rejects traversal and ambiguous paths and uses byte-stable complete ordering
  ---
  duration_ms: 10.337803
  type: 'test'
  ...
# Subtest: all source inventory ceilings fail closed without silently dropping files
ok 4 - all source inventory ceilings fail closed without silently dropping files
  ---
  duration_ms: 3.398795
  type: 'test'
  ...
# Subtest: source symlinks and special files are refused, including roots and ancestors
ok 5 - source symlinks and special files are refused, including roots and ancestors
  ---
  duration_ms: 2.015086
  type: 'test'
  ...
# Subtest: pre-execution and post-execution repository drift are rejected
ok 6 - pre-execution and post-execution repository drift are rejected
  ---
  duration_ms: 3.960221
  type: 'test'
  ...
# Subtest: loader accounts exact ESM, CJS and JSON byte representations and preserves loader results
ok 7 - loader accounts exact ESM, CJS and JSON byte representations and preserves loader results
  ---
  duration_ms: 4.893788
  type: 'test'
  ...
# Subtest: transformed, missing, unsupported-format and changing returned source are refused
ok 8 - transformed, missing, unsupported-format and changing returned source are refused
  ---
  duration_ms: 6.568593
  type: 'test'
  ...
# Subtest: uncovered, outside, native, URL query and fragment module requests reject
ok 9 - uncovered, outside, native, URL query and fragment module requests reject
  ---
  duration_ms: 3.390114
  type: 'test'
  ...
# Subtest: loaded dependencies require actual package metadata and exact matching lock identity
ok 10 - loaded dependencies require actual package metadata and exact matching lock identity
  ---
  duration_ms: 6.069617
  type: 'test'
  ...
# Subtest: unexplained nested dependency and bare-package symlink resolution reject
ok 11 - unexplained nested dependency and bare-package symlink resolution reject
  ---
  duration_ms: 3.143432
  type: 'test'
  ...
# Subtest: loaded dependency bytes and package metadata are rechecked after execution
ok 12 - loaded dependency bytes and package metadata are rechecked after execution
  ---
  duration_ms: 5.587551
  type: 'test'
  ...
# Subtest: module and package bounds include every actual loaded input
ok 13 - module and package bounds include every actual loaded input
  ---
  duration_ms: 4.211454
  type: 'test'
  ...
# Subtest: fresh native child observes actual ESM, CommonJS and JSON with exact bytes
ok 14 - fresh native child observes actual ESM, CommonJS and JSON with exact bytes
  ---
  duration_ms: 61.875824
  type: 'test'
  ...
# Subtest: native child deadlines, output bounds, failures and signals cannot become success
ok 15 - native child deadlines, output bounds, failures and signals cannot become success
  ---
  duration_ms: 203.190643
  type: 'test'
  ...
# Subtest: native TAP requires complete named cases, nonzero counts and terminal counters
ok 16 - native TAP requires complete named cases, nonzero counts and terminal counters
  ---
  duration_ms: 2.015438
  type: 'test'
  ...
# Subtest: newly discovered native nested test leaves remain mandatory and accounted
ok 17 - newly discovered native nested test leaves remain mandatory and accounted
  ---
  duration_ms: 54.514209
  type: 'test'
  ...
# Subtest: historical content, pin edits, restamped PASS and origin changes are rejected
ok 18 - historical content, pin edits, restamped PASS and origin changes are rejected
  ---
  duration_ms: 16.611434
  type: 'test'
  ...
# Subtest: missing and nonpositive or noninteger module limits reject before any module load
ok 19 - missing and nonpositive or noninteger module limits reject before any module load
  ---
  duration_ms: 2.516468
  type: 'test'
  ...
# Subtest: deadline terminates task-owned descendants and drains inherited pipes within the bound
ok 20 - deadline terminates task-owned descendants and drains inherited pipes within the bound
  ---
  duration_ms: 305.477359
  type: 'test'
  ...
# Subtest: each nested installed package has its own metadata and matching lock, while anonymous format scopes remain supported
ok 21 - each nested installed package has its own metadata and matching lock, while anonymous format scopes remain supported
  ---
  duration_ms: 7.611031
  type: 'test'
  ...
# Subtest: frozen WP5 files remain historical references without current approval
ok 22 - frozen WP5 files remain historical references without current approval
  ---
  duration_ms: 12.643671
  type: 'test'
  ...
# Subtest: all actual current connector controls execute on a newly measured unapproved subject
ok 23 - all actual current connector controls execute on a newly measured unapproved subject
  ---
  duration_ms: 3094.009546
  type: 'test'
  ...
1..23
# tests 23
# suites 0
# pass 23
# fail 0
# cancelled 0
# skipped 0
# todo 0
# duration_ms 3172.893258
