✔ generation, proposal provenance and future capture-time substitutions fail closed (3.556238ms)
✔ Muse T02/T04/T06/T11: generic labels, missing links, empty domains and malformed pointers (0.66486ms)
✔ Muse T01: reordered nested claim values retain semantic equality (0.438811ms)
✔ publisher enumerations preserve codes and labels without inventing missing values (0.247289ms)
✔ CDC exact identity produces quoted dictionary evidence but never approves units or payload schema (0.575358ms)
✔ identity mismatch and malformed collections isolate one record without interrupting valid peers (0.253133ms)
✔ reporting frequency and generic row labels are not observation-grain evidence (0.315797ms)
✔ restricted assets retain contradictions without promoting related public products (1.114874ms)
✔ Census dictionaries require an exact identifier and publisher-linked endpoint (0.583749ms)
✔ Census query levels do not assert populated coverage and vintage is not an observation date (0.406085ms)
✔ tampered captures, record substitutions and unapproved approvals are rejected (0.307579ms)
✔ literal evidence cannot be relabelled as a different scientific assertion (0.548145ms)
✔ Census parent identity and linked endpoint are required during verification (0.705371ms)
✔ versioned CDC extraction preserves wire names separately from labels and replays evidence (3.511599ms)
✔ versioned Census extraction separates concept from definition and preserves escaped literal values (0.628328ms)
✔ dictionary-only rows retain a documented name without inventing a wire mapping (0.313582ms)
✔ versioned extraction defaults missing release context to an unresolved, non-promotable identity (0.172951ms)
ℹ tests 17
ℹ suites 0
ℹ pass 17
ℹ fail 0
ℹ cancelled 0
ℹ skipped 0
ℹ todo 0
ℹ duration_ms 125.31443
