✔ wire names are scoped by release, distribution, schema and field revision (12.582813ms)
✔ unresolved or non-exact contexts cannot mint a variable identifier (1.213541ms)
✔ identifier applicability and measurement unit absence remain distinct (0.745156ms)
✔ mapping states preserve literal alternatives and refuse punctuation-only aliasing (0.209936ms)
✔ strict v1.2 schema accepts literal encodings and rejects unauthorized promotion (114.381084ms)
✔ catalog context helper does not weaken exact endpoint invariants (1.07364ms)
✔ retained audit summary remains a discrepancy set, never an alias approval (0.733403ms)
✔ variable assertion and unit cross-field states remain strict (64.829309ms)
✔ retained HCRIS audit remains eleven unresolved literal discrepancies (1.312417ms)
✔ variable context resolution requires source/asset relationship evidence for released core shapes (0.946ms)
✔ explicit unresolved field context cannot mint a stable field ID (0.155592ms)
✔ strict schema keeps unknown measurement units incomplete or unknown (69.736534ms)
✔ parent relationship evidence rejects missing and contradictory ownership (2.750025ms)
✔ released core fixture requires accepted relationship evidence before variable resolution (0.921939ms)
ℹ tests 14
ℹ suites 0
ℹ pass 14
ℹ fail 0
ℹ cancelled 0
ℹ skipped 0
ℹ todo 0
ℹ duration_ms 367.509936
