✔ generation, proposal provenance and future capture-time substitutions fail closed (3.553262ms)
✔ Muse T02/T04/T06/T11: generic labels, missing links, empty domains and malformed pointers (0.717011ms)
✔ Muse T01: reordered nested claim values retain semantic equality (0.34471ms)
✔ publisher enumerations preserve codes and labels without inventing missing values (0.269866ms)
✔ CDC exact identity produces quoted dictionary evidence but never approves units or payload schema (0.599753ms)
✔ identity mismatch and malformed collections isolate one record without interrupting valid peers (0.345649ms)
✔ reporting frequency and generic row labels are not observation-grain evidence (0.289107ms)
✔ restricted assets retain contradictions without promoting related public products (1.104069ms)
✔ Census dictionaries require an exact identifier and publisher-linked endpoint (0.590899ms)
✔ Census query levels do not assert populated coverage and vintage is not an observation date (0.358741ms)
✔ tampered captures, record substitutions and unapproved approvals are rejected (0.331028ms)
✔ literal evidence cannot be relabelled as a different scientific assertion (0.576829ms)
✔ Census parent identity and linked endpoint are required during verification (0.689575ms)
✔ versioned CDC extraction preserves wire names separately from labels and replays evidence (3.845943ms)
✔ versioned Census extraction separates concept from definition and preserves escaped literal values (0.736649ms)
✔ dictionary-only rows retain a documented name without inventing a wire mapping (0.411284ms)
✔ versioned extraction defaults missing release context to an unresolved, non-promotable identity (0.237099ms)
✔ versioned verification requires a successful capture and retained raw bytes (0.324629ms)
✔ resolved versioned replay uses an independently supplied context and capture evidence (10.373094ms)
ℹ tests 19
ℹ suites 0
ℹ pass 19
ℹ fail 0
ℹ cancelled 0
ℹ skipped 0
ℹ todo 0
ℹ duration_ms 162.200608
