✔ public HHA layout retains CHAR identifiers, wrapped names and bounded evidence spans (7.005192ms)
✔ Muse cross-page SNF definition is explicitly incomplete, never silently closed (1.170278ms)
✔ ACO fixed-width columns separate wrapped label from definition without invented types (1.39702ms)
✔ layout parsers reject missing headers, narrow cells, duplicate names and ambiguous rows (1.469808ms)
✔ CMS layout adapter consumes parser rows without rewriting parser semantics (9.013375ms)
✔ CMS explicit wire spellings without mapping evidence stay unresolved (1.033093ms)
✔ CMS explicit exact and reviewed-alias mappings with evidence remain supported (12.791048ms)
✔ wire names are scoped by release, distribution, schema and field revision (16.924658ms)
✔ unresolved or non-exact contexts cannot mint a variable identifier (1.544266ms)
✔ identifier applicability and measurement unit absence remain distinct (0.82396ms)
✔ mapping states preserve literal alternatives and refuse punctuation-only aliasing (0.272694ms)
✔ strict v1.2 schema accepts literal encodings and rejects unauthorized promotion (96.684748ms)
✔ catalog context helper does not weaken exact endpoint invariants (0.787466ms)
✔ retained audit summary remains a discrepancy set, never an alias approval (0.492777ms)
✔ variable assertion and unit cross-field states remain strict (61.892626ms)
✔ retained HCRIS audit remains eleven unresolved literal discrepancies (1.553974ms)
✔ variable context resolution requires source/asset relationship evidence for released core shapes (0.96821ms)
✔ explicit unresolved field context cannot mint a stable field ID (0.152014ms)
✔ strict schema keeps unknown measurement units incomplete or unknown (52.254034ms)
✔ parent relationship evidence rejects missing and contradictory ownership (2.438089ms)
✔ released core fixture requires accepted relationship evidence before variable resolution (0.841383ms)
✔ 117 documented names and 117 wire keys keep count equality while exact-key comparison reports eleven mismatches (7.296143ms)
✔ labels stay distinct from wire identifiers and hashes bind the eleven retained mismatches (3.774124ms)
✔ exact names match first and hyphen/case aliases require review evidence (2.196983ms)
✔ Adult/Adults wording and two ambiguous candidates cannot silently pick a wrong field (0.680815ms)
✔ accepted mapping feeds a recipe using the observed API key and retains label, citation and version (14.328449ms)
✔ a documentation update invalidates only the affected mapping for review (0.327614ms)
✔ broad punctuation stripping cannot merge two source columns (0.158363ms)
✔ live fetch is forbidden in the wire-key path (0.260673ms)
ℹ tests 29
ℹ suites 0
ℹ pass 29
ℹ fail 0
ℹ cancelled 0
ℹ skipped 0
ℹ todo 0
ℹ duration_ms 345.643317
