
> @ushso/identity@1.0.0 test
> node --test tests/*.test.mjs

✔ normalization and check rules are namespace-defined and deterministic (2.213558ms)
✔ a benchmark below any floor remains candidate-only (0.24336ms)
✔ exact identity requires a sealed gate and separately authorized enablement receipt (0.783376ms)
✔ temporal uncertainty, identifier reuse, source scope, grain, and conflicts fail closed (0.473054ms)
✔ candidate generation preserves fuzzy and disabled-exact pairs as open records (13.72815ms)
✔ review events append, supersede reciprocally, and controlled fixtures cannot become adjudication evidence (1.835375ms)
✔ projection rebuild is deterministic, reversible, non-destructive, and keeps open candidates searchable (3.561485ms)
✔ family relationships never collapse identity and unresolved members remain explicit (0.60458ms)
✔ automatic candidate state alone cannot collapse search without its authorized policy assessment (1.186156ms)
✔ load path fails closed on duplicate current decisions instead of silently keeping one (0.570368ms)
✔ a later human not_same_identity or defer decision reverses automatic identity collapse (0.816934ms)
✔ automatic projection requires a candidate-bound, authorized, complete policy assessment (1.375101ms)
✔ a current non-merge decision blocks transitive automatic collapse of the same pair (1.159906ms)
✔ load path fails closed on cross-candidate supersession instead of dropping the current decision (0.286897ms)
✔ review queue fails closed on duplicate policy assessments (0.305396ms)
✔ schema snapshots and fields are immutable and exact endpoint revisions are enforced (2.251023ms)
✔ join operation, evidence, compatibility, requirements, and blockers remain orthogonal (1.259378ms)
✔ access observations deterministically age to stale or unknown (0.387619ms)
✔ Use Cards, Access Recipes, and Retrieval Recipes enforce recommendation-only boundaries (1.068756ms)
✔ machine readiness publishes evidence-backed flags and no opaque quality score (0.365184ms)
ℹ tests 20
ℹ suites 0
ℹ pass 20
ℹ fail 0
ℹ cancelled 0
ℹ skipped 0
ℹ todo 0
ℹ duration_ms 146.744003
