✔ C-007-1 rolling endpoints do not mint an exact release from a URL (15.457939ms)
✔ C-007-1 hash-scoped identity is used when a publisher supplies no stable release ID (1.493853ms)
✔ C-007-1 publisher stable release IDs are preserved and do not rewrite existing asset IDs (1.319536ms)
✔ C-007-1 replacement files remain distinct identities (0.772002ms)
✔ C-007-1 multiple distributions remain distinct and are not merged (2.082716ms)
✔ C-007-1 conflicting date roles stay distinct and are not merged (0.806557ms)
✔ C-007-1 a landing-page URL without content or a stable release ID stays unresolved (0.325879ms)
✔ C-007-2 one-to-many publisher distributions remain distinct (3.704653ms)
✔ C-007-2 an ambiguous URL never produces a fabricated exact binding (0.681916ms)
✔ C-007-2 rolling catalog resources stay rolling and keep the existing asset ID (0.314458ms)
✔ C-007-3 human-to-machine source lookup returns the same product context (3.520257ms)
✔ C-007-3 stale or mismatched pins yield typed restart guidance (0.431526ms)
✔ R007-1 qualified publisher release identifiers keep namespace, punctuation, and long suffixes distinct (0.461028ms)
✔ R007-1 a reusable-over-time distribution identifier does not bind two releases to one ID (0.180216ms)
✔ C-007-1 reuses core v2 native-identifier contracts without fabricating unresolved core objects (114.289274ms)
✔ R007-2 unsupported pins, foreign bindings, and stale publications restart (0.37163ms)
✔ R007-3 catalog vintage is not a global release ID and unrelated resources stay unjoined (1.22996ms)
✔ C-007-2 source-shaped CMS catalog metadata keeps two 2023 products distinct without payload access (2.580986ms)
✔ R007-6 foreign asset_id or entity_id is not projected as this release (3.901192ms)
✔ R007-7 incomplete envelopes and malformed dates are not core-conformant (2.40661ms)
✔ R007-8 Unicode native identifiers stay distinct and preserve exact values (0.451185ms)
✔ R007-9 a changed revision cannot retain a stale canonical fingerprint (3.340457ms)
✔ R007-10 nested release relationships must be coherent before product context (2.083614ms)
ℹ tests 23
ℹ suites 0
ℹ pass 23
ℹ fail 0
ℹ cancelled 0
ℹ skipped 0
ℹ todo 0
ℹ duration_ms 370.837343
