✔ generation, proposal provenance and future capture-time substitutions fail closed (4.255555ms)
✔ Muse T02/T04/T06/T11: generic labels, missing links, empty domains and malformed pointers (1.011804ms)
✔ Muse T01: reordered nested claim values retain semantic equality (0.444815ms)
✔ publisher enumerations preserve codes and labels without inventing missing values (0.267079ms)
✔ CDC exact identity produces quoted dictionary evidence but never approves units or payload schema (0.739371ms)
✔ identity mismatch and malformed collections isolate one record without interrupting valid peers (0.392605ms)
✔ reporting frequency and generic row labels are not observation-grain evidence (0.282835ms)
✔ restricted assets retain contradictions without promoting related public products (0.444584ms)
✔ Census dictionaries require an exact identifier and publisher-linked endpoint (0.619953ms)
✔ Census query levels do not assert populated coverage and vintage is not an observation date (0.466006ms)
✔ tampered captures, record substitutions and unapproved approvals are rejected (0.457032ms)
✔ literal evidence cannot be relabelled as a different scientific assertion (0.574057ms)
✔ Census parent identity and linked endpoint are required during verification (0.87074ms)
✔ versioned CDC extraction preserves wire names separately from labels and replays evidence (4.60042ms)
✔ versioned Census extraction separates concept from definition and preserves escaped literal values (0.855171ms)
✔ dictionary-only rows retain a documented name without inventing a wire mapping (0.352409ms)
✔ versioned extraction defaults missing release context to an unresolved, non-promotable identity (0.242508ms)
✔ versioned verification requires a successful capture and retained raw bytes (0.346379ms)
✔ resolved versioned replay uses an independently supplied context and capture evidence (14.645716ms)
ℹ tests 19
ℹ suites 0
ℹ pass 19
ℹ fail 0
ℹ cancelled 0
ℹ skipped 0
ℹ todo 0
ℹ duration_ms 150.063989
