{
  "format": "ushso.pr082-release-qualification.v1",
  "generation": "live-2026-09-03-85b50522b420",
  "captured_candidate": {
    "head_sha": "8e7520c807668e42ec5daf9313b493bf1dd6fcf8",
    "tree_sha": "7562df6cba965f450d27d4149fd62c0690ae99ec",
    "run_id": "20260915T072218Z-781fcf0b2216",
    "local_gate_verdict": "passed",
    "duration_seconds": 550.69,
    "receipt_sha256": "784e502a2cf2b360bfbc03d657fe41e856376299c54c171fee95598f4e977b95",
    "receipt_bytes": 21838122,
    "copied_into_git": false,
    "rebuild_creates_new_candidate": true,
    "old_approvals_cannot_be_copied_onto_changed_bytes": true
  },
  "pins": {
    "node_engines": ">=22.15.0",
    "npm_engines": ">=11.19.1 <12",
    "package_manager": "npm@11.19.1",
    "package_lock_sha256": "7001c1d478ff1468464abe40990ff183f639fc60e769e20a0189638878f4d3a3",
    "release_gate_toml_sha256": "068273993ddb6692eb5ac77a07d9ab7a10a5ee670efdf3b236ba1064de297478",
    "last_good_generation": "live-2026-09-03-85b50522b420"
  },
  "local_gate_stages": [
    "preflight",
    "bootstrap",
    "dependency-tree",
    "tests",
    "build",
    "local-e2e",
    "release-audit",
    "cloudflare-dry-run",
    "retain-deployable-artifacts",
    "receipt"
  ],
  "skipped_checks_are_not_passes": true,
  "staging": {
    "deployed": false,
    "authorized": false,
    "auth_01": "not_requested",
    "auth_02": "not_requested",
    "auth_03": "not_requested",
    "result": "unverified"
  },
  "c0091": {
    "status": "unresolved",
    "measured_cheapest_new_topology": null,
    "public_prices_insufficient": true,
    "rejected_as_full_acceptance": true
  },
  "r16": {
    "id": "R16",
    "accepted": false,
    "result": "fail",
    "independent_reviewer_identity": "Astra/root (engineering). Named human scientific/owner reviewer: absent.",
    "reason": "Unresolved C-009-1, unauthorized staging, missing actual browser/AT/human/elapsed-day witnesses, and unaccepted prior requirements block independent exact release qualification. Merged engineering is not a pass."
  },
  "requirements": [
    {
      "id": "R01",
      "accepted": false,
      "result": "unverified",
      "closed": false
    },
    {
      "id": "R02",
      "accepted": false,
      "result": "unverified",
      "closed": false
    },
    {
      "id": "R03",
      "accepted": false,
      "result": "fail",
      "closed": false
    },
    {
      "id": "R04",
      "accepted": false,
      "result": "fail",
      "closed": false
    },
    {
      "id": "R05",
      "accepted": false,
      "result": "fail",
      "closed": false
    },
    {
      "id": "R06",
      "accepted": false,
      "result": "fail",
      "closed": false
    },
    {
      "id": "R07",
      "accepted": false,
      "result": "fail",
      "closed": false
    },
    {
      "id": "R08",
      "accepted": false,
      "result": "fail",
      "closed": false
    },
    {
      "id": "R09",
      "accepted": false,
      "result": "unverified",
      "closed": false
    },
    {
      "id": "R10",
      "accepted": false,
      "result": "unverified",
      "closed": false
    },
    {
      "id": "R11",
      "accepted": false,
      "result": "unverified",
      "closed": false
    },
    {
      "id": "R12",
      "accepted": false,
      "result": "unverified",
      "closed": false
    },
    {
      "id": "R13",
      "accepted": false,
      "result": "unverified",
      "closed": false
    },
    {
      "id": "R14",
      "accepted": false,
      "result": "unverified",
      "closed": false
    },
    {
      "id": "R15",
      "accepted": false,
      "result": "fail",
      "closed": false
    },
    {
      "id": "R16",
      "accepted": false,
      "result": "unverified",
      "closed": false
    }
  ],
  "skipped": [
    {
      "id": "staging-deploy",
      "skipped": true,
      "pass": false,
      "reason": "AUTH-01/02/03 remain not_requested and unauthorized. Skipped checks are not passes."
    },
    {
      "id": "actual-browser-journeys",
      "skipped": true,
      "pass": false,
      "reason": "Live Chromium/Firefox/WebKit remain untested. Historical console records are not current captures."
    },
    {
      "id": "assistive-technology",
      "skipped": true,
      "pass": false,
      "reason": "NVDA/VoiceOver/JAWS remain untested."
    },
    {
      "id": "two-scheduled-cycles",
      "skipped": true,
      "pass": false,
      "reason": "Two authorized scheduled cycles and 14 elapsed observation days remain absent."
    },
    {
      "id": "eight-plus-eight-participants",
      "skipped": true,
      "pass": false,
      "reason": "Actual novice participants 0/8 and actual advanced participants 0/8. Implementer self-tests cannot satisfy R12."
    }
  ],
  "fully_evidenced_candidate": false,
  "release_qualified": false,
  "proceeds_to_production": false,
  "public_traffic_changed": false,
  "paid_resource_changed": false,
  "secret_changed": false,
  "production_changed": false,
  "rollback_target": {
    "production_worker": "ecc1603f-9eb4-4a1b-a566-bd9d7a415de4",
    "note": "Historical 2026-09-09 production identity. This packet does not change it."
  },
  "http_200_is_completed_research_task": false,
  "passing_schema_is_scientific_approval": false
}
