✔ UTC day period ignores local timezone offset (1.345457ms)
✔ source overrides cannot exceed global caps (0.983781ms)
✔ two concurrent workers cannot both spend the last daily request (0.696587ms)
✔ two concurrent workers cannot both spend the last daily bytes (0.398499ms)
✔ cancellation releases only unused reservations (0.517716ms)
✔ UTC day boundary starts a new reservation period (0.274902ms)
✔ per-host concurrency cap is exclusive (0.416247ms)
✔ 429 Retry-After uses the exact delay and exhausted retries are incomplete (0.655867ms)
✔ timeout and 5xx follow harvest_page retry bounds (0.258582ms)
✔ credential, parser, schema and scientific ambiguity are not blindly retried (0.333279ms)
✔ resume report is idempotent and older generations cannot overwrite newer captures (0.95762ms)
✔ budget exhaustion produces an explicit incomplete run (4.415733ms)
✔ scheduler worker default export remains composition-disabled (0.350574ms)
ℹ tests 13
ℹ suites 0
ℹ pass 13
ℹ fail 0
ℹ cancelled 0
ℹ skipped 0
ℹ todo 0
ℹ duration_ms 74.295789
