✔ generation, proposal provenance and future capture-time substitutions fail closed (3.561414ms)
✔ Muse T02/T04/T06/T11: generic labels, missing links, empty domains and malformed pointers (0.748789ms)
✔ Muse T01: reordered nested claim values retain semantic equality (0.362098ms)
✔ publisher enumerations preserve codes and labels without inventing missing values (0.278172ms)
✔ CDC exact identity produces quoted dictionary evidence but never approves units or payload schema (0.598886ms)
✔ identity mismatch and malformed collections isolate one record without interrupting valid peers (0.312727ms)
✔ reporting frequency and generic row labels are not observation-grain evidence (1.084066ms)
✔ restricted assets retain contradictions without promoting related public products (0.40761ms)
✔ Census dictionaries require an exact identifier and publisher-linked endpoint (0.487325ms)
✔ Census query levels do not assert populated coverage and vintage is not an observation date (0.432296ms)
✔ tampered captures, record substitutions and unapproved approvals are rejected (0.403002ms)
✔ literal evidence cannot be relabelled as a different scientific assertion (0.602877ms)
✔ Census parent identity and linked endpoint are required during verification (0.834635ms)
✔ versioned CDC extraction preserves wire names separately from labels and replays evidence (3.684733ms)
✔ versioned Census extraction separates concept from definition and preserves escaped literal values (0.819143ms)
✔ dictionary-only rows retain a documented name without inventing a wire mapping (0.364393ms)
✔ versioned extraction defaults missing release context to an unresolved, non-promotable identity (0.241877ms)
✔ versioned verification requires a successful capture and retained raw bytes (0.350753ms)
✔ resolved versioned replay uses an independently supplied context and capture evidence (14.618355ms)
ℹ tests 19
ℹ suites 0
ℹ pass 19
ℹ fail 0
ℹ cancelled 0
ℹ skipped 0
ℹ todo 0
ℹ duration_ms 140.047689
