✔ wire names are scoped by release, distribution, schema and field revision (34.287792ms)
✔ unresolved or non-exact contexts cannot mint a variable identifier (1.962553ms)
✔ identifier applicability and measurement unit absence remain distinct (1.37021ms)
✔ mapping states preserve literal alternatives and refuse punctuation-only aliasing (0.4332ms)
✔ strict v1.2 schema accepts literal encodings and rejects unauthorized promotion (108.362236ms)
✔ catalog context helper does not weaken exact endpoint invariants (0.915947ms)
✔ retained audit summary remains a discrepancy set, never an alias approval (0.622857ms)
✔ variable assertion and unit cross-field states remain strict (59.283586ms)
✔ retained HCRIS audit remains eleven unresolved literal discrepancies (1.570678ms)
✔ variable context resolution requires source/asset relationship evidence for released core shapes (0.846901ms)
✔ explicit unresolved field context cannot mint a stable field ID (0.169832ms)
✔ strict schema keeps unknown measurement units incomplete or unknown (56.963651ms)
✔ released core fixture requires accepted relationship evidence before variable resolution (1.281169ms)
ℹ tests 13
ℹ suites 0
ℹ pass 13
ℹ fail 0
ℹ cancelled 0
ℹ skipped 0
ℹ todo 0
ℹ duration_ms 416.612055
