✔ wire names are scoped by release, distribution, schema and field revision (13.808234ms)
✔ unresolved or non-exact contexts cannot mint a variable identifier (1.281688ms)
✔ identifier applicability and measurement unit absence remain distinct (0.68531ms)
✔ mapping states preserve literal alternatives and refuse punctuation-only aliasing (0.221154ms)
✔ strict v1.2 schema accepts literal encodings and rejects unauthorized promotion (95.026579ms)
✔ catalog context helper does not weaken exact endpoint invariants (0.840838ms)
✔ retained audit summary remains a discrepancy set, never an alias approval (0.629243ms)
✔ variable assertion and unit cross-field states remain strict (58.047714ms)
✔ retained HCRIS audit remains eleven unresolved literal discrepancies (1.591764ms)
✔ variable context resolution requires source/asset relationship evidence for released core shapes (1.024843ms)
✔ explicit unresolved field context cannot mint a stable field ID (0.156056ms)
✔ strict schema keeps unknown measurement units incomplete or unknown (48.958603ms)
✔ parent relationship evidence rejects missing and contradictory ownership (1.85877ms)
✔ released core fixture requires accepted relationship evidence before variable resolution (0.571666ms)
ℹ tests 14
ℹ suites 0
ℹ pass 14
ℹ fail 0
ℹ cancelled 0
ℹ skipped 0
ℹ todo 0
ℹ duration_ms 321.789968
