✔ EPA Widgets HTTP 200 is a changed-destination signal and cannot refresh an actionable API success badge (1.613326ms)
✔ aggregate HTTP success does not hide critical new loss (0.240059ms)
✔ public Worker has no source credentials or fetch capability and production activation remains unissued (0.353049ms)
✔ refresh schedules fit selected source/spend budgets and keep stale sources visible without collector success (0.809055ms)
✔ checked-in scheduler default export remains disabled and merging config does not enable a timer (1.416641ms)
✔ Census Missing Key HTTP 200 HTML cannot be JSON success (24.085981ms)
✔ EPA developer-directory Widgets observation is a destination/resource-role mismatch (3.873325ms)
✔ matching-role documentation HTML is a positive control on the fixture host (7.64114ms)
✔ read and expansion bounds fail closed before parsers (2.160891ms)
✔ fixture host redirect mismatch is recorded without contacting EPA (2.822092ms)
✔ latest_attempt updates on later failure while last_good proof is byte-identical after restart (487.399079ms)
✔ cross-kind success never supplies another kind last-good (46.711375ms)
✔ unknown redirect counts stay null and duplicate observations are idempotent (40.082127ms)
✔ 304 reuse keeps prior same-kind provenance and rejects missing prior evidence (5.231166ms)
✔ current fixture admission remains one attempt per child (156.151875ms)
ℹ tests 15
ℹ suites 0
ℹ pass 15
ℹ fail 0
ℹ cancelled 0
ℹ skipped 0
ℹ todo 0
ℹ duration_ms 933.065803
