✔ all approved-source templates are strict ingestion descriptors and disabled pending authorization (215.437543ms)
✔ captured fetch and capture reference conform to ingestion contracts (176.151835ms)
✔ compressed transport accounting retains the exact decoded metadata capture (2.560519ms)
✔ every discovery reconciles to one exact source locator and confirmed capture (18.378023ms)
✔ request/capture reconciliation audit proves zero prohibited capture (7.033207ms)
✔ strict reference store rejects the historical query-bearing reference before commit (2.761195ms)
✔ public capture locator completes the real two-page runner with strict capture and checkpoint records (4.391104ms)
✔ same body and clocks retain baseline query-sensitive capture and request identities (4.476511ms)
✔ wrong final query remains rejected before object or reference writes (1.442161ms)
✔ no-query capture retains its baseline observation identity and locator (2.437865ms)
✔ public projection contains no userinfo, query or fragment without changing query-sensitive identity (1.777486ms)
✔ released strict validator still rejects a tampered query-bearing public reference (2.677386ms)
✔ two-page 304 reuse still uses full request keys and original capture references (7.602128ms)
ℹ tests 13
ℹ suites 0
ℹ pass 13
ℹ fail 0
ℹ cancelled 0
ℹ skipped 0
ℹ todo 0
ℹ duration_ms 575.113394
