
> ushso@0.1.0 test:retrieval
> npm test --workspace @ushso/observatory-retrieval


> @ushso/observatory-retrieval@1.1.0 test
> node --test tests/*.test.mjs

[32m✔ pinned Toolkit catalog is byte-intact, strict, and exposes all fifteen analyses [90m(81.966687ms)[39m[39m
[32m✔ profiles, compatibility, semantic joins, and canonical join routes validate strictly [90m(117.373163ms)[39m[39m
[32m✔ one utilization source yields an honest four-of-five partial HHI card with a missing join [90m(74.411177ms)[39m[39m
[32m✔ two reviewed sources support HHI with exact compatibility and a documented canonical route [90m(56.641072ms)[39m[39m
[32m✔ logical join orientation accepts a correctly inverted stored route and enforces direction [90m(5.910276ms)[39m[39m
[32m✔ hospital routes require an explicitly declared hospital alternative [90m(5.201906ms)[39m[39m
[32m✔ semantic joins must bind a declared alternative to unambiguous endpoint discriminators [90m(1.900363ms)[39m[39m
[32m✔ multi-source properties remain missing without exact-set compatibility evidence [90m(2.610791ms)[39m[39m
[32m✔ candidate routes and unapproved period alignment fail closed [90m(10.11233ms)[39m[39m
[32m✔ a fully documented join path is not downgraded by an unused incompatible alternative [90m(5.934685ms)[39m[39m
[32m✔ value-kind, unit, and domain mismatches cannot count as covered inputs [90m(10.657212ms)[39m[39m
[32m✔ raw or fabricated requirements cannot override the opaque verified handle [90m(3.553315ms)[39m[39m
[32m✔ malformed or unresolved evidence is rejected before support can be claimed [90m(12.184862ms)[39m[39m
[32m✔ duplicate compatibility and join semantic keys are rejected [90m(1.510231ms)[39m[39m
[32m✔ disconnected contributing and unused extra sources cannot produce supported cards [90m(6.999654ms)[39m[39m
[32m✔ evidence changes alter both the evidence digest and Use Card identity [90m(16.944604ms)[39m[39m
[32m✔ compiler and recommendations are deterministic and match the immutable fixture [90m(85.482335ms)[39m[39m
[32m✔ partial recommendation pruning preserves better property and join readiness [90m(13.453818ms)[39m[39m
[32m✔ partial recommendation pruning does not prefer derived inputs over direct inputs [90m(6.663558ms)[39m[39m
[32m✔ Use Cards cannot contain calculation outputs [90m(52.763993ms)[39m[39m
[32m✔ requirement-bound validation rejects disconnected and physically reused supporting edges [90m(6.303887ms)[39m[39m
[32m✔ compiler enforces per-card, enumeration, and corpus source bounds [90m(1.933193ms)[39m[39m
[32m✔ strict compatibility successor validates the frozen record corpus without claiming historical recovery [90m(357.110171ms)[39m[39m
[32m✔ compatibility successor rejects an unknown nested property [90m(283.936265ms)[39m[39m
[32m✔ compatibility receipt does not claim historical recovery or digest equivalence [90m(5.675644ms)[39m[39m
[32m✔ compact lexical index preserves complete output: projected [90m(332.438353ms)[39m[39m
[32m✔ compact lexical index preserves complete output: on_demand [90m(230.372952ms)[39m[39m
[32m✔ production publication contract isolates four incompatible records from all 3,434 inputs [90m(0.78805ms)[39m[39m
[32m✔ production access and exclusion constraints only narrow the complete hospital result set [90m(1420.015032ms)[39m[39m
[32m✔ production public-use and ambiguous public-hospital queries are honest across every result [90m(117.358817ms)[39m[39m
[32m✔ production free-data queries only support records with documented no-fee evidence [90m(40.424275ms)[39m[39m
[32m✔ production essential-concept and named-source negatives cannot become documented matches [90m(217.007505ms)[39m[39m
[32m✔ one malformed record is isolated while valid results remain usable [90m(40.525093ms)[39m[39m
▶ malformed nested collections are typed and isolated without interrupting a valid peer
  [32m✔ provenance [90m(10.305421ms)[39m[39m
  [32m✔ evidence [90m(6.449791ms)[39m[39m
  [32m✔ retrieval.instructions [90m(4.390715ms)[39m[39m
[32m✔ malformed nested collections are typed and isolated without interrupting a valid peer [90m(22.676045ms)[39m[39m
[32m✔ asset restrictions override references to separate public-use products [90m(1.493293ms)[39m[39m
[32m✔ structured asset restrictions override contradictory public-direct and public prose assertions [90m(1.376488ms)[39m[39m
[32m✔ malformed authoritative and retrieval URLs are isolated through the complete response contract [90m(5.931402ms)[39m[39m
[32m✔ HTTP source evidence remains searchable but never creates an inferred HTTPS navigation route [90m(5.575951ms)[39m[39m
[32m✔ state compatibility separates documented matches from national unknowns and excludes incompatibility [90m(8.613071ms)[39m[39m
[32m✔ cursor pagination traverses a generation without duplicates and facets cover every match [90m(385.688392ms)[39m[39m
[32m✔ cursor is pinned to generation, filters, sort, and page size [90m(6.513759ms)[39m[39m
[32m✔ named sources are direct records or explicit coverage gaps, never replaced by mentions [90m(4.891547ms)[39m[39m
[32m✔ public payload, exclusions, time uncertainty, and separate chronology remain explicit [90m(14.23542ms)[39m[39m
[32m✔ free-data intent requires documented no-fee evidence independently of public payload access [90m(3.516036ms)[39m[39m
[32m✔ reviewed classification negatives suppress known context collisions [90m(6.085375ms)[39m[39m
[32m✔ release and observation sorts use separate evidenced fields and unknowns sort last [90m(6.601098ms)[39m[39m
[32m✔ freshness clock and corrupted-text notice do not rewrite preserved evidence [90m(4.316856ms)[39m[39m
[32m✔ metadata dimensions never copy observation grain into population or reporting organization [90m(2.652371ms)[39m[39m
[32m✔ fixed reviewer-labeled relevance cases preserve essential concepts and named sources [90m(71.96309ms)[39m[39m
[32m✔ additive intent, search projection, and discovery response validate against published schemas [90m(272.196544ms)[39m[39m
[32m✔ question interpretation resolves Pennsylvania without false Indiana match [90m(20.654017ms)[39m[39m
[32m✔ intent compilation is deterministic, offline, and reports unresolved dimensions [90m(14.700696ms)[39m[39m
[32m✔ search documents are non-authoritative, traceable projections [90m(1.176718ms)[39m[39m
[32m✔ uppercase postal abbreviation is resolved but common lowercase words are not [90m(3.176975ms)[39m[39m
[32m✔ public-only rural closure query excludes licensed AHA while retaining context sources [90m(12.223697ms)[39m[39m
[32m✔ default discovery retains relevant restricted sources with visible restrictions [90m(8.206373ms)[39m[39m
[32m✔ explicit join routes include normalized keys, fallbacks, and incompatibility objects [90m(7.552383ms)[39m[39m
[32m✔ retrieval is deterministic and zero results are not absence evidence [90m(6.691316ms)[39m[39m
[32m✔ inferred geography alone is not lexical relevance [90m(3.300653ms)[39m[39m
[32m✔ query and join-route guards fail closed [90m(1.549304ms)[39m[39m
[32m✔ v2 is deterministic, versioned, and explicitly development/validation scoped [90m(611.390024ms)[39m[39m
[32m✔ public retrieval excludes restricted projections and collapses exact source duplicates [90m(201.211535ms)[39m[39m
[32m✔ facility framing favors a bounded facility/status source [90m(275.643615ms)[39m[39m
[32m✔ v2 applies explicit grain and query-role safety constraints [90m(436.432854ms)[39m[39m
[32m✔ v2 keeps local-source and facility-role requests from emitting near-miss records [90m(467.5127ms)[39m[39m
[32m✔ v2 applies role-specific source families before ranking [90m(712.483227ms)[39m[39m
[32m✔ receipt roundtrip preserves generation, order, filters and later-page cursor [90m(119.493826ms)[39m[39m
[32m✔ malformed receipts cannot silently become new unpinned searches [90m(2.529999ms)[39m[39m
[32m✔ loader verifies the pinned bundle and exposes only cloned selections and metadata [90m(302.938929ms)[39m[39m
[32m✔ all accessors reject a frozen object fabricated with the public handle shape [90m(2.071218ms)[39m[39m
▶ loader rejects catalog byte-length and SHA-256 mismatches before parsing
  [32m✔ byte length [90m(143.173351ms)[39m[39m
  [32m✔ digest at the same byte length [90m(44.100444ms)[39m[39m
[32m✔ loader rejects catalog byte-length and SHA-256 mismatches before parsing [90m(188.150577ms)[39m[39m
[32m✔ loader verifies the exact pinned catalog-schema bytes [90m(38.44383ms)[39m[39m
▶ pin and catalog authorities remain fail-closed
  [32m✔ pin authority [90m(46.135506ms)[39m[39m
  [32m✔ catalog authority [90m(89.982517ms)[39m[39m
[32m✔ pin and catalog authorities remain fail-closed [90m(136.794841ms)[39m[39m
▶ loader rejects duplicate analysis and nested requirement identifiers
  [32m✔ analysis [90m(72.353202ms)[39m[39m
  [32m✔ input [90m(77.968234ms)[39m[39m
  [32m✔ property [90m(92.959231ms)[39m[39m
  [32m✔ join [90m(104.016493ms)[39m[39m
[32m✔ loader rejects duplicate analysis and nested requirement identifiers [90m(348.691865ms)[39m[39m
▶ loader rejects invalid join, upstream-analysis, and methodology references
  [32m✔ join input [90m(71.89592ms)[39m[39m
  [32m✔ incomplete join input set [90m(62.525591ms)[39m[39m
  [32m✔ unknown join entity [90m(77.957924ms)[39m[39m
  [32m✔ unknown join key [90m(67.875343ms)[39m[39m
  [32m✔ unsafe measure join key [90m(48.703942ms)[39m[39m
  [32m✔ overlapping key and endpoint discriminator [90m(66.068929ms)[39m[39m
  [32m✔ period endpoint discriminator [90m(57.829488ms)[39m[39m
  [32m✔ inverse semantic alternative duplicate [90m(52.338443ms)[39m[39m
  [32m✔ upstream analysis [90m(50.75042ms)[39m[39m
  [32m✔ methodology identifier [90m(51.505327ms)[39m[39m
  [32m✔ shared implementation methodology [90m(43.189831ms)[39m[39m
[32m✔ loader rejects invalid join, upstream-analysis, and methodology references [90m(652.671614ms)[39m[39m
▶ loader rejects invalid conditional-domain references
  [32m✔ unknown selector [90m(48.223071ms)[39m[39m
  [32m✔ selector value outside domain [90m(43.185371ms)[39m[39m
  [32m✔ reversed range [90m(52.768853ms)[39m[39m
[32m✔ loader rejects invalid conditional-domain references [90m(144.856969ms)[39m[39m
[32m✔ selector rejects malformed and unknown analysis identifiers [90m(51.820388ms)[39m[39m
[32m✔ WebMCP registers one read-only tool and executes the canonical retrieval engine [90m(58.47624ms)[39m[39m
[32m✔ WebMCP refuses registration without the browser surface [90m(0.671956ms)[39m[39m
[32m✔ browser execution modules contain no Node-only imports [90m(0.78312ms)[39m[39m
[34mℹ tests 105[39m
[34mℹ suites 0[39m
[34mℹ pass 105[39m
[34mℹ fail 0[39m
[34mℹ cancelled 0[39m
[34mℹ skipped 0[39m
[34mℹ todo 0[39m
[34mℹ duration_ms 3551.210799[39m
