✔ UTC day period ignores local timezone offset (1.875905ms)
✔ source overrides cannot exceed global caps (0.990067ms)
✔ two concurrent workers cannot both spend the last daily request (0.897205ms)
✔ two concurrent workers cannot both spend the last daily bytes (0.475903ms)
✔ cancellation releases only unused reservations (0.64572ms)
✔ UTC day boundary starts a new reservation period (0.396308ms)
✔ per-host concurrency cap is exclusive (1.33534ms)
✔ 429 Retry-After uses the exact delay and exhausted retries are incomplete (0.63878ms)
✔ timeout and 5xx follow harvest_page retry bounds (0.267774ms)
✔ credential, parser, schema and scientific ambiguity are not blindly retried (0.479023ms)
✔ resume report is idempotent and older generations cannot overwrite newer captures (1.074629ms)
✔ budget exhaustion produces an explicit incomplete run (1.504472ms)
✔ scheduler worker default export remains composition-disabled (0.384545ms)
ℹ tests 13
ℹ suites 0
ℹ pass 13
ℹ fail 0
ℹ cancelled 0
ℹ skipped 0
ℹ todo 0
ℹ duration_ms 92.536353
