TAP version 13
# Subtest: A1/L1 approved exact fixture descriptor and route produce a strict collection job
ok 1 - A1/L1 approved exact fixture descriptor and route produce a strict collection job
  ---
  duration_ms: 241.963003
  type: 'test'
  ...
# Subtest: A2 invalid identity, route, scope, extra fields and unapproved context block admission
ok 2 - A2 invalid identity, route, scope, extra fields and unapproved context block admission
  ---
  duration_ms: 9.406248
  type: 'test'
  ...
# Subtest: A3 canonical key ordering preserves identity; stale hashes block; approved revision changes identity
ok 3 - A3 canonical key ordering preserves identity; stale hashes block; approved revision changes identity
  ---
  duration_ms: 10.082404
  type: 'test'
  ...
# Subtest: A4 real, paused and activated foreign descriptors cannot enter the fixture lane
ok 4 - A4 real, paused and activated foreign descriptors cannot enter the fixture lane
  ---
  duration_ms: 7.841412
  type: 'test'
  ...
# Subtest: A5 repeated actual scheduler slots converge on one run and workflow outbox
ok 5 - A5 repeated actual scheduler slots converge on one run and workflow outbox
  ---
  duration_ms: 10.008062
  type: 'test'
  ...
# Subtest: A6 selections and reservations give child identities while rejecting duplicates and loose limits
ok 6 - A6 selections and reservations give child identities while rejecting duplicates and loose limits
  ---
  duration_ms: 10.19755
  type: 'test'
  ...
# Subtest: A2 correction: sparse selected arrays and hidden or accessor JSON fields never admit
ok 7 - A2 correction: sparse selected arrays and hidden or accessor JSON fields never admit
  ---
  duration_ms: 5.673552
  type: 'test'
  ...
# Subtest: C8 codec retains Maps, undefined and referenced bytes; unsupported types fail
ok 8 - C8 codec retains Maps, undefined and referenced bytes; unsupported types fail
  ---
  duration_ms: 2.916036
  type: 'test'
  ...
# Subtest: D1 actual collector composes two durable pages, strict receipts and selected fixture completion
ok 9 - D1 actual collector composes two durable pages, strict receipts and selected fixture completion
  ---
  duration_ms: 491.71808
  type: 'test'
  ...
# Subtest: D9 two writer processes exclude one another; SIGKILL releases the actual writer lock
ok 10 - D9 two writer processes exclude one another; SIGKILL releases the actual writer lock
  ---
  duration_ms: 315.655437
  type: 'test'
  ...
# Subtest: D8 object writes serialize accounting and close retains authority until in-flight sync finishes
ok 11 - D8 object writes serialize accounting and close retains authority until in-flight sync finishes
  ---
  duration_ms: 203.52253
  type: 'test'
  ...
# Subtest: D7/D8 replay rejects noncanonical records, wrong pins, missing objects and malformed value tags
ok 12 - D7/D8 replay rejects noncanonical records, wrong pins, missing objects and malformed value tags
  ---
  duration_ms: 92.820544
  type: 'test'
  ...
# Subtest: L4 bridge and capture guards independently enforce the exact compiled locator
ok 13 - L4 bridge and capture guards independently enforce the exact compiled locator
  ---
  duration_ms: 7.561967
  type: 'test'
  ...
# Subtest: L6 bridge cancellation fences a signal-ignoring completion and constructs null-body 304
ok 14 - L6 bridge cancellation fences a signal-ignoring completion and constructs null-body 304
  ---
  duration_ms: 17.791975
  type: 'test'
  ...
# Subtest: D2/C3 actual process death resumes one attempt without duplicate fixture delivery
ok 15 - D2/C3 actual process death resumes one attempt without duplicate fixture delivery
  ---
  duration_ms: 2027.135473
  type: 'test'
  ...
# Subtest: D3 actual process death resumes one attempt without duplicate fixture delivery
ok 16 - D3 actual process death resumes one attempt without duplicate fixture delivery
  ---
  duration_ms: 1925.717844
  type: 'test'
  ...
# Subtest: D4 response actual process death resumes one attempt without duplicate fixture delivery
ok 17 - D4 response actual process death resumes one attempt without duplicate fixture delivery
  ---
  duration_ms: 2059.737473
  type: 'test'
  ...
# Subtest: D4 object actual process death resumes one attempt without duplicate fixture delivery
ok 18 - D4 object actual process death resumes one attempt without duplicate fixture delivery
  ---
  duration_ms: 2242.256984
  type: 'test'
  ...
# Subtest: C4 reference actual process death resumes one attempt without duplicate fixture delivery
ok 19 - C4 reference actual process death resumes one attempt without duplicate fixture delivery
  ---
  duration_ms: 2151.322961
  type: 'test'
  ...
# Subtest: D6 seal actual process death resumes one attempt without duplicate fixture delivery
ok 20 - D6 seal actual process death resumes one attempt without duplicate fixture delivery
  ---
  duration_ms: 2114.302979
  type: 'test'
  ...
# Subtest: D6 final actual process death resumes one attempt without duplicate fixture delivery
ok 21 - D6 final actual process death resumes one attempt without duplicate fixture delivery
  ---
  duration_ms: 2023.067189
  type: 'test'
  ...
# Subtest: C6 parent actual process death resumes one attempt without duplicate fixture delivery
ok 22 - C6 parent actual process death resumes one attempt without duplicate fixture delivery
  ---
  duration_ms: 1945.928691
  type: 'test'
  ...
# Subtest: C6 lease actual process death resumes one attempt without duplicate fixture delivery
ok 23 - C6 lease actual process death resumes one attempt without duplicate fixture delivery
  ---
  duration_ms: 1877.388769
  type: 'test'
  ...
# Subtest: D5/C9/L5 unknown delivery is charged and terminal unresolved across fresh processes
ok 24 - D5/C9/L5 unknown delivery is charged and terminal unresolved across fresh processes
  ---
  duration_ms: 1698.937539
  type: 'test'
  ...
# Subtest: C7 aborted multi-call scheduler transaction has no journal record and poisons every client
ok 25 - C7 aborted multi-call scheduler transaction has no journal record and poisons every client
  ---
  duration_ms: 66.821767
  type: 'test'
  ...
# Subtest: C7/D8 scheduler disk failure blocks its fresh failure handler and all delivery
ok 26 - C7/D8 scheduler disk failure blocks its fresh failure handler and all delivery
  ---
  duration_ms: 79.900689
  type: 'test'
  ...
# Subtest: C5/L7 independent child repositories share one durable parent and keep selected outcomes separate
ok 27 - C5/L7 independent child repositories share one durable parent and keep selected outcomes separate
  ---
  duration_ms: 317.686948
  type: 'test'
  ...
# Subtest: D10/C10 actual collector 304 retains legacy limitation and prior capture provenance
ok 28 - D10/C10 actual collector 304 retains legacy limitation and prior capture provenance
  ---
  duration_ms: 284.270111
  type: 'test'
  ...
# Subtest: C1/D10 invalid UTF8, oversized response and missing selected evidence cannot commit a checkpoint
ok 29 - C1/D10 invalid UTF8, oversized response and missing selected evidence cannot commit a checkpoint
  ---
  duration_ms: 558.622217
  type: 'test'
  ...
# Subtest: L6 actual fixture collector deadline is terminal and rejects a late transport success
ok 30 - L6 actual fixture collector deadline is terminal and rejects a late transport success
  ---
  duration_ms: 167.337096
  type: 'test'
  ...
# Subtest: C8 actual existing-run Map survives fresh replay; rehashed Map-to-object tampering blocks
ok 31 - C8 actual existing-run Map survives fresh replay; rehashed Map-to-object tampering blocks
  ---
  duration_ms: 1344.640313
  type: 'test'
  ...
# Subtest: B1 store rejects path escapes and symlinks; unknown fixture fails before storage
ok 32 - B1 store rejects path escapes and symlinks; unknown fixture fails before storage
  ---
  duration_ms: 5.846146
  type: 'test'
  ...
# Subtest: B2 public and ingestion worker compositions remain disabled
ok 33 - B2 public and ingestion worker compositions remain disabled
  ---
  duration_ms: 29.058943
  type: 'test'
  ...
# Subtest: B3 journal rejects secret and inline-body fields and read-only status never observes an active writer
ok 34 - B3 journal rejects secret and inline-body fields and read-only status never observes an active writer
  ---
  duration_ms: 18.925239
  type: 'test'
  ...
# Subtest: D8 failed file/directory sync leaves only a verified prefix and poisons the writer
ok 35 - D8 failed file/directory sync leaves only a verified prefix and poisons the writer
  ---
  duration_ms: 43.422665
  type: 'test'
  ...
# Subtest: L5 durable reservation exhaustion retains its capture and never obtains another delivery on restart
ok 36 - L5 durable reservation exhaustion retains its capture and never obtains another delivery on restart
  ---
  duration_ms: 141.451061
  type: 'test'
  ...
# Subtest: D7/L7 canonically rehashed capture, wrapper, child and terminal tampering fails semantic replay
ok 37 - D7/L7 canonically rehashed capture, wrapper, child and terminal tampering fails semantic replay
  ---
  duration_ms: 1511.571935
  type: 'test'
  ...
# Subtest: C1 actual collector rejects bridge bytes that differ from the committed strict capture
ok 38 - C1 actual collector rejects bridge bytes that differ from the committed strict capture
  ---
  duration_ms: 136.66959
  type: 'test'
  ...
# Subtest: B1 CLI preview creates no files or requests and rejects unknown sources, routes and modes
ok 39 - B1 CLI preview creates no files or requests and rejects unknown sources, routes and modes
  ---
  duration_ms: 1118.214004
  type: 'test'
  ...
# Subtest: D1/B1 CLI displays selected, running, partial and complete fixture checkpoints
ok 40 - D1/B1 CLI displays selected, running, partial and complete fixture checkpoints
  ---
  duration_ms: 5292.815036
  type: 'test'
  ...
# Subtest: D5/C9 CLI preserves terminal unresolved status and gives a nonzero execution result
ok 41 - D5/C9 CLI preserves terminal unresolved status and gives a nonzero execution result
  ---
  duration_ms: 1670.890729
  type: 'test'
  ...
1..41
# tests 41
# suites 0
# pass 41
# fail 0
# cancelled 0
# skipped 0
# todo 0
# duration_ms 34290.412605
