✔ generation, proposal provenance and future capture-time substitutions fail closed (3.801121ms)
✔ Muse T02/T04/T06/T11: generic labels, missing links, empty domains and malformed pointers (0.891377ms)
✔ Muse T01: reordered nested claim values retain semantic equality (0.442362ms)
✔ publisher enumerations preserve codes and labels without inventing missing values (0.28801ms)
✔ CDC exact identity produces quoted dictionary evidence but never approves units or payload schema (0.580389ms)
✔ identity mismatch and malformed collections isolate one record without interrupting valid peers (1.327469ms)
✔ reporting frequency and generic row labels are not observation-grain evidence (0.365877ms)
✔ restricted assets retain contradictions without promoting related public products (0.42648ms)
✔ Census dictionaries require an exact identifier and publisher-linked endpoint (0.5795ms)
✔ Census query levels do not assert populated coverage and vintage is not an observation date (0.486875ms)
✔ tampered captures, record substitutions and unapproved approvals are rejected (0.47475ms)
✔ literal evidence cannot be relabelled as a different scientific assertion (0.741032ms)
✔ Census parent identity and linked endpoint are required during verification (1.07028ms)
✔ versioned CDC extraction preserves wire names separately from labels and replays evidence (4.949476ms)
✔ versioned Census extraction separates concept from definition and preserves escaped literal values (1.097612ms)
✔ dictionary-only rows retain a documented name without inventing a wire mapping (0.578633ms)
✔ versioned extraction defaults missing release context to an unresolved, non-promotable identity (0.238986ms)
✔ versioned verification requires a successful capture and retained raw bytes (0.427821ms)
✔ resolved versioned replay uses an independently supplied context and capture evidence (13.600985ms)
ℹ tests 19
ℹ suites 0
ℹ pass 19
ℹ fail 0
ℹ cancelled 0
ℹ skipped 0
ℹ todo 0
ℹ duration_ms 161.36443
