✔ tampered cached window rejected before reuse (56.51681ms)
✔ changed extractor cannot inherit resume checkpoint (45.601016ms)
✔ hash-consistent malformed page collection rejected (49.988462ms)
✔ cached physical-page mismatch rejected (46.144857ms)
✔ cached recheck atomically replaces checkpoint (49.178446ms)
✔ oversized source rejected before hashing (40.811078ms)
✔ centered variable owns only text inside its publisher row (3.514023ms)
✔ multipage repeated headers do not become variables (1.023133ms)
✔ unidentified continuation row stays unresolved, not appended (0.360776ms)
✔ duplicate identities across pages are isolated (0.369101ms)
✔ missing borders do not fall back to text proximity (0.241276ms)
✔ malformed peer page does not interrupt a valid page (0.230441ms)
✔ unsafe geometry and page limit reject explicitly (0.798445ms)
✔ multiline span is isolated instead of assigning two rows to one baseline (0.185405ms)
✔ legacy unqualified rectangle capture is rejected (0.245224ms)
✔ actual CMS centered rank definitions retain current/prior ownership (0.816919ms)
✔ actual CMS two-page ACO dictionary has 36 unique bounded rows (1.277977ms)
✔ CSV, XLSX, text-PDF and grid families select a parser from validated layout evidence (2.937566ms)
✔ unsupported and scanned documents remain residual, not payload success (0.294606ms)
✔ encrypted and ambiguous-layout documents are grouped as residual with explicit reasons (1.849352ms)
✔ mid-document PDF window resume loses no fields and duplicates none (1.054836ms)
✔ changed source bytes invalidate incompatible checkpoints (0.433704ms)
✔ coverage report groups parser defect, missing source, encrypted/scanned and ambiguous layout (1.574289ms)
✔ live fetch is forbidden in the parser-routing path (0.384967ms)
✔ hash identity is retained for coverage inputs (0.229641ms)
ℹ tests 25
ℹ suites 0
ℹ pass 25
ℹ fail 0
ℹ cancelled 0
ℹ skipped 0
ℹ todo 0
ℹ duration_ms 351.106672
