✔ UTC day period ignores local timezone offset (1.324965ms)
✔ source overrides cannot exceed global caps (0.813247ms)
✔ two concurrent workers cannot both spend the last daily request (0.674886ms)
✔ two concurrent workers cannot both spend the last daily bytes (0.356726ms)
✔ cancellation releases only unused reservations (0.445927ms)
✔ UTC day boundary starts a new reservation period (0.258218ms)
✔ per-host concurrency cap is exclusive (0.342709ms)
✔ 429 Retry-After uses the exact delay and exhausted retries are incomplete (0.645097ms)
✔ timeout and 5xx follow harvest_page retry bounds (0.277551ms)
✔ credential, parser, schema and scientific ambiguity are not blindly retried (0.337477ms)
✔ resume report is idempotent and older generations cannot overwrite newer captures (0.932572ms)
✔ budget exhaustion produces an explicit incomplete run (1.198978ms)
✔ scheduler worker default export remains composition-disabled (0.312394ms)
ℹ tests 13
ℹ suites 0
ℹ pass 13
ℹ fail 0
ℹ cancelled 0
ℹ skipped 0
ℹ todo 0
ℹ duration_ms 75.783543
