
> @ushso/verification-wp5-v1-1@1.1.0 test
> node --test tests/*.test.mjs

✔ each semantic input changes subject identity and an old receipt cannot approve it (3.967242ms)
✔ every current approval or activation overclaim is rejected (0.366953ms)
✔ inventory rejects traversal and ambiguous paths and uses byte-stable complete ordering (7.502263ms)
✔ all source inventory ceilings fail closed without silently dropping files (3.233953ms)
✔ source symlinks and special files are refused, including roots and ancestors (1.734472ms)
✔ pre-execution and post-execution repository drift are rejected (3.345767ms)
✔ loader accounts exact ESM, CJS and JSON byte representations and preserves loader results (4.63056ms)
✔ transformed, missing, unsupported-format and changing returned source are refused (5.419035ms)
✔ uncovered, outside, native, URL query and fragment module requests reject (2.961793ms)
✔ loaded dependencies require actual package metadata and exact matching lock identity (5.491864ms)
✔ unexplained nested dependency and bare-package symlink resolution reject (2.716125ms)
✔ loaded dependency bytes and package metadata are rechecked after execution (5.849188ms)
✔ module and package bounds include every actual loaded input (3.375965ms)
✔ fresh native child observes actual ESM, CommonJS and JSON with exact bytes (66.905233ms)
✔ native child deadlines, output bounds, failures and signals cannot become success (213.898471ms)
✔ native TAP requires complete named cases, nonzero counts and terminal counters (2.506889ms)
✔ newly discovered native nested test leaves remain mandatory and accounted (59.375126ms)
✔ historical content, pin edits, restamped PASS and origin changes are rejected (14.810839ms)
✔ missing and nonpositive or noninteger module limits reject before any module load (1.805521ms)
✔ deadline terminates task-owned descendants and drains inherited pipes within the bound (307.807098ms)
✔ each nested installed package has its own metadata and matching lock, while anonymous format scopes remain supported (6.830781ms)
✔ frozen WP5 files remain historical references without current approval (8.576811ms)
✔ all actual current connector controls execute on a newly measured unapproved subject (2985.179233ms)
ℹ tests 23
ℹ suites 0
ℹ pass 23
ℹ fail 0
ℹ cancelled 0
ℹ skipped 0
ℹ todo 0
ℹ duration_ms 3062.699665
