✔ production publication contract isolates four incompatible records from all 3,434 inputs (0.849614ms)
✔ production access and exclusion constraints only narrow the complete hospital result set (2130.854519ms)
✔ production public-use and ambiguous public-hospital queries are honest across every result (172.371768ms)
✔ production free-data queries only support records with documented no-fee evidence (86.927633ms)
✔ production essential-concept and named-source negatives cannot become documented matches (483.931807ms)
✔ one malformed record is isolated while valid results remain usable (29.375866ms)
▶ malformed nested collections are typed and isolated without interrupting a valid peer
  ✔ provenance (4.212773ms)
  ✔ evidence (2.37968ms)
  ✔ retrieval.instructions (2.480651ms)
✔ malformed nested collections are typed and isolated without interrupting a valid peer (9.770209ms)
✔ asset restrictions override references to separate public-use products (0.78506ms)
✔ structured asset restrictions override contradictory public-direct and public prose assertions (0.481032ms)
✔ malformed authoritative and retrieval URLs are isolated through the complete response contract (2.99124ms)
✔ HTTP source evidence remains searchable but never creates an inferred HTTPS navigation route (2.708922ms)
✔ state compatibility separates documented matches from national unknowns and excludes incompatibility (3.836791ms)
✔ cursor pagination traverses a generation without duplicates and facets cover every match (202.514537ms)
✔ cursor is pinned to generation, filters, sort, and page size (12.778798ms)
✔ named sources are direct records or explicit coverage gaps, never replaced by mentions (5.719212ms)
✔ public payload, exclusions, time uncertainty, and separate chronology remain explicit (13.63717ms)
✔ free-data intent requires documented no-fee evidence independently of public payload access (3.583698ms)
✔ reviewed classification negatives suppress known context collisions (6.487585ms)
✔ release and observation sorts use separate evidenced fields and unknowns sort last (6.108824ms)
✔ freshness clock and corrupted-text notice do not rewrite preserved evidence (4.130011ms)
✔ metadata dimensions never copy observation grain into population or reporting organization (2.617426ms)
✔ fixed reviewer-labeled relevance cases preserve essential concepts and named sources (74.370844ms)
✔ additive intent, search projection, and discovery response validate against published schemas (303.670663ms)
ℹ tests 26
ℹ suites 0
ℹ pass 26
ℹ fail 0
ℹ cancelled 0
ℹ skipped 0
ℹ todo 0
ℹ duration_ms 4331.738836
