{
  "format": "ushso.pr003.c003-3.pr-guidance-check.v1",
  "tool": "verification/research-program/pr-003/verify-pr-guidance.mjs",
  "ok": true,
  "checks": {
    "template_fields": true,
    "example_body_resolved": true,
    "package_registration": true,
    "test_glob_selection": true
  },
  "observations": {
    "template_fields_present": 14,
    "template_fields_total": 14,
    "template_guidance_present": 9,
    "template_guidance_total": 9,
    "template_review_states_present": 12,
    "template_review_states_total": 12,
    "example_fields_present": 14,
    "example_fields_total": 14,
    "example_placeholder_rules_hit": [],
    "test_research_program": "node --test tests/research-program/*.test.mjs",
    "root_test_chain": [
      "npm run test:retrieval",
      "npm run test:web",
      "npm run test:worker",
      "npm run test:research-program",
      "npm run test:evaluation",
      "npm run validate:evaluation",
      "npm run verify:research-navigator"
    ],
    "preserved_scripts_ok": 6,
    "preserved_scripts_total": 6,
    "selected_test_files": [
      "handoff.test.mjs"
    ]
  },
  "failures": [],
  "independent_review": {
    "status": "not_claimed",
    "detail": "Local package/guidance validation only. It is not an npm test end-to-end run and not independent verification."
  }
}
