✔ control: supported literal is accepted (1.532724ms)
✖ invented literal must not be accepted (0.866757ms)
✖ citation to wrong passage with invalid span must be rejected (0.599871ms)
✖ page-specific header and denominator must be preserved (1.524078ms)
ℹ tests 4
ℹ suites 0
ℹ pass 1
ℹ fail 3
ℹ cancelled 0
ℹ skipped 0
ℹ todo 0
ℹ duration_ms 30.911527

✖ failing tests:

test at ../../tmp/plumbob/ushso-pr12-review-20260914.test.mjs:9:1
✖ invented literal must not be accepted (0.866757ms)
  AssertionError [ERR_ASSERTION]: Expected "actual" to be strictly unequal to:
  
  'accepted'
      at TestContext.<anonymous> (file:///mnt/d/tmp/plumbob/ushso-pr12-review-20260914.test.mjs:9:60)
      at Test.runInAsyncScope (node:async_hooks:228:14)
      at Test.run (node:internal/test_runner/test:1118:25)
      at Test.processPendingSubtests (node:internal/test_runner/test:787:18)
      at Test.postRun (node:internal/test_runner/test:1247:19)
      at Test.run (node:internal/test_runner/test:1175:12)
      at async startSubtestAfterBootstrap (node:internal/test_runner/harness:358:3) {
    generatedMessage: true,
    code: 'ERR_ASSERTION',
    actual: 'accepted',
    expected: 'accepted',
    operator: 'notStrictEqual',
    diff: 'simple'
  }

test at ../../tmp/plumbob/ushso-pr12-review-20260914.test.mjs:10:1
✖ citation to wrong passage with invalid span must be rejected (0.599871ms)
  AssertionError [ERR_ASSERTION]: Expected values to be strictly equal:
  + actual - expected
  
  + 'accepted'
  - 'rejected'
  
      at TestContext.<anonymous> (file:///mnt/d/tmp/plumbob/ushso-pr12-review-20260914.test.mjs:10:83)
      at Test.runInAsyncScope (node:async_hooks:228:14)
      at Test.run (node:internal/test_runner/test:1118:25)
      at Test.processPendingSubtests (node:internal/test_runner/test:787:18)
      at Test.postRun (node:internal/test_runner/test:1247:19)
      at Test.run (node:internal/test_runner/test:1175:12)
      at async Test.processPendingSubtests (node:internal/test_runner/test:787:7) {
    generatedMessage: true,
    code: 'ERR_ASSERTION',
    actual: 'accepted',
    expected: 'rejected',
    operator: 'strictEqual',
    diff: 'simple'
  }

test at ../../tmp/plumbob/ushso-pr12-review-20260914.test.mjs:11:1
✖ page-specific header and denominator must be preserved (1.524078ms)
  AssertionError [ERR_ASSERTION]: Expected values to be strictly deep-equal:
  + actual - expected
  
    {
  +   denominator: 'Children',
  +   header: 'Child rate'
  -   denominator: 'Adults',
  -   header: 'Adult rate'
    }
  
      at TestContext.<anonymous> (file:///mnt/d/tmp/plumbob/ushso-pr12-review-20260914.test.mjs:13:9)
      at Test.runInAsyncScope (node:async_hooks:228:14)
      at Test.run (node:internal/test_runner/test:1118:25)
      at Test.processPendingSubtests (node:internal/test_runner/test:787:18)
      at Test.postRun (node:internal/test_runner/test:1247:19)
      at Test.run (node:internal/test_runner/test:1175:12)
      at async Test.processPendingSubtests (node:internal/test_runner/test:787:7) {
    generatedMessage: true,
    code: 'ERR_ASSERTION',
    actual: [Object],
    expected: [Object],
    operator: 'deepStrictEqual',
    diff: 'simple'
  }
