{
  "ok": true,
  "scope": "protected_local_candidate",
  "evidence_class": "fixture_only_local_integration",
  "public_enabled_routes": 0,
  "projected_public_fixture_records": 2,
  "sitemap_shards": 2,
  "dcat3_offline_conformance": "PASS",
  "artifact_seal_status": "PENDING_FINAL_RESEAL_TREE_NOT_CONFIRMED_FROZEN",
  "live_provisional_artifact_seal": {
    "algorithm": "sha256_of_ordered_path_and_file_sha256_rows",
    "excluded": [
      "verification/wp13/v1.0.0/receipts/candidate-validation.json"
    ],
    "file_count": 21,
    "digest": "sha256:0315b16541da5b8bba2ea182cdb458a5480d978291cfd7cd3cc8fdad1d337487"
  },
  "runtime_file_sha256": {
    "packages/web-discoverability/src/safety.mjs": "82c4ea6931b500db821238e272d8704e578955bb6f0926cf32716d08f5b0d4ef",
    "packages/web-discoverability/src/projection.mjs": "7020c6e9767c77828a266c56bbe51f744a0185947bf7593ffcbc7324a8e19227",
    "packages/web-discoverability/src/render.mjs": "9e7ba91ff37be30f5f60a7bcc4a9c3af4e273974a11b2ec574ff431b7855a80a",
    "packages/web-discoverability/src/service.mjs": "cd41617386c5151e3a67650f7f36f7f411cd64292c5308642c18934e12affe41",
    "worker/wp13-web-discoverability-candidate.mjs": "607f2fa80de7834961b99157fc8fbdb26943a2653727da37f4bf9a98a67e438e"
  }
}
✔ WP13 protected candidate receipt, seal, discoverability invariants, and activation boundary validate (99.661284ms)
ℹ tests 1
ℹ suites 0
ℹ pass 1
ℹ fail 0
ℹ cancelled 0
ℹ skipped 0
ℹ todo 0
ℹ duration_ms 176.712323
