✔ wire names are scoped by release, distribution, schema and field revision (17.846157ms)
✔ unresolved or non-exact contexts cannot mint a variable identifier (1.633695ms)
✔ identifier applicability and measurement unit absence remain distinct (0.743915ms)
✔ mapping states preserve literal alternatives and refuse punctuation-only aliasing (0.293067ms)
✔ strict v1.2 schema accepts literal encodings and rejects unauthorized promotion (137.684713ms)
✔ catalog context helper does not weaken exact endpoint invariants (1.204545ms)
✔ retained audit summary remains a discrepancy set, never an alias approval (1.000853ms)
✔ variable assertion and unit cross-field states remain strict (78.029291ms)
✔ retained HCRIS audit remains eleven unresolved literal discrepancies (2.635228ms)
✔ variable context resolution requires source/asset relationship evidence for released core shapes (0.910566ms)
✔ explicit unresolved field context cannot mint a stable field ID (0.220328ms)
✔ strict schema keeps unknown measurement units incomplete or unknown (72.909976ms)
✔ released core fixture requires accepted relationship evidence before variable resolution (1.726281ms)
ℹ tests 13
ℹ suites 0
ℹ pass 13
ℹ fail 0
ℹ cancelled 0
ℹ skipped 0
ℹ todo 0
ℹ duration_ms 437.892095
