✔ A1/L1 approved exact fixture descriptor and route produce a strict collection job (215.735847ms)
✔ A2 invalid identity, route, scope, extra fields and unapproved context block admission (7.717918ms)
✔ A3 canonical key ordering preserves identity; stale hashes block; approved revision changes identity (9.443833ms)
✔ A4 real, paused and activated foreign descriptors cannot enter the fixture lane (7.624091ms)
✔ A5 repeated actual scheduler slots converge on one run and workflow outbox (9.378443ms)
✔ A6 selections and reservations give child identities while rejecting duplicates and loose limits (8.655853ms)
✔ A2 correction: sparse selected arrays and hidden or accessor JSON fields never admit (5.982603ms)
✔ C8 codec retains Maps, undefined and referenced bytes; unsupported types fail (2.374863ms)
✔ D1 actual collector composes two durable pages, strict receipts and selected fixture completion (528.716144ms)
✔ D9 two writer processes exclude one another; SIGKILL releases the actual writer lock (374.311847ms)
✔ D8 object writes serialize accounting and close retains authority until in-flight sync finishes (237.232897ms)
✔ D7/D8 replay rejects noncanonical records, wrong pins, missing objects and malformed value tags (90.853943ms)
✔ L4 bridge and capture guards independently enforce the exact compiled locator (7.652521ms)
✔ L6 bridge cancellation fences a signal-ignoring completion and constructs null-body 304 (16.120606ms)
✔ D2/C3 actual process death resumes one attempt without duplicate fixture delivery (2058.417761ms)
✔ D3 actual process death resumes one attempt without duplicate fixture delivery (2241.916396ms)
✔ D4 response actual process death resumes one attempt without duplicate fixture delivery (1973.382926ms)
✔ D4 object actual process death resumes one attempt without duplicate fixture delivery (1982.630953ms)
✔ C4 reference actual process death resumes one attempt without duplicate fixture delivery (1887.905091ms)
✔ D6 seal actual process death resumes one attempt without duplicate fixture delivery (2014.351067ms)
✔ D6 final actual process death resumes one attempt without duplicate fixture delivery (1957.681391ms)
✔ C6 parent actual process death resumes one attempt without duplicate fixture delivery (1793.605872ms)
✔ C6 lease actual process death resumes one attempt without duplicate fixture delivery (1826.740994ms)
✔ D5/C9/L5 unknown delivery is charged and terminal unresolved across fresh processes (1700.783604ms)
✔ C7 aborted multi-call scheduler transaction has no journal record and poisons every client (81.527861ms)
✔ C7/D8 scheduler disk failure blocks its fresh failure handler and all delivery (88.201187ms)
✔ C5/L7 independent child repositories share one durable parent and keep selected outcomes separate (309.899956ms)
✔ D10/C10 actual collector 304 retains legacy limitation and prior capture provenance (286.502016ms)
✔ C1/D10 invalid UTF8, oversized response and missing selected evidence cannot commit a checkpoint (603.07062ms)
✔ L6 actual fixture collector deadline is terminal and rejects a late transport success (173.801119ms)
✔ C8 actual existing-run Map survives fresh replay; rehashed Map-to-object tampering blocks (1406.847822ms)
✔ B1 store rejects path escapes and symlinks; unknown fixture fails before storage (5.558155ms)
✔ B2 public and ingestion worker compositions remain disabled (21.203546ms)
✔ B3 journal rejects secret and inline-body fields and read-only status never observes an active writer (20.932762ms)
✔ D8 failed file/directory sync leaves only a verified prefix and poisons the writer (58.390931ms)
✔ L5 durable reservation exhaustion retains its capture and never obtains another delivery on restart (150.146574ms)
✔ D7/L7 canonically rehashed capture, wrapper, child and terminal tampering fails semantic replay (1304.689321ms)
✔ C1 actual collector rejects bridge bytes that differ from the committed strict capture (129.019171ms)
✔ B1 CLI preview creates no files or requests and rejects unknown sources, routes and modes (920.407092ms)
✔ D1/B1 CLI displays selected, running, partial and complete fixture checkpoints (4509.963504ms)
✔ D5/C9 CLI preserves terminal unresolved status and gives a nonzero execution result (1694.805205ms)
ℹ tests 41
ℹ suites 0
ℹ pass 41
ℹ fail 0
ℹ cancelled 0
ℹ skipped 0
ℹ todo 0
ℹ duration_ms 32861.13288
