✔ browser matrix records untested engines and does not claim physical devices (9.061675ms)
✔ HTML-only crawler sees catalog source facts without invented structured fields (6.859453ms)
✔ public sitemap includes Methods, guides, and eligible source pages (0.829736ms)
✔ health exposes the deterministic compiler boundary (28.481538ms)
✔ discover accepts bounded JSON and returns the canonical result contract (4.030686ms)
✔ discover rejects wrong methods, media types, invalid JSON, and invalid queries (2.888148ms)
✔ unknown API routes fail closed (0.394734ms)
✔ supports health HEAD and cross-origin API preflight (0.733367ms)
✔ catalog browsing and dataset dereferencing do not depend on a question (8.89527ms)
✔ versioned machine routes return strict toolkit envelopes without touching legacy routes (21.961652ms)
✔ serves machine files with their real types and gives unknown pages HTTP 404 (1.628616ms)
✔ HTML-only crawlers see catalog source facts on dataset URLs without a blank page (5.938676ms)
ℹ tests 12
ℹ suites 0
ℹ pass 12
ℹ fail 0
ℹ cancelled 0
ℹ skipped 0
ℹ todo 0
ℹ duration_ms 223.297902
