
> ushso@0.1.0 test:web
> npm test --workspace @ushso/observatory-web src/pages/LandingPage.test.tsx src/pages/SearchResultsPage.test.tsx src/pages/DatasetDetailsPage.test.tsx src/components/ObservatoryHeader.test.tsx src/components/ResultCard.test.ts src/pages/AboutPage.test.tsx src/pages/LearnPage.test.tsx src/pages/MethodsPage.test.tsx src/pages/ComparePage.test.tsx src/pages/WorkspacePage.test.tsx src/pages/PlanPage.test.tsx


> @ushso/observatory-web@0.1.0 test
> vitest run src/pages/LandingPage.test.tsx src/pages/SearchResultsPage.test.tsx src/pages/DatasetDetailsPage.test.tsx src/components/ObservatoryHeader.test.tsx src/components/ResultCard.test.ts src/pages/AboutPage.test.tsx src/pages/LearnPage.test.tsx src/pages/MethodsPage.test.tsx src/pages/ComparePage.test.tsx src/pages/WorkspacePage.test.tsx src/pages/PlanPage.test.tsx


 RUN  v4.1.11 /mnt/d/worktrees/plumbob/.ushso-research-program-20260910-worktrees/ushso-pr075-final-frontend-review-20260915/apps/web

 ✓ src/components/ObservatoryHeader.test.tsx (2 tests) 33ms
 ✓ src/pages/ComparePage.test.tsx (2 tests) 36ms
 ✓ src/pages/AboutPage.test.tsx (2 tests) 32ms
 ✓ src/pages/WorkspacePage.test.tsx (2 tests) 41ms
 ✓ src/pages/MethodsPage.test.tsx (4 tests) 61ms
 ✓ src/pages/LandingPage.test.tsx (1 test) 35ms
 ✓ src/pages/DatasetDetailsPage.test.tsx (8 tests) 59ms
 ✓ src/pages/LearnPage.test.tsx (1 test) 41ms
 ✓ src/components/ResultCard.test.ts (6 tests) 98ms
 ✓ src/pages/SearchResultsPage.test.tsx (6 tests) 302ms
 ✓ src/pages/PlanPage.test.tsx (4 tests) 164ms

 Test Files  11 passed (11)
      Tests  38 passed (38)
   Start at  04:04:28
   Duration  1.54s (transform 5.49s, setup 0ms, import 9.61s, tests 904ms, environment 2ms)

