✔ A1/L1 approved exact fixture descriptor and route produce a strict collection job (236.621677ms)
✔ A2 invalid identity, route, scope, extra fields and unapproved context block admission (9.205893ms)
✔ A3 canonical key ordering preserves identity; stale hashes block; approved revision changes identity (11.131863ms)
✔ A4 real, paused and activated foreign descriptors cannot enter the fixture lane (6.627756ms)
✔ A5 repeated actual scheduler slots converge on one run and workflow outbox (9.73344ms)
✔ A6 selections and reservations give child identities while rejecting duplicates and loose limits (10.644981ms)
✔ A2 correction: sparse selected arrays and hidden or accessor JSON fields never admit (4.929659ms)
✔ C8 codec retains Maps, undefined and referenced bytes; unsupported types fail (3.031151ms)
✔ D1 actual collector composes two durable pages, strict receipts and selected fixture completion (428.990643ms)
✔ D9 two writer processes exclude one another; SIGKILL releases the actual writer lock (291.336893ms)
✔ D8 object writes serialize accounting and close retains authority until in-flight sync finishes (187.937787ms)
✔ D7/D8 replay rejects noncanonical records, wrong pins, missing objects and malformed value tags (87.700787ms)
✔ L4 bridge and capture guards independently enforce the exact compiled locator (7.418897ms)
✔ L6 bridge cancellation fences a signal-ignoring completion and constructs null-body 304 (16.975577ms)
✔ D2/C3 actual process death resumes one attempt without duplicate fixture delivery (1881.717151ms)
✔ D3 actual process death resumes one attempt without duplicate fixture delivery (1929.028318ms)
✔ D4 response actual process death resumes one attempt without duplicate fixture delivery (1830.031831ms)
✔ D4 object actual process death resumes one attempt without duplicate fixture delivery (1835.328489ms)
✔ C4 reference actual process death resumes one attempt without duplicate fixture delivery (1917.146994ms)
✔ D6 seal actual process death resumes one attempt without duplicate fixture delivery (1886.135701ms)
✔ D6 final actual process death resumes one attempt without duplicate fixture delivery (1988.230791ms)
✔ C6 parent actual process death resumes one attempt without duplicate fixture delivery (1843.392915ms)
✔ C6 lease actual process death resumes one attempt without duplicate fixture delivery (1747.07643ms)
✔ D5/C9/L5 unknown delivery is charged and terminal unresolved across fresh processes (1624.964229ms)
✔ C7 aborted multi-call scheduler transaction has no journal record and poisons every client (63.795743ms)
✔ C7/D8 scheduler disk failure blocks its fresh failure handler and all delivery (87.20409ms)
✔ C5/L7 independent child repositories share one durable parent and keep selected outcomes separate (318.523793ms)
✔ D10/C10 actual collector 304 retains legacy limitation and prior capture provenance (290.817467ms)
✔ C1/D10 invalid UTF8, oversized response and missing selected evidence cannot commit a checkpoint (676.153376ms)
✔ L6 actual fixture collector deadline is terminal and rejects a late transport success (210.493985ms)
✔ C8 actual existing-run Map survives fresh replay; rehashed Map-to-object tampering blocks (1359.007111ms)
✔ B1 store rejects path escapes and symlinks; unknown fixture fails before storage (5.63882ms)
✔ B2 public and ingestion worker compositions remain disabled (28.189378ms)
✔ B3 journal rejects secret and inline-body fields and read-only status never observes an active writer (20.097242ms)
✔ D8 failed file/directory sync leaves only a verified prefix and poisons the writer (46.461559ms)
✔ L5 durable reservation exhaustion retains its capture and never obtains another delivery on restart (156.990941ms)
✔ D7/L7 canonically rehashed capture, wrapper, child and terminal tampering fails semantic replay (1545.279326ms)
✔ C1 actual collector rejects bridge bytes that differ from the committed strict capture (143.522243ms)
✔ B1 CLI preview creates no files or requests and rejects unknown sources, routes and modes (1012.855756ms)
✔ D1/B1 CLI displays selected, running, partial and complete fixture checkpoints (5119.048228ms)
✔ D5/C9 CLI preserves terminal unresolved status and gives a nonzero execution result (1659.923323ms)
ℹ tests 41
ℹ suites 0
ℹ pass 41
ℹ fail 0
ℹ cancelled 0
ℹ skipped 0
ℹ todo 0
ℹ duration_ms 32679.398681
