
> ushso@0.1.0 test:retrieval
> npm test --workspace @ushso/observatory-retrieval


> @ushso/observatory-retrieval@1.1.0 test
> node --test tests/*.test.mjs

[32m✔ pinned Toolkit catalog is byte-intact, strict, and exposes all fifteen analyses [90m(72.892197ms)[39m[39m
[32m✔ profiles, compatibility, semantic joins, and canonical join routes validate strictly [90m(101.875503ms)[39m[39m
[32m✔ one utilization source yields an honest four-of-five partial HHI card with a missing join [90m(58.80143ms)[39m[39m
[32m✔ two reviewed sources support HHI with exact compatibility and a documented canonical route [90m(45.559589ms)[39m[39m
[32m✔ logical join orientation accepts a correctly inverted stored route and enforces direction [90m(6.162809ms)[39m[39m
[32m✔ hospital routes require an explicitly declared hospital alternative [90m(3.68578ms)[39m[39m
[32m✔ semantic joins must bind a declared alternative to unambiguous endpoint discriminators [90m(1.998518ms)[39m[39m
[32m✔ multi-source properties remain missing without exact-set compatibility evidence [90m(2.800259ms)[39m[39m
[32m✔ candidate routes and unapproved period alignment fail closed [90m(11.112945ms)[39m[39m
[32m✔ a fully documented join path is not downgraded by an unused incompatible alternative [90m(3.822458ms)[39m[39m
[32m✔ value-kind, unit, and domain mismatches cannot count as covered inputs [90m(8.737395ms)[39m[39m
[32m✔ raw or fabricated requirements cannot override the opaque verified handle [90m(3.252356ms)[39m[39m
[32m✔ malformed or unresolved evidence is rejected before support can be claimed [90m(11.146661ms)[39m[39m
[32m✔ duplicate compatibility and join semantic keys are rejected [90m(1.140633ms)[39m[39m
[32m✔ disconnected contributing and unused extra sources cannot produce supported cards [90m(4.342846ms)[39m[39m
[32m✔ evidence changes alter both the evidence digest and Use Card identity [90m(8.656862ms)[39m[39m
[32m✔ compiler and recommendations are deterministic and match the immutable fixture [90m(59.218087ms)[39m[39m
[32m✔ partial recommendation pruning preserves better property and join readiness [90m(9.668659ms)[39m[39m
[32m✔ partial recommendation pruning does not prefer derived inputs over direct inputs [90m(3.789886ms)[39m[39m
[32m✔ Use Cards cannot contain calculation outputs [90m(39.988616ms)[39m[39m
[32m✔ requirement-bound validation rejects disconnected and physically reused supporting edges [90m(3.058318ms)[39m[39m
[32m✔ compiler enforces per-card, enumeration, and corpus source bounds [90m(1.085606ms)[39m[39m
[32m✔ strict compatibility successor validates the frozen record corpus without claiming historical recovery [90m(351.02876ms)[39m[39m
[32m✔ compatibility successor rejects an unknown nested property [90m(185.400245ms)[39m[39m
[32m✔ compatibility receipt does not claim historical recovery or digest equivalence [90m(2.469113ms)[39m[39m
[31m✖ compact lexical index preserves complete output: projected [90m(87.043368ms)[39m[39m
[31m✖ compact lexical index preserves complete output: on_demand [90m(28.440301ms)[39m[39m
[32m✔ production publication contract isolates four incompatible records from all 3,434 inputs [90m(1.03544ms)[39m[39m
[32m✔ production access and exclusion constraints only narrow the complete hospital result set [90m(1556.874816ms)[39m[39m
[32m✔ production public-use and ambiguous public-hospital queries are honest across every result [90m(135.354003ms)[39m[39m
[32m✔ production free-data queries only support records with documented no-fee evidence [90m(59.030201ms)[39m[39m
[32m✔ production essential-concept and named-source negatives cannot become documented matches [90m(284.322386ms)[39m[39m
[32m✔ one malformed record is isolated while valid results remain usable [90m(37.308163ms)[39m[39m
▶ malformed nested collections are typed and isolated without interrupting a valid peer
  [32m✔ provenance [90m(4.558608ms)[39m[39m
  [32m✔ evidence [90m(2.132146ms)[39m[39m
  [32m✔ retrieval.instructions [90m(2.660218ms)[39m[39m
[32m✔ malformed nested collections are typed and isolated without interrupting a valid peer [90m(10.161174ms)[39m[39m
[32m✔ asset restrictions override references to separate public-use products [90m(3.543967ms)[39m[39m
[32m✔ structured asset restrictions override contradictory public-direct and public prose assertions [90m(1.363529ms)[39m[39m
[32m✔ malformed authoritative and retrieval URLs are isolated through the complete response contract [90m(3.578433ms)[39m[39m
[32m✔ HTTP source evidence remains searchable but never creates an inferred HTTPS navigation route [90m(3.599992ms)[39m[39m
[32m✔ state compatibility separates documented matches from national unknowns and excludes incompatibility [90m(5.485912ms)[39m[39m
[32m✔ cursor pagination traverses a generation without duplicates and facets cover every match [90m(259.621228ms)[39m[39m
[32m✔ cursor is pinned to generation, filters, sort, and page size [90m(6.062439ms)[39m[39m
[32m✔ named sources are direct records or explicit coverage gaps, never replaced by mentions [90m(5.297697ms)[39m[39m
[32m✔ public payload, exclusions, time uncertainty, and separate chronology remain explicit [90m(12.198877ms)[39m[39m
[32m✔ free-data intent requires documented no-fee evidence independently of public payload access [90m(3.002828ms)[39m[39m
[32m✔ reviewed classification negatives suppress known context collisions [90m(5.701484ms)[39m[39m
[32m✔ release and observation sorts use separate evidenced fields and unknowns sort last [90m(5.011863ms)[39m[39m
[32m✔ freshness clock and corrupted-text notice do not rewrite preserved evidence [90m(4.205464ms)[39m[39m
[32m✔ metadata dimensions never copy observation grain into population or reporting organization [90m(2.436115ms)[39m[39m
[32m✔ fixed reviewer-labeled relevance cases preserve essential concepts and named sources [90m(61.373416ms)[39m[39m
[32m✔ additive intent, search projection, and discovery response validate against published schemas [90m(226.744796ms)[39m[39m
[32m✔ question interpretation resolves Pennsylvania without false Indiana match [90m(28.453371ms)[39m[39m
[32m✔ intent compilation is deterministic, offline, and reports unresolved dimensions [90m(22.22832ms)[39m[39m
[32m✔ search documents are non-authoritative, traceable projections [90m(1.232493ms)[39m[39m
[32m✔ uppercase postal abbreviation is resolved but common lowercase words are not [90m(3.494797ms)[39m[39m
[32m✔ public-only rural closure query excludes licensed AHA while retaining context sources [90m(9.897781ms)[39m[39m
[32m✔ default discovery retains relevant restricted sources with visible restrictions [90m(9.32082ms)[39m[39m
[32m✔ explicit join routes include normalized keys, fallbacks, and incompatibility objects [90m(7.998847ms)[39m[39m
[32m✔ retrieval is deterministic and zero results are not absence evidence [90m(15.799329ms)[39m[39m
[32m✔ inferred geography alone is not lexical relevance [90m(9.063371ms)[39m[39m
[32m✔ query and join-route guards fail closed [90m(1.13989ms)[39m[39m
[32m✔ v2 is deterministic, versioned, and explicitly development/validation scoped [90m(580.146466ms)[39m[39m
[32m✔ public retrieval excludes restricted projections and collapses exact source duplicates [90m(202.147534ms)[39m[39m
[32m✔ facility framing favors a bounded facility/status source [90m(215.799723ms)[39m[39m
[32m✔ v2 applies explicit grain and query-role safety constraints [90m(375.483752ms)[39m[39m
[32m✔ v2 keeps local-source and facility-role requests from emitting near-miss records [90m(441.53541ms)[39m[39m
[32m✔ v2 applies role-specific source families before ranking [90m(828.773271ms)[39m[39m
[32m✔ receipt roundtrip preserves generation, order, filters and later-page cursor [90m(90.127795ms)[39m[39m
[32m✔ malformed receipts cannot silently become new unpinned searches [90m(2.222094ms)[39m[39m
[32m✔ loader verifies the pinned bundle and exposes only cloned selections and metadata [90m(250.831804ms)[39m[39m
[32m✔ all accessors reject a frozen object fabricated with the public handle shape [90m(0.769921ms)[39m[39m
▶ loader rejects catalog byte-length and SHA-256 mismatches before parsing
  [32m✔ byte length [90m(65.822106ms)[39m[39m
  [32m✔ digest at the same byte length [90m(60.490636ms)[39m[39m
[32m✔ loader rejects catalog byte-length and SHA-256 mismatches before parsing [90m(127.045598ms)[39m[39m
[32m✔ loader verifies the exact pinned catalog-schema bytes [90m(53.725832ms)[39m[39m
▶ pin and catalog authorities remain fail-closed
  [32m✔ pin authority [90m(37.995289ms)[39m[39m
  [32m✔ catalog authority [90m(92.151302ms)[39m[39m
[32m✔ pin and catalog authorities remain fail-closed [90m(130.95164ms)[39m[39m
▶ loader rejects duplicate analysis and nested requirement identifiers
  [32m✔ analysis [90m(62.013964ms)[39m[39m
  [32m✔ input [90m(76.819605ms)[39m[39m
  [32m✔ property [90m(60.038617ms)[39m[39m
  [32m✔ join [90m(64.726834ms)[39m[39m
[32m✔ loader rejects duplicate analysis and nested requirement identifiers [90m(264.563413ms)[39m[39m
▶ loader rejects invalid join, upstream-analysis, and methodology references
  [32m✔ join input [90m(62.629206ms)[39m[39m
  [32m✔ incomplete join input set [90m(54.015969ms)[39m[39m
  [32m✔ unknown join entity [90m(47.0529ms)[39m[39m
  [32m✔ unknown join key [90m(49.349176ms)[39m[39m
  [32m✔ unsafe measure join key [90m(46.117516ms)[39m[39m
  [32m✔ overlapping key and endpoint discriminator [90m(51.113863ms)[39m[39m
  [32m✔ period endpoint discriminator [90m(63.404468ms)[39m[39m
  [32m✔ inverse semantic alternative duplicate [90m(62.081261ms)[39m[39m
  [32m✔ upstream analysis [90m(48.947692ms)[39m[39m
  [32m✔ methodology identifier [90m(50.039998ms)[39m[39m
  [32m✔ shared implementation methodology [90m(49.488596ms)[39m[39m
[32m✔ loader rejects invalid join, upstream-analysis, and methodology references [90m(586.206882ms)[39m[39m
▶ loader rejects invalid conditional-domain references
  [32m✔ unknown selector [90m(57.114212ms)[39m[39m
  [32m✔ selector value outside domain [90m(46.615963ms)[39m[39m
  [32m✔ reversed range [90m(45.908017ms)[39m[39m
[32m✔ loader rejects invalid conditional-domain references [90m(150.334937ms)[39m[39m
[32m✔ selector rejects malformed and unknown analysis identifiers [90m(48.538732ms)[39m[39m
[32m✔ WebMCP registers one read-only tool and executes the canonical retrieval engine [90m(54.143361ms)[39m[39m
[32m✔ WebMCP refuses registration without the browser surface [90m(1.261972ms)[39m[39m
[32m✔ browser execution modules contain no Node-only imports [90m(1.130025ms)[39m[39m
[34mℹ tests 105[39m
[34mℹ suites 0[39m
[34mℹ pass 103[39m
[34mℹ fail 2[39m
[34mℹ cancelled 0[39m
[34mℹ skipped 0[39m
[34mℹ todo 0[39m
[34mℹ duration_ms 3584.635887[39m

[31m✖ failing tests:[39m

test at tests/lexical-index.test.mjs:12:45
[31m✖ compact lexical index preserves complete output: projected [90m(87.043368ms)[39m[39m
  AssertionError [ERR_ASSERTION]: hospital canonical_relevance
  [32m+ actual[39m [31m- expected[39m
  ... Skipped lines
  
  [39m  {
  [39m    contract_version: 'observatory-discovery-result.v1.0.0',
  [39m    corpus: {
  [39m      corpus_id: 'lexical-parity',
  [39m      corpus_version: 'test',
  [34m...[39m
  [39m          freshness: {
  [32m+[39m           catalog_metadata_check: {
  [32m+[39m             at: '2026-08-29T17:22:23.065Z',
  [32m+[39m             scope: 'catalog_metadata',
  [32m+[39m             state: 'not_live_verified'
  [32m+[39m           },
  [32m+[39m           evaluated_at: '1970-01-01T00:00:00.000Z',
  [39m            failed_refresh_state: 'none_recorded',
  [39m            freshness_state: 'deadline_unknown',
  [39m            last_checked: '2026-08-29T17:22:23.065Z',
  [32m+[39m           last_successful_metadata_check: '2026-08-29T17:22:23.065Z',
  [32m+[39m           latest_attempt: {
  [32m+[39m             at: '2026-08-29T17:22:23.065Z',
  [32m+[39m             outcome: 'not_live_verified',
  [32m+[39m             scope: 'catalog_metadata'
  [32m+[39m           },
  [39m            next_review_due: null,
  [39m            note: 'No review deadline is documented; historical verification evidence is unchanged.',
  [32m+[39m           payload_check: {
  [32m+[39m             at: null,
  [32m+[39m             note: 'Catalog metadata observation is not a payload-access check.',
  [32m+[39m             scope: 'payload',
  [32m+[39m             state: 'not_attempted'
  [32m+[39m           },
  [32m+[39m           stale_status: 'not_stale',
  [39m            verification_status: 'not_live_verified'
  [39m          },
  [39m          geographic_compatibility: 'not_requested',
  [39m          named_source_role: 'not_applicable',
  [39m          observation_time_compatibility: 'not_requested',
  [34m...[39m
  [39m          freshness: {
  [32m+[39m           catalog_metadata_check: {
  [32m+[39m             at: '2026-08-29T17:22:23.065Z',
  [32m+[39m             scope: 'catalog_metadata',
  [32m+[39m             state: 'not_live_verified'
  [32m+[39m           },
  [32m+[39m           evaluated_at: '1970-01-01T00:00:00.000Z',
  [39m            failed_refresh_state: 'none_recorded',
  [39m            freshness_state: 'deadline_unknown',
  [39m            last_checked: '2026-08-29T17:22:23.065Z',
  [32m+[39m           last_successful_metadata_check: '2026-08-29T17:22:23.065Z',
  [32m+[39m           latest_attempt: {
  [32m+[39m             at: '2026-08-29T17:22:23.065Z',
  [32m+[39m             outcome: 'not_live_verified',
  [32m+[39m             scope: 'catalog_metadata'
  [32m+[39m           },
  [39m            next_review_due: null,
  [39m            note: 'No review deadline is documented; historical verification evidence is unchanged.',
  [32m+[39m           payload_check: {
  [32m+[39m             at: null,
  [32m+[39m             note: 'Catalog metadata observation is not a payload-access check.',
  [32m+[39m             scope: 'payload',
  [32m+[39m             state: 'not_attempted'
  [32m+[39m           },
  [32m+[39m           stale_status: 'not_stale',
  [39m            verification_status: 'not_live_verified'
  [39m          },
  [39m          geographic_compatibility: 'not_requested',
  [39m          named_source_role: 'not_applicable',
  [39m          observation_time_compatibility: 'not_requested',
  
      at TestContext.<anonymous> [90m(file:///mnt/d/worktrees/plumbob/.ushso-research-program-20260910-worktrees/ce-ushso-pr005-pr007-grok-2-grok-pr005-freshness-bc035ae77aee-88a2a621/packages/retrieval/[39mtests/lexical-index.test.mjs:16:148[90m)[39m
  [90m    at Test.runInAsyncScope (node:async_hooks:228:14)[39m
  [90m    at Test.run (node:internal/test_runner/test:1118:25)[39m
  [90m    at Test.start (node:internal/test_runner/test:1015:17)[39m
  [90m    at startSubtestAfterBootstrap (node:internal/test_runner/harness:358:17)[39m {
    generatedMessage: [33mfalse[39m,
    code: [32m'ERR_ASSERTION'[39m,
    actual: { contract_version: [32m'observatory-discovery-result.v1.0.0'[39m, retrieval_id: [32m'retrieval-7aa167d9131ee958'[39m, evidence_mode: [32m'published_offline_evidence'[39m, corpus: { corpus_id: [32m'lexical-parity'[39m, corpus_version: [32m'test'[39m, generation: [32m'lexical-parity@test'[39m, record_count: [33m6[39m, search_document_count: [33m6[39m, join_route_count: [33m0[39m }, query: { question: [32m'hospital'[39m, normalized_question: [32m'hospital'[39m, interpretation: [36m[Object][39m, filters: [36m[Object][39m }, ranking: { version: [32m'observatory-canonical-ranking.v1.2.0'[39m, sort: [32m'canonical_relevance'[39m, ordered_ids: [36m[Array][39m }, pagination: { generation: [32m'lexical-parity@test'[39m, cursor: [1mnull[22m, next_cursor: [1mnull[22m, has_more: [33mfalse[39m, page_size: [33m2[39m, total_matches: [33m2[39m }, facets: { count_basis: [32m'records'[39m, collection_scope: [32m'all_matching_records_before_pagination'[39m, approximate: [33mfalse[39m, sections: [36m[Array][39m }, sections: { supported: [36m[Array][39m, uncertain: [], contextual: [] }, named_source_resolution: [], partial_results: { is_partial: [33mfalse[39m, invalid_item_count: [33m0[39m, issues: [] }, receipt: { manifest_version: [32m'observatory-search-manifest.v1.0.0'[39m, scope: [32m'current_page'[39m, question: [32m'hospital'[39m, interpreted_constraints: [36m[Object][39m, filters: [36m[Object][39m, sort: [32m'canonical_relevance'[39m, displayed_ordered_ids: [36m[Array][39m, ranking_version: [32m'observatory-canonical-ranking.v1.2.0'[39m, catalog_generation: [32m'lexical-parity@test'[39m, generated_at: [32m'1970-01-01T00:00:00.000Z'[39m, citations: [36m[Array][39m, limitations: [36m[Array][39m }, result_count: [33m2[39m, returned_count: [33m2[39m, total_matches: [33m2[39m, has_more: [33mfalse[39m, results: [ [36m[Object][39m, [36m[Object][39m ], join_routes: [], warnings: [ [32m'No controlled subject concept matched; retrieval used explicit filters and bounded lexical matching only.'[39m, [32m'Results describe indexed metadata and retrieval routes; they do not prove current endpoint availability or authorize access.'[39m ] },
    expected: { contract_version: [32m'observatory-discovery-result.v1.0.0'[39m, retrieval_id: [32m'retrieval-7aa167d9131ee958'[39m, evidence_mode: [32m'published_offline_evidence'[39m, corpus: { corpus_id: [32m'lexical-parity'[39m, corpus_version: [32m'test'[39m, generation: [32m'lexical-parity@test'[39m, record_count: [33m6[39m, search_document_count: [33m6[39m, join_route_count: [33m0[39m }, query: { question: [32m'hospital'[39m, normalized_question: [32m'hospital'[39m, interpretation: [36m[Object][39m, filters: [36m[Object][39m }, ranking: { version: [32m'observatory-canonical-ranking.v1.2.0'[39m, sort: [32m'canonical_relevance'[39m, ordered_ids: [36m[Array][39m }, pagination: { generation: [32m'lexical-parity@test'[39m, cursor: [1mnull[22m, next_cursor: [1mnull[22m, has_more: [33mfalse[39m, page_size: [33m2[39m, total_matches: [33m2[39m }, facets: { count_basis: [32m'records'[39m, collection_scope: [32m'all_matching_records_before_pagination'[39m, approximate: [33mfalse[39m, sections: [36m[Array][39m }, sections: { supported: [36m[Array][39m, uncertain: [], contextual: [] }, named_source_resolution: [], partial_results: { is_partial: [33mfalse[39m, invalid_item_count: [33m0[39m, issues: [] }, receipt: { manifest_version: [32m'observatory-search-manifest.v1.0.0'[39m, scope: [32m'current_page'[39m, question: [32m'hospital'[39m, interpreted_constraints: [36m[Object][39m, filters: [36m[Object][39m, sort: [32m'canonical_relevance'[39m, displayed_ordered_ids: [36m[Array][39m, ranking_version: [32m'observatory-canonical-ranking.v1.2.0'[39m, catalog_generation: [32m'lexical-parity@test'[39m, generated_at: [32m'1970-01-01T00:00:00.000Z'[39m, citations: [36m[Array][39m, limitations: [36m[Array][39m }, result_count: [33m2[39m, returned_count: [33m2[39m, total_matches: [33m2[39m, has_more: [33mfalse[39m, results: [ [36m[Object][39m, [36m[Object][39m ], join_routes: [], warnings: [ [32m'No controlled subject concept matched; retrieval used explicit filters and bounded lexical matching only.'[39m, [32m'Results describe indexed metadata and retrieval routes; they do not prove current endpoint availability or authorize access.'[39m ] },
    operator: [32m'deepStrictEqual'[39m,
    diff: [32m'simple'[39m
  }

test at tests/lexical-index.test.mjs:12:45
[31m✖ compact lexical index preserves complete output: on_demand [90m(28.440301ms)[39m[39m
  AssertionError [ERR_ASSERTION]: hospital canonical_relevance
  [32m+ actual[39m [31m- expected[39m
  ... Skipped lines
  
  [39m  {
  [39m    contract_version: 'observatory-discovery-result.v1.0.0',
  [39m    corpus: {
  [39m      corpus_id: 'lexical-parity',
  [39m      corpus_version: 'test',
  [34m...[39m
  [39m          freshness: {
  [32m+[39m           catalog_metadata_check: {
  [32m+[39m             at: '2026-08-29T17:22:23.065Z',
  [32m+[39m             scope: 'catalog_metadata',
  [32m+[39m             state: 'not_live_verified'
  [32m+[39m           },
  [32m+[39m           evaluated_at: '1970-01-01T00:00:00.000Z',
  [39m            failed_refresh_state: 'none_recorded',
  [39m            freshness_state: 'deadline_unknown',
  [39m            last_checked: '2026-08-29T17:22:23.065Z',
  [32m+[39m           last_successful_metadata_check: '2026-08-29T17:22:23.065Z',
  [32m+[39m           latest_attempt: {
  [32m+[39m             at: '2026-08-29T17:22:23.065Z',
  [32m+[39m             outcome: 'not_live_verified',
  [32m+[39m             scope: 'catalog_metadata'
  [32m+[39m           },
  [39m            next_review_due: null,
  [39m            note: 'No review deadline is documented; historical verification evidence is unchanged.',
  [32m+[39m           payload_check: {
  [32m+[39m             at: null,
  [32m+[39m             note: 'Catalog metadata observation is not a payload-access check.',
  [32m+[39m             scope: 'payload',
  [32m+[39m             state: 'not_attempted'
  [32m+[39m           },
  [32m+[39m           stale_status: 'not_stale',
  [39m            verification_status: 'not_live_verified'
  [39m          },
  [39m          geographic_compatibility: 'not_requested',
  [39m          named_source_role: 'not_applicable',
  [39m          observation_time_compatibility: 'not_requested',
  [34m...[39m
  [39m          freshness: {
  [32m+[39m           catalog_metadata_check: {
  [32m+[39m             at: '2026-08-29T17:22:23.065Z',
  [32m+[39m             scope: 'catalog_metadata',
  [32m+[39m             state: 'not_live_verified'
  [32m+[39m           },
  [32m+[39m           evaluated_at: '1970-01-01T00:00:00.000Z',
  [39m            failed_refresh_state: 'none_recorded',
  [39m            freshness_state: 'deadline_unknown',
  [39m            last_checked: '2026-08-29T17:22:23.065Z',
  [32m+[39m           last_successful_metadata_check: '2026-08-29T17:22:23.065Z',
  [32m+[39m           latest_attempt: {
  [32m+[39m             at: '2026-08-29T17:22:23.065Z',
  [32m+[39m             outcome: 'not_live_verified',
  [32m+[39m             scope: 'catalog_metadata'
  [32m+[39m           },
  [39m            next_review_due: null,
  [39m            note: 'No review deadline is documented; historical verification evidence is unchanged.',
  [32m+[39m           payload_check: {
  [32m+[39m             at: null,
  [32m+[39m             note: 'Catalog metadata observation is not a payload-access check.',
  [32m+[39m             scope: 'payload',
  [32m+[39m             state: 'not_attempted'
  [32m+[39m           },
  [32m+[39m           stale_status: 'not_stale',
  [39m            verification_status: 'not_live_verified'
  [39m          },
  [39m          geographic_compatibility: 'not_requested',
  [39m          named_source_role: 'not_applicable',
  [39m          observation_time_compatibility: 'not_requested',
  
      at TestContext.<anonymous> [90m(file:///mnt/d/worktrees/plumbob/.ushso-research-program-20260910-worktrees/ce-ushso-pr005-pr007-grok-2-grok-pr005-freshness-bc035ae77aee-88a2a621/packages/retrieval/[39mtests/lexical-index.test.mjs:16:148[90m)[39m
  [90m    at Test.runInAsyncScope (node:async_hooks:228:14)[39m
  [90m    at Test.run (node:internal/test_runner/test:1118:25)[39m
  [90m    at Test.processPendingSubtests (node:internal/test_runner/test:787:18)[39m
  [90m    at Test.postRun (node:internal/test_runner/test:1247:19)[39m
  [90m    at Test.run (node:internal/test_runner/test:1175:12)[39m
  [90m    at async startSubtestAfterBootstrap (node:internal/test_runner/harness:358:3)[39m {
    generatedMessage: [33mfalse[39m,
    code: [32m'ERR_ASSERTION'[39m,
    actual: { contract_version: [32m'observatory-discovery-result.v1.0.0'[39m, retrieval_id: [32m'retrieval-7aa167d9131ee958'[39m, evidence_mode: [32m'published_offline_evidence'[39m, corpus: { corpus_id: [32m'lexical-parity'[39m, corpus_version: [32m'test'[39m, generation: [32m'lexical-parity@test'[39m, record_count: [33m6[39m, search_document_count: [33m6[39m, join_route_count: [33m0[39m }, query: { question: [32m'hospital'[39m, normalized_question: [32m'hospital'[39m, interpretation: [36m[Object][39m, filters: [36m[Object][39m }, ranking: { version: [32m'observatory-canonical-ranking.v1.2.0'[39m, sort: [32m'canonical_relevance'[39m, ordered_ids: [36m[Array][39m }, pagination: { generation: [32m'lexical-parity@test'[39m, cursor: [1mnull[22m, next_cursor: [1mnull[22m, has_more: [33mfalse[39m, page_size: [33m2[39m, total_matches: [33m2[39m }, facets: { count_basis: [32m'records'[39m, collection_scope: [32m'all_matching_records_before_pagination'[39m, approximate: [33mfalse[39m, sections: [36m[Array][39m }, sections: { supported: [36m[Array][39m, uncertain: [], contextual: [] }, named_source_resolution: [], partial_results: { is_partial: [33mfalse[39m, invalid_item_count: [33m0[39m, issues: [] }, receipt: { manifest_version: [32m'observatory-search-manifest.v1.0.0'[39m, scope: [32m'current_page'[39m, question: [32m'hospital'[39m, interpreted_constraints: [36m[Object][39m, filters: [36m[Object][39m, sort: [32m'canonical_relevance'[39m, displayed_ordered_ids: [36m[Array][39m, ranking_version: [32m'observatory-canonical-ranking.v1.2.0'[39m, catalog_generation: [32m'lexical-parity@test'[39m, generated_at: [32m'1970-01-01T00:00:00.000Z'[39m, citations: [36m[Array][39m, limitations: [36m[Array][39m }, result_count: [33m2[39m, returned_count: [33m2[39m, total_matches: [33m2[39m, has_more: [33mfalse[39m, results: [ [36m[Object][39m, [36m[Object][39m ], join_routes: [], warnings: [ [32m'No controlled subject concept matched; retrieval used explicit filters and bounded lexical matching only.'[39m, [32m'Results describe indexed metadata and retrieval routes; they do not prove current endpoint availability or authorize access.'[39m ] },
    expected: { contract_version: [32m'observatory-discovery-result.v1.0.0'[39m, retrieval_id: [32m'retrieval-7aa167d9131ee958'[39m, evidence_mode: [32m'published_offline_evidence'[39m, corpus: { corpus_id: [32m'lexical-parity'[39m, corpus_version: [32m'test'[39m, generation: [32m'lexical-parity@test'[39m, record_count: [33m6[39m, search_document_count: [33m6[39m, join_route_count: [33m0[39m }, query: { question: [32m'hospital'[39m, normalized_question: [32m'hospital'[39m, interpretation: [36m[Object][39m, filters: [36m[Object][39m }, ranking: { version: [32m'observatory-canonical-ranking.v1.2.0'[39m, sort: [32m'canonical_relevance'[39m, ordered_ids: [36m[Array][39m }, pagination: { generation: [32m'lexical-parity@test'[39m, cursor: [1mnull[22m, next_cursor: [1mnull[22m, has_more: [33mfalse[39m, page_size: [33m2[39m, total_matches: [33m2[39m }, facets: { count_basis: [32m'records'[39m, collection_scope: [32m'all_matching_records_before_pagination'[39m, approximate: [33mfalse[39m, sections: [36m[Array][39m }, sections: { supported: [36m[Array][39m, uncertain: [], contextual: [] }, named_source_resolution: [], partial_results: { is_partial: [33mfalse[39m, invalid_item_count: [33m0[39m, issues: [] }, receipt: { manifest_version: [32m'observatory-search-manifest.v1.0.0'[39m, scope: [32m'current_page'[39m, question: [32m'hospital'[39m, interpreted_constraints: [36m[Object][39m, filters: [36m[Object][39m, sort: [32m'canonical_relevance'[39m, displayed_ordered_ids: [36m[Array][39m, ranking_version: [32m'observatory-canonical-ranking.v1.2.0'[39m, catalog_generation: [32m'lexical-parity@test'[39m, generated_at: [32m'1970-01-01T00:00:00.000Z'[39m, citations: [36m[Array][39m, limitations: [36m[Array][39m }, result_count: [33m2[39m, returned_count: [33m2[39m, total_matches: [33m2[39m, has_more: [33mfalse[39m, results: [ [36m[Object][39m, [36m[Object][39m ], join_routes: [], warnings: [ [32m'No controlled subject concept matched; retrieval used explicit filters and bounded lexical matching only.'[39m, [32m'Results describe indexed metadata and retrieval routes; they do not prove current endpoint availability or authorize access.'[39m ] },
    operator: [32m'deepStrictEqual'[39m,
    diff: [32m'simple'[39m
  }
