TAP version 13
# Subtest: A1/L1 approved exact fixture descriptor and route produce a strict collection job
ok 1 - A1/L1 approved exact fixture descriptor and route produce a strict collection job
  ---
  duration_ms: 531.133495
  type: 'test'
  ...
# Subtest: A2 invalid identity, route, scope, extra fields and unapproved context block admission
ok 2 - A2 invalid identity, route, scope, extra fields and unapproved context block admission
  ---
  duration_ms: 18.272511
  type: 'test'
  ...
# Subtest: A3 canonical key ordering preserves identity; stale hashes block; approved revision changes identity
ok 3 - A3 canonical key ordering preserves identity; stale hashes block; approved revision changes identity
  ---
  duration_ms: 31.545856
  type: 'test'
  ...
# Subtest: A4 real, paused and activated foreign descriptors cannot enter the fixture lane
ok 4 - A4 real, paused and activated foreign descriptors cannot enter the fixture lane
  ---
  duration_ms: 11.235292
  type: 'test'
  ...
# Subtest: A5 repeated actual scheduler slots converge on one run and workflow outbox
ok 5 - A5 repeated actual scheduler slots converge on one run and workflow outbox
  ---
  duration_ms: 25.254411
  type: 'test'
  ...
# Subtest: A6 selections and reservations give child identities while rejecting duplicates and loose limits
ok 6 - A6 selections and reservations give child identities while rejecting duplicates and loose limits
  ---
  duration_ms: 30.842787
  type: 'test'
  ...
# Subtest: A2 correction: sparse selected arrays and hidden or accessor JSON fields never admit
ok 7 - A2 correction: sparse selected arrays and hidden or accessor JSON fields never admit
  ---
  duration_ms: 8.30313
  type: 'test'
  ...
# Subtest: C8 codec retains Maps, undefined and referenced bytes; unsupported types fail
ok 8 - C8 codec retains Maps, undefined and referenced bytes; unsupported types fail
  ---
  duration_ms: 7.626963
  type: 'test'
  ...
# Subtest: D1 actual collector composes two durable pages, strict receipts and selected fixture completion
ok 9 - D1 actual collector composes two durable pages, strict receipts and selected fixture completion
  ---
  duration_ms: 1153.773566
  type: 'test'
  ...
# Subtest: D9 two writer processes exclude one another; SIGKILL releases the actual writer lock
not ok 10 - D9 two writer processes exclude one another; SIGKILL releases the actual writer lock
  ---
  duration_ms: 199.579543
  type: 'test'
  location: '/mnt/d/worktrees/plumbob/.ushso-research-program-20260910-worktrees/ushso-pr010-local-jobs-20260912/tests/research-program/job-lifecycle.test.mjs:370:1'
  failureType: 'testCodeFailure'
  error: 'child exited 0'
  code: 'ERR_TEST_FAILURE'
  stack: |-
    ChildProcess.<anonymous> (file:///mnt/d/worktrees/plumbob/.ushso-research-program-20260910-worktrees/ushso-pr010-local-jobs-20260912/tests/research-program/job-lifecycle.test.mjs:361:16)
    Object.onceWrapper (node:events:633:26)
    ChildProcess.emit (node:events:518:28)
    ChildProcess._handle.onexit (node:internal/child_process:293:12)
  ...
# Subtest: D8 object writes serialize accounting and close retains authority until in-flight sync finishes
not ok 11 - D8 object writes serialize accounting and close retains authority until in-flight sync finishes
  ---
  duration_ms: 207.815055
  type: 'test'
  location: '/mnt/d/worktrees/plumbob/.ushso-research-program-20260910-worktrees/ushso-pr010-local-jobs-20260912/tests/research-program/job-lifecycle.test.mjs:387:1'
  failureType: 'testCodeFailure'
  error: 'child exited 2'
  code: 'ERR_TEST_FAILURE'
  stack: |-
    ChildProcess.<anonymous> (file:///mnt/d/worktrees/plumbob/.ushso-research-program-20260910-worktrees/ushso-pr010-local-jobs-20260912/tests/research-program/job-lifecycle.test.mjs:361:16)
    Object.onceWrapper (node:events:633:26)
    ChildProcess.emit (node:events:518:28)
    ChildProcess._handle.onexit (node:internal/child_process:293:12)
  ...
# Subtest: D7/D8 replay rejects noncanonical records, wrong pins, missing objects and malformed value tags
ok 12 - D7/D8 replay rejects noncanonical records, wrong pins, missing objects and malformed value tags
  ---
  duration_ms: 209.453468
  type: 'test'
  ...
# Subtest: L4 bridge and capture guards independently enforce the exact compiled locator
ok 13 - L4 bridge and capture guards independently enforce the exact compiled locator
  ---
  duration_ms: 11.323964
  type: 'test'
  ...
# Subtest: L6 bridge cancellation fences a signal-ignoring completion and constructs null-body 304
ok 14 - L6 bridge cancellation fences a signal-ignoring completion and constructs null-body 304
  ---
  duration_ms: 25.522265
  type: 'test'
  ...
# Subtest: D2/C3 actual process death resumes one attempt without duplicate fixture delivery
not ok 15 - D2/C3 actual process death resumes one attempt without duplicate fixture delivery
  ---
  duration_ms: 2403.652057
  type: 'test'
  location: '/mnt/d/worktrees/plumbob/.ushso-research-program-20260910-worktrees/ushso-pr010-local-jobs-20260912/tests/research-program/job-lifecycle.test.mjs:615:3'
  failureType: 'testCodeFailure'
  error: "Cannot read properties of null (reading 'outcome')"
  code: 'ERR_TEST_FAILURE'
  name: 'TypeError'
  stack: |-
    TestContext.<anonymous> (file:///mnt/d/worktrees/plumbob/.ushso-research-program-20260910-worktrees/ushso-pr010-local-jobs-20260912/tests/research-program/job-lifecycle.test.mjs:628:35)
    process.processTicksAndRejections (node:internal/process/task_queues:105:5)
    async Test.run (node:internal/test_runner/test:1054:7)
    async Test.processPendingSubtests (node:internal/test_runner/test:744:7)
  ...
# Subtest: D3 actual process death resumes one attempt without duplicate fixture delivery
not ok 16 - D3 actual process death resumes one attempt without duplicate fixture delivery
  ---
  duration_ms: 2149.424725
  type: 'test'
  location: '/mnt/d/worktrees/plumbob/.ushso-research-program-20260910-worktrees/ushso-pr010-local-jobs-20260912/tests/research-program/job-lifecycle.test.mjs:615:3'
  failureType: 'testCodeFailure'
  error: "Cannot read properties of null (reading 'outcome')"
  code: 'ERR_TEST_FAILURE'
  name: 'TypeError'
  stack: |-
    TestContext.<anonymous> (file:///mnt/d/worktrees/plumbob/.ushso-research-program-20260910-worktrees/ushso-pr010-local-jobs-20260912/tests/research-program/job-lifecycle.test.mjs:628:35)
    process.processTicksAndRejections (node:internal/process/task_queues:105:5)
    async Test.run (node:internal/test_runner/test:1054:7)
    async Test.processPendingSubtests (node:internal/test_runner/test:744:7)
  ...
# Subtest: D4 response actual process death resumes one attempt without duplicate fixture delivery
not ok 17 - D4 response actual process death resumes one attempt without duplicate fixture delivery
  ---
  duration_ms: 2383.028563
  type: 'test'
  location: '/mnt/d/worktrees/plumbob/.ushso-research-program-20260910-worktrees/ushso-pr010-local-jobs-20260912/tests/research-program/job-lifecycle.test.mjs:615:3'
  failureType: 'testCodeFailure'
  error: "Cannot read properties of null (reading 'outcome')"
  code: 'ERR_TEST_FAILURE'
  name: 'TypeError'
  stack: |-
    TestContext.<anonymous> (file:///mnt/d/worktrees/plumbob/.ushso-research-program-20260910-worktrees/ushso-pr010-local-jobs-20260912/tests/research-program/job-lifecycle.test.mjs:628:35)
    process.processTicksAndRejections (node:internal/process/task_queues:105:5)
    async Test.run (node:internal/test_runner/test:1054:7)
    async Test.processPendingSubtests (node:internal/test_runner/test:744:7)
  ...
# Subtest: D4 object actual process death resumes one attempt without duplicate fixture delivery
not ok 18 - D4 object actual process death resumes one attempt without duplicate fixture delivery
  ---
  duration_ms: 3185.350095
  type: 'test'
  location: '/mnt/d/worktrees/plumbob/.ushso-research-program-20260910-worktrees/ushso-pr010-local-jobs-20260912/tests/research-program/job-lifecycle.test.mjs:615:3'
  failureType: 'testCodeFailure'
  error: "Cannot read properties of null (reading 'outcome')"
  code: 'ERR_TEST_FAILURE'
  name: 'TypeError'
  stack: |-
    TestContext.<anonymous> (file:///mnt/d/worktrees/plumbob/.ushso-research-program-20260910-worktrees/ushso-pr010-local-jobs-20260912/tests/research-program/job-lifecycle.test.mjs:628:35)
    process.processTicksAndRejections (node:internal/process/task_queues:105:5)
    async Test.run (node:internal/test_runner/test:1054:7)
    async Test.processPendingSubtests (node:internal/test_runner/test:744:7)
  ...
# Subtest: C4 reference actual process death resumes one attempt without duplicate fixture delivery
not ok 19 - C4 reference actual process death resumes one attempt without duplicate fixture delivery
  ---
  duration_ms: 2549.755861
  type: 'test'
  location: '/mnt/d/worktrees/plumbob/.ushso-research-program-20260910-worktrees/ushso-pr010-local-jobs-20260912/tests/research-program/job-lifecycle.test.mjs:615:3'
  failureType: 'testCodeFailure'
  error: "Cannot read properties of null (reading 'outcome')"
  code: 'ERR_TEST_FAILURE'
  name: 'TypeError'
  stack: |-
    TestContext.<anonymous> (file:///mnt/d/worktrees/plumbob/.ushso-research-program-20260910-worktrees/ushso-pr010-local-jobs-20260912/tests/research-program/job-lifecycle.test.mjs:628:35)
    process.processTicksAndRejections (node:internal/process/task_queues:105:5)
    async Test.run (node:internal/test_runner/test:1054:7)
    async Test.processPendingSubtests (node:internal/test_runner/test:744:7)
  ...
# Subtest: D6 seal actual process death resumes one attempt without duplicate fixture delivery
not ok 20 - D6 seal actual process death resumes one attempt without duplicate fixture delivery
  ---
  duration_ms: 2395.333348
  type: 'test'
  location: '/mnt/d/worktrees/plumbob/.ushso-research-program-20260910-worktrees/ushso-pr010-local-jobs-20260912/tests/research-program/job-lifecycle.test.mjs:615:3'
  failureType: 'testCodeFailure'
  error: "Cannot read properties of null (reading 'outcome')"
  code: 'ERR_TEST_FAILURE'
  name: 'TypeError'
  stack: |-
    TestContext.<anonymous> (file:///mnt/d/worktrees/plumbob/.ushso-research-program-20260910-worktrees/ushso-pr010-local-jobs-20260912/tests/research-program/job-lifecycle.test.mjs:628:35)
    process.processTicksAndRejections (node:internal/process/task_queues:105:5)
    async Test.run (node:internal/test_runner/test:1054:7)
    async Test.processPendingSubtests (node:internal/test_runner/test:744:7)
  ...
# Subtest: D6 final actual process death resumes one attempt without duplicate fixture delivery
not ok 21 - D6 final actual process death resumes one attempt without duplicate fixture delivery
  ---
  duration_ms: 2780.025602
  type: 'test'
  location: '/mnt/d/worktrees/plumbob/.ushso-research-program-20260910-worktrees/ushso-pr010-local-jobs-20260912/tests/research-program/job-lifecycle.test.mjs:615:3'
  failureType: 'testCodeFailure'
  error: "Cannot read properties of null (reading 'outcome')"
  code: 'ERR_TEST_FAILURE'
  name: 'TypeError'
  stack: |-
    TestContext.<anonymous> (file:///mnt/d/worktrees/plumbob/.ushso-research-program-20260910-worktrees/ushso-pr010-local-jobs-20260912/tests/research-program/job-lifecycle.test.mjs:628:35)
    process.processTicksAndRejections (node:internal/process/task_queues:105:5)
    async Test.run (node:internal/test_runner/test:1054:7)
    async Test.processPendingSubtests (node:internal/test_runner/test:744:7)
  ...
# Subtest: C6 parent actual process death resumes one attempt without duplicate fixture delivery
not ok 22 - C6 parent actual process death resumes one attempt without duplicate fixture delivery
  ---
  duration_ms: 2474.137654
  type: 'test'
  location: '/mnt/d/worktrees/plumbob/.ushso-research-program-20260910-worktrees/ushso-pr010-local-jobs-20260912/tests/research-program/job-lifecycle.test.mjs:615:3'
  failureType: 'testCodeFailure'
  error: "Cannot read properties of null (reading 'outcome')"
  code: 'ERR_TEST_FAILURE'
  name: 'TypeError'
  stack: |-
    TestContext.<anonymous> (file:///mnt/d/worktrees/plumbob/.ushso-research-program-20260910-worktrees/ushso-pr010-local-jobs-20260912/tests/research-program/job-lifecycle.test.mjs:628:35)
    process.processTicksAndRejections (node:internal/process/task_queues:105:5)
    async Test.run (node:internal/test_runner/test:1054:7)
    async Test.processPendingSubtests (node:internal/test_runner/test:744:7)
  ...
# Subtest: C6 lease actual process death resumes one attempt without duplicate fixture delivery
not ok 23 - C6 lease actual process death resumes one attempt without duplicate fixture delivery
  ---
  duration_ms: 2034.511362
  type: 'test'
  location: '/mnt/d/worktrees/plumbob/.ushso-research-program-20260910-worktrees/ushso-pr010-local-jobs-20260912/tests/research-program/job-lifecycle.test.mjs:615:3'
  failureType: 'testCodeFailure'
  error: "Cannot read properties of null (reading 'outcome')"
  code: 'ERR_TEST_FAILURE'
  name: 'TypeError'
  stack: |-
    TestContext.<anonymous> (file:///mnt/d/worktrees/plumbob/.ushso-research-program-20260910-worktrees/ushso-pr010-local-jobs-20260912/tests/research-program/job-lifecycle.test.mjs:628:35)
    process.processTicksAndRejections (node:internal/process/task_queues:105:5)
    async Test.run (node:internal/test_runner/test:1054:7)
    async Test.processPendingSubtests (node:internal/test_runner/test:744:7)
  ...
# Subtest: D5/C9/L5 unknown delivery is charged and terminal unresolved across fresh processes
not ok 24 - D5/C9/L5 unknown delivery is charged and terminal unresolved across fresh processes
  ---
  duration_ms: 1996.086125
  type: 'test'
  location: '/mnt/d/worktrees/plumbob/.ushso-research-program-20260910-worktrees/ushso-pr010-local-jobs-20260912/tests/research-program/job-lifecycle.test.mjs:648:1'
  failureType: 'testCodeFailure'
  error: "Cannot read properties of null (reading 'outcome')"
  code: 'ERR_TEST_FAILURE'
  name: 'TypeError'
  stack: |-
    TestContext.<anonymous> (file:///mnt/d/worktrees/plumbob/.ushso-research-program-20260910-worktrees/ushso-pr010-local-jobs-20260912/tests/research-program/job-lifecycle.test.mjs:655:31)
    process.processTicksAndRejections (node:internal/process/task_queues:105:5)
    async Test.run (node:internal/test_runner/test:1054:7)
    async Test.processPendingSubtests (node:internal/test_runner/test:744:7)
  ...
# Subtest: C7 aborted multi-call scheduler transaction has no journal record and poisons every client
ok 25 - C7 aborted multi-call scheduler transaction has no journal record and poisons every client
  ---
  duration_ms: 133.452904
  type: 'test'
  ...
# Subtest: C7/D8 scheduler disk failure blocks its fresh failure handler and all delivery
ok 26 - C7/D8 scheduler disk failure blocks its fresh failure handler and all delivery
  ---
  duration_ms: 138.15425
  type: 'test'
  ...
# Subtest: C5/L7 independent child repositories share one durable parent and keep selected outcomes separate
ok 27 - C5/L7 independent child repositories share one durable parent and keep selected outcomes separate
  ---
  duration_ms: 561.731213
  type: 'test'
  ...
# Subtest: D10/C10 actual collector 304 retains legacy limitation and prior capture provenance
ok 28 - D10/C10 actual collector 304 retains legacy limitation and prior capture provenance
  ---
  duration_ms: 538.088936
  type: 'test'
  ...
# Subtest: C1/D10 invalid UTF8, oversized response and missing selected evidence cannot commit a checkpoint
ok 29 - C1/D10 invalid UTF8, oversized response and missing selected evidence cannot commit a checkpoint
  ---
  duration_ms: 1794.434137
  type: 'test'
  ...
# Subtest: L6 actual fixture collector deadline is terminal and rejects a late transport success
ok 30 - L6 actual fixture collector deadline is terminal and rejects a late transport success
  ---
  duration_ms: 225.408889
  type: 'test'
  ...
# Subtest: C8 actual existing-run Map survives fresh replay; rehashed Map-to-object tampering blocks
ok 31 - C8 actual existing-run Map survives fresh replay; rehashed Map-to-object tampering blocks
  ---
  duration_ms: 2495.775654
  type: 'test'
  ...
# Subtest: B1 store rejects path escapes and symlinks; unknown fixture fails before storage
ok 32 - B1 store rejects path escapes and symlinks; unknown fixture fails before storage
  ---
  duration_ms: 11.009317
  type: 'test'
  ...
# Subtest: B2 public and ingestion worker compositions remain disabled
ok 33 - B2 public and ingestion worker compositions remain disabled
  ---
  duration_ms: 53.888191
  type: 'test'
  ...
# Subtest: B3 journal rejects secret and inline-body fields and read-only status never observes an active writer
ok 34 - B3 journal rejects secret and inline-body fields and read-only status never observes an active writer
  ---
  duration_ms: 39.667979
  type: 'test'
  ...
# Subtest: D8 failed file/directory sync leaves only a verified prefix and poisons the writer
ok 35 - D8 failed file/directory sync leaves only a verified prefix and poisons the writer
  ---
  duration_ms: 127.223
  type: 'test'
  ...
# Subtest: L5 durable reservation exhaustion retains its capture and never obtains another delivery on restart
ok 36 - L5 durable reservation exhaustion retains its capture and never obtains another delivery on restart
  ---
  duration_ms: 331.296991
  type: 'test'
  ...
# Subtest: D7/L7 canonically rehashed capture, wrapper, child and terminal tampering fails semantic replay
ok 37 - D7/L7 canonically rehashed capture, wrapper, child and terminal tampering fails semantic replay
  ---
  duration_ms: 2569.860839
  type: 'test'
  ...
# Subtest: C1 actual collector rejects bridge bytes that differ from the committed strict capture
ok 38 - C1 actual collector rejects bridge bytes that differ from the committed strict capture
  ---
  duration_ms: 223.205855
  type: 'test'
  ...
# Subtest: B1 CLI preview creates no files or requests and rejects unknown sources, routes and modes
not ok 39 - B1 CLI preview creates no files or requests and rejects unknown sources, routes and modes
  ---
  duration_ms: 516.631657
  type: 'test'
  location: '/mnt/d/worktrees/plumbob/.ushso-research-program-20260910-worktrees/ushso-pr010-local-jobs-20260912/tests/research-program/job-lifecycle.test.mjs:1219:1'
  failureType: 'testCodeFailure'
  error: "Cannot read properties of null (reading 'status')"
  code: 'ERR_TEST_FAILURE'
  name: 'TypeError'
  stack: |-
    TestContext.<anonymous> (file:///mnt/d/worktrees/plumbob/.ushso-research-program-20260910-worktrees/ushso-pr010-local-jobs-20260912/tests/research-program/job-lifecycle.test.mjs:1226:31)
    process.processTicksAndRejections (node:internal/process/task_queues:105:5)
    async Test.run (node:internal/test_runner/test:1054:7)
    async Test.processPendingSubtests (node:internal/test_runner/test:744:7)
  ...
# Subtest: D1/B1 CLI displays selected, running, partial and complete fixture checkpoints
not ok 40 - D1/B1 CLI displays selected, running, partial and complete fixture checkpoints
  ---
  duration_ms: 864.279199
  type: 'test'
  location: '/mnt/d/worktrees/plumbob/.ushso-research-program-20260910-worktrees/ushso-pr010-local-jobs-20260912/tests/research-program/job-lifecycle.test.mjs:1245:1'
  failureType: 'testCodeFailure'
  error: "Cannot read properties of null (reading 'status')"
  code: 'ERR_TEST_FAILURE'
  name: 'TypeError'
  stack: |-
    TestContext.<anonymous> (file:///mnt/d/worktrees/plumbob/.ushso-research-program-20260910-worktrees/ushso-pr010-local-jobs-20260912/tests/research-program/job-lifecycle.test.mjs:1252:32)
    process.processTicksAndRejections (node:internal/process/task_queues:105:5)
    async Test.run (node:internal/test_runner/test:1054:7)
    async Test.processPendingSubtests (node:internal/test_runner/test:744:7)
  ...
# Subtest: D5/C9 CLI preserves terminal unresolved status and gives a nonzero execution result
not ok 41 - D5/C9 CLI preserves terminal unresolved status and gives a nonzero execution result
  ---
  duration_ms: 1942.707553
  type: 'test'
  location: '/mnt/d/worktrees/plumbob/.ushso-research-program-20260910-worktrees/ushso-pr010-local-jobs-20260912/tests/research-program/job-lifecycle.test.mjs:1290:1'
  failureType: 'testCodeFailure'
  error: "Cannot read properties of null (reading 'status')"
  code: 'ERR_TEST_FAILURE'
  name: 'TypeError'
  stack: |-
    TestContext.<anonymous> (file:///mnt/d/worktrees/plumbob/.ushso-research-program-20260910-worktrees/ushso-pr010-local-jobs-20260912/tests/research-program/job-lifecycle.test.mjs:1298:31)
    process.processTicksAndRejections (node:internal/process/task_queues:105:5)
    async Test.run (node:internal/test_runner/test:1054:7)
    async Test.processPendingSubtests (node:internal/test_runner/test:744:7)
  ...
1..41
# tests 41
# suites 0
# pass 26
# fail 15
# cancelled 0
# skipped 0
# todo 0
# duration_ms 39405.011958
