✔ generation, proposal provenance and future capture-time substitutions fail closed (3.61726ms)
✔ Muse T02/T04/T06/T11: generic labels, missing links, empty domains and malformed pointers (0.860882ms)
✔ Muse T01: reordered nested claim values retain semantic equality (0.39999ms)
✔ publisher enumerations preserve codes and labels without inventing missing values (0.296543ms)
✔ CDC exact identity produces quoted dictionary evidence but never approves units or payload schema (0.635513ms)
✔ identity mismatch and malformed collections isolate one record without interrupting valid peers (1.066539ms)
✔ reporting frequency and generic row labels are not observation-grain evidence (0.284461ms)
✔ restricted assets retain contradictions without promoting related public products (0.404664ms)
✔ Census dictionaries require an exact identifier and publisher-linked endpoint (0.575329ms)
✔ Census query levels do not assert populated coverage and vintage is not an observation date (0.478181ms)
✔ tampered captures, record substitutions and unapproved approvals are rejected (0.433564ms)
✔ literal evidence cannot be relabelled as a different scientific assertion (0.617264ms)
✔ Census parent identity and linked endpoint are required during verification (0.826673ms)
✔ versioned CDC extraction preserves wire names separately from labels and replays evidence (3.720309ms)
✔ versioned Census extraction separates concept from definition and preserves escaped literal values (0.762177ms)
✔ dictionary-only rows retain a documented name without inventing a wire mapping (0.436265ms)
✔ versioned extraction defaults missing release context to an unresolved, non-promotable identity (0.215548ms)
✔ versioned verification requires a successful capture and retained raw bytes (0.386112ms)
✔ resolved versioned replay uses an independently supplied context and capture evidence (12.3802ms)
✔ numeric-looking codebook identifiers remain strings and suppressed markers are not zero (1.73087ms)
✔ Census concepts stay concepts and identifiers accept not-applicable units (2.764799ms)
✔ a rate without a documented denominator remains incomplete (0.174664ms)
✔ a unit inferred only from a field name fails acceptance (0.216337ms)
✔ coverage totals reconcile and high-volume Census cannot hide missing CMS/CDC semantics (0.883873ms)
✔ no model is required for literal extraction and live fetch is forbidden (0.291672ms)
ℹ tests 25
ℹ suites 0
ℹ pass 25
ℹ fail 0
ℹ cancelled 0
ℹ skipped 0
ℹ todo 0
ℹ duration_ms 143.194177
