
 RUN  v4.1.11 /mnt/d/worktrees/plumbob/.ushso-research-program-20260910-worktrees/ushso-pr006-pr008-combined-20260911/apps/web

stdout | ../../../../../../tmp/plumbob/ushso-astra-corrections-review-20260912/web-boundary.test.ts > preserves previously supported browser alias data-category:topic-claims
{"case":"legacy-section-alias","section":"data-category","alias":"topic-claims","matching_helper_ids":["fixture:astra:boundary:0","fixture:astra:boundary:1"],"provider_ids":["fixture:astra:boundary:0","fixture:astra:boundary:1"]}

stdout | ../../../../../../tmp/plumbob/ushso-astra-corrections-review-20260912/web-boundary.test.ts > preserves previously supported browser alias reporting-unit:facility-period
{"case":"legacy-section-alias","section":"reporting-unit","alias":"facility-period","matching_helper_ids":["fixture:astra:boundary:0","fixture:astra:boundary:1"],"provider_ids":["fixture:astra:boundary:0","fixture:astra:boundary:1"]}

stdout | ../../../../../../tmp/plumbob/ushso-astra-corrections-review-20260912/web-boundary.test.ts > canonical receipt filters replay the records selected by browser token geography:pennsylvania
{"case":"legacy-receipt-replay","filter":"geography:pennsylvania","recorded_filters":{"geography":["US-PA"]},"actual_ids":["fixture:astra:boundary:0"],"replay_ids":["fixture:astra:boundary:0"]}

stdout | ../../../../../../tmp/plumbob/ushso-astra-corrections-review-20260912/web-boundary.test.ts > canonical receipt filters replay the records selected by browser token access:catalog-metadata-only
{"case":"legacy-receipt-replay","filter":"access:catalog-metadata-only","recorded_filters":{"access_status":["public_catalog"]},"actual_ids":["fixture:astra:boundary:0","fixture:astra:boundary:1"],"replay_ids":["fixture:astra:boundary:0","fixture:astra:boundary:1"]}

 ✓ ../../../../../../tmp/plumbob/ushso-astra-corrections-review-20260912/web-boundary.test.ts > preserves previously supported browser alias data-category:topic-claims 45ms
 ✓ ../../../../../../tmp/plumbob/ushso-astra-corrections-review-20260912/web-boundary.test.ts > preserves previously supported browser alias reporting-unit:facility-period 6ms
 ✓ ../../../../../../tmp/plumbob/ushso-astra-corrections-review-20260912/web-boundary.test.ts > canonical receipt filters replay the records selected by browser token geography:pennsylvania 7ms
 ✓ ../../../../../../tmp/plumbob/ushso-astra-corrections-review-20260912/web-boundary.test.ts > canonical receipt filters replay the records selected by browser token access:catalog-metadata-only 7ms
 ✓ ../../../../../../tmp/plumbob/ushso-astra-corrections-review-20260912/web-boundary.test.ts > canonical and traversal filters retain OR within a dimension and AND across dimensions 5ms
 ✓ ../../../../../../tmp/plumbob/ushso-astra-corrections-review-20260912/web-boundary.test.ts > canonical near-ID values remain exact for capability and unit queries 6ms
 ✓ ../../../../../../tmp/plumbob/ushso-astra-correction-followup-20260912/web-extra.test.ts > replays each exact wire ID selected through legacy normalization: data-category:topic-claims 28ms
 ✓ ../../../../../../tmp/plumbob/ushso-astra-correction-followup-20260912/web-extra.test.ts > replays each exact wire ID selected through legacy normalization: reporting-unit:facility-period 6ms
 ✓ ../../../../../../tmp/plumbob/ushso-astra-correction-followup-20260912/web-extra.test.ts > replays same-dimension canonical/legacy OR with cross-dimension AND 6ms
 ✓ ../../../../../../tmp/plumbob/ushso-astra-correction-followup-20260912/web-extra.test.ts > preserves and replays zero-result canonical near-misses 11ms
 ✓ ../../../../../../tmp/plumbob/ushso-astra-correction-followup-20260912/web-extra.test.ts > keeps a legacy filter replayable when another dimension yields no records 5ms
stdout | ../../../../../../tmp/plumbob/ushso-astra-review-e3af8dd-20260912/web-probes.test.ts > filtered fixture receipts bind the filters that produced their displayed records
{"case":"fixture-filter-receipt","query_filters":{"mode":"catalog_browse","facet_filters":{"geography":["US-PA"]}},"receipt_filters":{"question":"Browse published health systems data","geography":{"codes":[],"levels":[]},"subjects":[],"units_of_analysis":[],"access_statuses":[],"time_window":null,"limit":10,"page_size":10,"cursor":null,"generation":null,"sort":"canonical_relevance","facet_filters":{"geography":["US-PA"]},"exclusions":[]},"displayed_ids":["fixture:astra:0"]}

stdout | ../../../../../../tmp/plumbob/ushso-astra-review-e3af8dd-20260912/web-probes.test.ts > canonical query values have the same exact-match behavior as the engine
{"case":"canonical-query-alias","fixture_ids":[],"engine_ids":[]}

 ✓ ../../../../../../tmp/plumbob/ushso-astra-review-e3af8dd-20260912/web-probes.test.ts > filtered fixture receipts bind the filters that produced their displayed records 31ms
 ✓ ../../../../../../tmp/plumbob/ushso-astra-review-e3af8dd-20260912/web-probes.test.ts > canonical query values have the same exact-match behavior as the engine 5ms
 ✓ ../../../../../../tmp/plumbob/ushso-astra-review-e3af8dd-20260912/web-probes.test.ts > the canonical geography positive control returns the same IDs and counts 5ms

 Test Files  3 passed (3)
      Tests  14 passed (14)
   Start at  04:05:26
   Duration  1.11s (transform 438ms, setup 0ms, import 539ms, tests 176ms, environment 0ms)

JSON report written to /mnt/d/tmp/plumbob/ushso-epic-execution-20260912/final-decisive-review/web-results.json
