
[verify] verification/wp11/v1.3.0 :: test

> @ushso/wp11-verification-v1.3.0@1.3.0 test
> node --test tests/*.test.mjs

✔ candidate technical evidence passes while approval and release remain unclaimed (42.590491ms)
✔ stale file hash or missing dependency cannot validate (72.384861ms)
✔ technical evidence cannot smuggle approval (0.284391ms)
✔ behavioral probes fail a permissive URL implementation (5.394795ms)
ℹ tests 4
ℹ suites 0
ℹ pass 4
ℹ fail 0
ℹ cancelled 0
ℹ skipped 0
ℹ todo 0
ℹ duration_ms 219.962899

[verify] verification/wp11/v1.3.0 :: validate
{
  "schema_version": "ushso.wp11-v13-attestation.v1.0.0",
  "status": "PASS",
  "package_id": "@ushso/wp11-verification-v1.3.0@1.3.0",
  "wrapper_package_id": "@ushso/wp11-current-attestation-adapter-v1.3.0@1.3.0",
  "historical": {
    "package_id": "@ushso/wp11-verification-v1.3.0@1.3.0",
    "subject_sha256": "294d8b40bb5a2dbe1f55cdfde4a60205de75ee1ffe48e0108eae69aea2db0f98",
    "approval_status": "approved_original_subject_only",
    "receipt_status": "approved_scoped_attestation",
    "reviewer": {
      "id": "github:176340565",
      "role": "repository_owner"
    },
    "recorded_at": "2026-09-09T13:02:53Z",
    "evidence_sha256": "b77cf81e309d88b52bd1ed9502f39459697c0dffa16d0c87d2889c5d5ae59422",
    "source_commit": "30fa0c59ecd4d3d1dd1f56cd8422c6c470e45cb0",
    "files": {
      "approval": {
        "path": "verification/wp11/v1.3.0/approvals/approval.json",
        "bytes": 674,
        "sha256": "c571ce5183f7a384db60d7f23dd605bcd51545e7ac38347a7b0766c67372e3d1"
      },
      "evidence": {
        "path": "verification/wp11/v1.3.0/approvals/evidence.txt",
        "bytes": 764,
        "sha256": "b77cf81e309d88b52bd1ed9502f39459697c0dffa16d0c87d2889c5d5ae59422"
      },
      "receipt": {
        "path": "verification/wp11/v1.3.0/receipts/approved.json",
        "bytes": 32419,
        "sha256": "e596e1b18a0251f611990c9752e1d12fb36cd05dab16bf55cf96e8d1fc431f9d"
      }
    },
    "predecessor_manifest": {
      "path": "verification/wp11/v1.0.0/receipts/implementation-file-manifest.json",
      "bytes": 7068,
      "sha256": "d388972dca800318aa8ad31ddca2975c0eb3d2761fdb28e82aa7545cb76576aa"
    },
    "predecessor_receipt": {
      "path": "verification/wp11/v1.0.0/receipts/wp11-verification.json",
      "bytes": 6833,
      "sha256": "0e75b70dc65c3b05a324d34cbe55bb90d6a7f5b7f90bc810a0770a3a44dabf60"
    },
    "previous_successor": {
      "path": "verification/wp11/v1.2.0/receipts/approved.json",
      "bytes": 32420,
      "sha256": "6ff262f67687cf4166af21e7e2e2ba610158f765516e2d597b77670ac2c3a3f5",
      "package_id": "@ushso/wp11-verification-v1.2.0@1.2.0"
    },
    "input_bindings": {
      "status": "PASS",
      "source": "retained_historical_preimage_snapshot",
      "source_commit": "30fa0c59ecd4d3d1dd1f56cd8422c6c470e45cb0",
      "historical_file_count": 154,
      "total_bytes": 1347732,
      "unchanged_count": 154,
      "unique_blob_count": 154,
      "git_required": false,
      "execute_retained_sources": false,
      "receipt_sha256": "e596e1b18a0251f611990c9752e1d12fb36cd05dab16bf55cf96e8d1fc431f9d",
      "subject_sha256": "294d8b40bb5a2dbe1f55cdfde4a60205de75ee1ffe48e0108eae69aea2db0f98",
      "snapshot_dir": "verification/research-program/ci-attestation/wp11-v1.3.0/historical-preimage-snapshot",
      "inventory_path": "verification/research-program/ci-attestation/wp11-v1.3.0/historical-preimage-snapshot/inventory.json"
    }
  },
  "current": {
    "subject_kind": "wp11-technical-draft",
    "package_id": "@ushso/wp11-verification-v1.3.0@1.3.0",
    "subject_sha256": "fc960dcd3df041eaccd66d03ea0db3b92255c968d1985b84036c5e749326671c",
    "technical_status": "PASS",
    "status": "pending_authorized_review",
    "approval": null,
    "approval_status": "absent_for_current_subject",
    "release_gate_pass": false,
    "release_ready": false,
    "production_eligibility": false,
    "planner_runtime_status": "disabled",
    "file_count": 156
  },
  "wrapper": {
    "subject_kind": "wp11-current-attestation-adapter",
    "package_id": "@ushso/wp11-current-attestation-adapter-v1.3.0@1.3.0",
    "subject_sha256": "05e4430f04f849b46de23f6952babef0e63ce1f2a3441cce1e3af6ffcacf9021",
    "technical_status": "PASS",
    "status": "pending_authorized_review",
    "approval": null,
    "approval_status": "absent_for_current_subject",
    "release_gate_pass": false,
    "release_ready": false,
    "production_eligibility": false,
    "implementation_files": [
      {
        "path": "scripts/run-contract-suites.mjs",
        "bytes": 29025,
        "sha256": "3a13c51986e1cd90b530465d4e8fc30cc3763a86189d06930c4dbf6f65c5e261"
      },
      {
        "path": "scripts/verify-wp11-attestation.mjs",
        "bytes": 44237,
        "sha256": "8e8622fadb81c17ae545d5034f549ebe56a2bd4845144c1961412d4fe94220d6"
      },
      {
        "path": "tests/wp11-attestation.test.mjs",
        "bytes": 49118,
        "sha256": "8ea1b498beab7ab24689eebfdca3c89d01c2f1df1c8108e8003d10b4c7d6a549"
      },
      {
        "path": "verification/research-program/ci-attestation/wp11-v1.3.0/historical-preimage-reader.mjs",
        "bytes": 11287,
        "sha256": "09b946ce97065e08fb3082601363563eaffae04febc02ae63fc93d04e3b850a2"
      },
      {
        "path": "verification/research-program/ci-attestation/wp11-v1.3.0/historical-preimage-snapshot/inventory.json",
        "bytes": 41674,
        "sha256": "46fc584ae6b494ca562455968c14ba799970c45237479b7edadb74939cd1a000"
      },
      {
        "path": "verification/research-program/ci-attestation/wp11-v1.3.0/named-pre-pr005-fixture/manifest.json",
        "bytes": 985,
        "sha256": "3daf892e85452f4f289c02994769881047db090ea9acd822128ff279456de043"
      },
      {
        "path": "verification/research-program/ci-attestation/wp11-v1.3.0/named-pre-pr005-fixture/package-lock.json",
        "bytes": 134511,
        "sha256": "37e4a9ec1fba9ab254aa7a596e1a0e3f73919cf5358717dc6e06e0478be6b20c"
      },
      {
        "path": "verification/research-program/ci-attestation/wp11-v1.3.0/named-pre-pr005-fixture/package.json",
        "bytes": 3666,
        "sha256": "b6c3469c7b10ecb90114199c18c3ebb293d801b8c8a3521cb25ded2fdba8d05e"
      },
      {
        "path": "verification/research-program/ci-attestation/wp11-v1.3.0/policy.json",
        "bytes": 7871,
        "sha256": "7b73f8638b47b91089ac0e97dc525bbde9406551499e85b2ce126fbb490c0f17"
      },
      {
        "path": "verification/research-program/pr-086/pr008-lock-review-072241e/review.json",
        "bytes": 9360,
        "sha256": "a4d52b75b44f7d3340e8a91ad0dc4716ce4d513b84d18edf8b4ebca656e94b3a"
      }
    ],
    "historical_preimage_snapshot": {
      "path": "verification/research-program/ci-attestation/wp11-v1.3.0/historical-preimage-snapshot/inventory.json",
      "file_count": 154,
      "total_bytes": 1347732,
      "source_commit": "30fa0c59ecd4d3d1dd1f56cd8422c6c470e45cb0",
      "receipt_sha256": "e596e1b18a0251f611990c9752e1d12fb36cd05dab16bf55cf96e8d1fc431f9d",
      "execute_retained_sources": false
    },
    "historical_preimage_reader": {
      "path": "verification/research-program/ci-attestation/wp11-v1.3.0/historical-preimage-reader.mjs"
    }
  },
  "current_versus_historical": {
    "status": "PASS",
    "compared_file_count": 154,
    "changed_count": 21,
    "unchanged_count": 133,
    "changed": [
      {
        "path": "apps/web/src/components/FacetSidebar.tsx",
        "historical_bytes": 3052,
        "historical_sha256": "6f39c4e704b44b0a4b4de5af1fb0f3f27789beb33b172095b689c599c308160d",
        "historical_source": "retained_historical_preimage_snapshot",
        "current_bytes": 5362,
        "current_sha256": "840d3fb29a13a2bb7535b3fded97e20be5a305e97edd89014ac57c58da7da3b3",
        "current_source": "current_tree",
        "role": "current_unapproved_input_change"
      },
      {
        "path": "apps/web/src/components/ResultCard.test.ts",
        "historical_bytes": 2568,
        "historical_sha256": "16226fad7dbbb87f6ca90541fcb33366b4104d8f7324e1f2373cff8446afe06d",
        "historical_source": "retained_historical_preimage_snapshot",
        "current_bytes": 8136,
        "current_sha256": "f80476d8ba1a0343eaceae664b0f7aa1d4312105779b1c54cd5e2d91bbd85978",
        "current_source": "current_tree",
        "role": "current_unapproved_input_change"
      },
      {
        "path": "apps/web/src/components/ResultCard.tsx",
        "historical_bytes": 6243,
        "historical_sha256": "4f6c605c7e286162b494d177dceba01120d160a9205ba77588949eda87b9becb",
        "historical_source": "retained_historical_preimage_snapshot",
        "current_bytes": 6898,
        "current_sha256": "51f88f064f7605ae9225e457b357df2c3d609fe483de6f982758f0d786bec492",
        "current_source": "current_tree",
        "role": "current_unapproved_input_change"
      },
      {
        "path": "apps/web/src/data/facets.test.ts",
        "historical_bytes": 2749,
        "historical_sha256": "a54fd9fff164a131d3a6a0ceb25d846b25dad19e274352137062beb51e02dc5c",
        "historical_source": "retained_historical_preimage_snapshot",
        "current_bytes": 9931,
        "current_sha256": "136191e4959fcd0a286baf1b8e8cf6f3f61bf0e2128705c5fa0f4fb636d9e5b8",
        "current_source": "current_tree",
        "role": "current_unapproved_input_change"
      },
      {
        "path": "apps/web/src/data/facets.ts",
        "historical_bytes": 4045,
        "historical_sha256": "1faf3301244f4551a16f29ce383225483e4264270aca65d928591f475a9206c9",
        "historical_source": "retained_historical_preimage_snapshot",
        "current_bytes": 22393,
        "current_sha256": "b17367807d2a108c0370ce588c90b558aba2cf9c948fe0940d72afb91aaf127f",
        "current_source": "current_tree",
        "role": "current_unapproved_input_change"
      },
      {
        "path": "apps/web/src/lib/catalogAdapter.test.ts",
        "historical_bytes": 4737,
        "historical_sha256": "296231dce39268e55bc608dd492138adb65186a06e2819cf7a32538db31f267f",
        "historical_source": "retained_historical_preimage_snapshot",
        "current_bytes": 9499,
        "current_sha256": "6647d9ee262a1b9f771186915759a11c11e954fa6d3bec68b2dbde858dac4be2",
        "current_source": "current_tree",
        "role": "current_unapproved_input_change"
      },
      {
        "path": "apps/web/src/lib/catalogAdapter.ts",
        "historical_bytes": 14062,
        "historical_sha256": "6d5519bbb6a6d63e9cfc7ad5bdcb7c381cff6a23efd6c56a3be69ea4c3f36bda",
        "historical_source": "retained_historical_preimage_snapshot",
        "current_bytes": 16622,
        "current_sha256": "92e832e6ae452c1c4df6d55c51ea4421fae53c84cbd7e559fc50180d5ad2d095",
        "current_source": "current_tree",
        "role": "current_unapproved_input_change"
      },
      {
        "path": "apps/web/src/lib/researcherGuidance.test.tsx",
        "historical_bytes": 3977,
        "historical_sha256": "268aa7fee578fe98ce4dd8a787e03066a88c756a8a1e50f217edf23a9bfa2cf1",
        "historical_source": "retained_historical_preimage_snapshot",
        "current_bytes": 6447,
        "current_sha256": "4582c5b410ed4e44dd51095a6abcde4a7bfb992f2f5947169ee4736e70649f23",
        "current_source": "current_tree",
        "role": "current_unapproved_input_change"
      },
      {
        "path": "apps/web/src/lib/researcherGuidance.ts",
        "historical_bytes": 13063,
        "historical_sha256": "52b6964ed67bfc96f659c0bf2a071fefac7ffd847dd576ee3f13c95ae4a199fc",
        "historical_source": "retained_historical_preimage_snapshot",
        "current_bytes": 14865,
        "current_sha256": "bc8f67c850cdc64863e6be6b2fb6407c51f20b0448f4ee11db13762ca57748cb",
        "current_source": "current_tree",
        "role": "current_unapproved_input_change"
      },
      {
        "path": "apps/web/src/pages/DatasetDetailsPage.test.tsx",
        "historical_bytes": 1744,
        "historical_sha256": "ae4ba062d565fda31475e4e9733dcba97a4d4179430fe8710ac8846d1dc72b47",
        "historical_source": "retained_historical_preimage_snapshot",
        "current_bytes": 4738,
        "current_sha256": "d05682afa74270394f5a9b729921d906fc6ec6c5e58a742928f32f7d3eafcd72",
        "current_source": "current_tree",
        "role": "current_unapproved_input_change"
      },
      {
        "path": "apps/web/src/pages/DatasetDetailsPage.tsx",
        "historical_bytes": 25023,
        "historical_sha256": "856c41e52fe768ed2e9ecabf3401266f352d88f178a594f2abbb8bd97fad689b",
        "historical_source": "retained_historical_preimage_snapshot",
        "current_bytes": 25889,
        "current_sha256": "d9618ed05b2958158825501ac0266bb60219fe6ffda561b66a8ed910393281bd",
        "current_source": "current_tree",
        "role": "current_unapproved_input_change"
      },
      {
        "path": "apps/web/src/pages/SearchResultsPage.test.tsx",
        "historical_bytes": 5866,
        "historical_sha256": "e4c4ebb6181238289840e79a2e33407c537810ff0b46582360e5bab2787a2ab2",
        "historical_source": "retained_historical_preimage_snapshot",
        "current_bytes": 7102,
        "current_sha256": "998823e0d578e07140991750eddb6ae8268567291ede3e194df9d272322be4f1",
        "current_source": "current_tree",
        "role": "current_unapproved_input_change"
      },
      {
        "path": "apps/web/src/pages/SearchResultsPage.tsx",
        "historical_bytes": 17713,
        "historical_sha256": "e71521dbff99db96820b288d81df1b78ce2d4730b01a2f1c2103737c439f69e5",
        "historical_source": "retained_historical_preimage_snapshot",
        "current_bytes": 18064,
        "current_sha256": "33433ffd3906677fcca68d6c095528d1b0fbdd128ff6ed60d207e69a9b4febd9",
        "current_source": "current_tree",
        "role": "current_unapproved_input_change"
      },
      {
        "path": "apps/web/src/pages/SourcesPage.tsx",
        "historical_bytes": 8829,
        "historical_sha256": "eb9094380419a057c96cdd8858f369e3f1465ab37eda8aca1d1b12c860560419",
        "historical_source": "retained_historical_preimage_snapshot",
        "current_bytes": 9055,
        "current_sha256": "67309ad96fcfbb49045d6ef4584dee2b1910730a422528649fedd11fd0ceaef5",
        "current_source": "current_tree",
        "role": "current_unapproved_input_change"
      },
      {
        "path": "apps/web/src/providers/discoveryProvider.test.ts",
        "historical_bytes": 6112,
        "historical_sha256": "5c391acaa207299e9b671eaad7ffdccd734f1c2ed71165454a530ee90e0515c6",
        "historical_source": "retained_historical_preimage_snapshot",
        "current_bytes": 16320,
        "current_sha256": "b42c45bd57808561936e1b282ac9cccb59d3ce4a3d473c63a69c0d6a884f14c3",
        "current_source": "current_tree",
        "role": "current_unapproved_input_change"
      },
      {
        "path": "apps/web/src/providers/discoveryProvider.ts",
        "historical_bytes": 21158,
        "historical_sha256": "38690374192000cd547ed6c1dc7f387a92862455a8f5fe271e903d080656af38",
        "historical_source": "retained_historical_preimage_snapshot",
        "current_bytes": 25236,
        "current_sha256": "80d2142a482eac1baa05596dec26551e29e86db2d78bf85d138ca5eea8671022",
        "current_source": "current_tree",
        "role": "current_unapproved_input_change"
      },
      {
        "path": "apps/web/src/types/catalog.ts",
        "historical_bytes": 3331,
        "historical_sha256": "2682a2fe806949ea39b90b52d3b288ad91e92cfe0b9d3f58291b582741b3aee6",
        "historical_source": "retained_historical_preimage_snapshot",
        "current_bytes": 4041,
        "current_sha256": "b6f6fdc54df7e08e71fe35d73610e372b913bfb5028850c7df7acbff94714179",
        "current_source": "current_tree",
        "role": "current_unapproved_input_change"
      },
      {
        "path": "apps/web/src/types/discovery.ts",
        "historical_bytes": 13924,
        "historical_sha256": "53b84d32bf5d13f5fe207dba57f310a64ef20a99603c1ac92938d8738a50d246",
        "historical_source": "retained_historical_preimage_snapshot",
        "current_bytes": 14491,
        "current_sha256": "3d56804e6dc368a7688216e46c3309cadf9546a48e3e44e3098e12f682c2b01a",
        "current_source": "current_tree",
        "role": "current_unapproved_input_change"
      },
      {
        "path": "package-lock.json",
        "historical_bytes": 134190,
        "historical_sha256": "af2070ae111bc67c397b07e33b44c1fbd15bba31b63210990068943998e1bc28",
        "historical_source": "retained_historical_preimage_snapshot",
        "current_bytes": 134511,
        "current_sha256": "37e4a9ec1fba9ab254aa7a596e1a0e3f73919cf5358717dc6e06e0478be6b20c",
        "current_source": "current_tree",
        "role": "pr085_ci_v14_workspace_lock"
      },
      {
        "path": "package.json",
        "historical_bytes": 3555,
        "historical_sha256": "25874c7d9464210794bd7a1467b117ef5fc71808fdf5e34726ea65181744561c",
        "historical_source": "retained_historical_preimage_snapshot",
        "current_bytes": 3666,
        "current_sha256": "b6c3469c7b10ecb90114199c18c3ebb293d801b8c8a3521cb25ded2fdba8d05e",
        "current_source": "current_tree",
        "role": "reviewed_pr003_package_transition"
      },
      {
        "path": "packages/retrieval/tools/retrieval-core-v1.2.mjs",
        "historical_bytes": 41685,
        "historical_sha256": "5763d7687e7228d8dacdd098ed2b9a0e8e59995c0243c25719102926c2105306",
        "historical_source": "retained_historical_preimage_snapshot",
        "current_bytes": 48161,
        "current_sha256": "b42ef12b6efda9e10c02f8b8ef4589fb7c2bcfd1f77e38c321b15081c220d23a",
        "current_source": "current_tree",
        "role": "current_unapproved_input_change"
      }
    ],
    "approval": null,
    "current_approval_issued": false,
    "historical_approval_transferred": false,
    "combined_acceptance": false,
    "release_qualified": false
  },
  "builder_coverage_limits": {
    "historical_inventory_file_count": 154,
    "unpinned_legacy_builder_reads": [
      {
        "path": "worker/index.mjs",
        "in_sealed_inventory": false
      },
      {
        "path": "packages/coverage/accounting/v1.0.0/artifacts/public-coverage-view.json",
        "in_sealed_inventory": false
      },
      {
        "path": "verification/external-authorization/v1.0.0/register.json",
        "in_sealed_inventory": false
      },
      {
        "path": "packages/retrieval/corpus/records.jsonl",
        "in_sealed_inventory": false
      }
    ],
    "note": "The existing WP11 v1.3 technical builder reads these paths without listing them in technical_evidence.files. This assignment does not expand historical package scope, does not treat those reads as sealed historical pins, and does not imply full release qualification."
  },
  "boundaries": {
    "historical_approval_reused": false,
    "historical_receipt_overwritten": false,
    "historical_approval_applied_to_current_technical_subject": false,
    "historical_approval_applied_to_wrapper_subject": false,
    "current_approval_issued": false,
    "current_release_qualified": false,
    "production_authorized": false,
    "writes_approval_artifacts": false,
    "combined_acceptance": false
  }
}

Verified 1 package suites with live authoritative-source requests forbidden.
