
[verify] verification/wp11/v1.3.0 :: test

> @ushso/wp11-verification-v1.3.0@1.3.0 test
> node --test tests/*.test.mjs

✔ candidate technical evidence passes while approval and release remain unclaimed (40.440581ms)
✔ stale file hash or missing dependency cannot validate (74.894329ms)
✔ technical evidence cannot smuggle approval (0.267631ms)
✔ behavioral probes fail a permissive URL implementation (5.369854ms)
ℹ tests 4
ℹ suites 0
ℹ pass 4
ℹ fail 0
ℹ cancelled 0
ℹ skipped 0
ℹ todo 0
ℹ duration_ms 229.711756

[verify] verification/wp11/v1.3.0 :: validate
{
  "schema_version": "ushso.wp11-v13-attestation.v1.0.0",
  "status": "PASS",
  "package_id": "@ushso/wp11-verification-v1.3.0@1.3.0",
  "wrapper_package_id": "@ushso/wp11-current-attestation-adapter-v1.3.0@1.3.0",
  "historical": {
    "package_id": "@ushso/wp11-verification-v1.3.0@1.3.0",
    "subject_sha256": "294d8b40bb5a2dbe1f55cdfde4a60205de75ee1ffe48e0108eae69aea2db0f98",
    "approval_status": "approved_original_subject_only",
    "receipt_status": "approved_scoped_attestation",
    "reviewer": {
      "id": "github:176340565",
      "role": "repository_owner"
    },
    "recorded_at": "2026-09-09T13:02:53Z",
    "evidence_sha256": "b77cf81e309d88b52bd1ed9502f39459697c0dffa16d0c87d2889c5d5ae59422",
    "source_commit": "30fa0c59ecd4d3d1dd1f56cd8422c6c470e45cb0",
    "files": {
      "approval": {
        "path": "verification/wp11/v1.3.0/approvals/approval.json",
        "bytes": 674,
        "sha256": "c571ce5183f7a384db60d7f23dd605bcd51545e7ac38347a7b0766c67372e3d1"
      },
      "evidence": {
        "path": "verification/wp11/v1.3.0/approvals/evidence.txt",
        "bytes": 764,
        "sha256": "b77cf81e309d88b52bd1ed9502f39459697c0dffa16d0c87d2889c5d5ae59422"
      },
      "receipt": {
        "path": "verification/wp11/v1.3.0/receipts/approved.json",
        "bytes": 32419,
        "sha256": "e596e1b18a0251f611990c9752e1d12fb36cd05dab16bf55cf96e8d1fc431f9d"
      }
    },
    "predecessor_manifest": {
      "path": "verification/wp11/v1.0.0/receipts/implementation-file-manifest.json",
      "bytes": 7068,
      "sha256": "d388972dca800318aa8ad31ddca2975c0eb3d2761fdb28e82aa7545cb76576aa"
    },
    "predecessor_receipt": {
      "path": "verification/wp11/v1.0.0/receipts/wp11-verification.json",
      "bytes": 6833,
      "sha256": "0e75b70dc65c3b05a324d34cbe55bb90d6a7f5b7f90bc810a0770a3a44dabf60"
    },
    "previous_successor": {
      "path": "verification/wp11/v1.2.0/receipts/approved.json",
      "bytes": 32420,
      "sha256": "6ff262f67687cf4166af21e7e2e2ba610158f765516e2d597b77670ac2c3a3f5",
      "package_id": "@ushso/wp11-verification-v1.2.0@1.2.0"
    },
    "input_bindings": {
      "status": "PASS",
      "source": "retained_historical_preimage_snapshot",
      "source_commit": "30fa0c59ecd4d3d1dd1f56cd8422c6c470e45cb0",
      "historical_file_count": 154,
      "total_bytes": 1347732,
      "unchanged_count": 154,
      "unique_blob_count": 154,
      "git_required": false,
      "execute_retained_sources": false,
      "receipt_sha256": "e596e1b18a0251f611990c9752e1d12fb36cd05dab16bf55cf96e8d1fc431f9d",
      "subject_sha256": "294d8b40bb5a2dbe1f55cdfde4a60205de75ee1ffe48e0108eae69aea2db0f98",
      "snapshot_dir": "verification/research-program/ci-attestation/wp11-v1.3.0/historical-preimage-snapshot",
      "inventory_path": "verification/research-program/ci-attestation/wp11-v1.3.0/historical-preimage-snapshot/inventory.json"
    }
  },
  "current": {
    "subject_kind": "wp11-technical-draft",
    "package_id": "@ushso/wp11-verification-v1.3.0@1.3.0",
    "subject_sha256": "7e355d27a6deb558b6626c486472763a7cfd61239e054d16e13256162de3829f",
    "technical_status": "PASS",
    "status": "pending_authorized_review",
    "approval": null,
    "approval_status": "absent_for_current_subject",
    "release_gate_pass": false,
    "release_ready": false,
    "production_eligibility": false,
    "planner_runtime_status": "disabled",
    "file_count": 154
  },
  "wrapper": {
    "subject_kind": "wp11-current-attestation-adapter",
    "package_id": "@ushso/wp11-current-attestation-adapter-v1.3.0@1.3.0",
    "subject_sha256": "822c69777c46a237eefb7da3e299854b1562ec1ac726ef1c9fa37add2c2530eb",
    "technical_status": "PASS",
    "status": "pending_authorized_review",
    "approval": null,
    "approval_status": "absent_for_current_subject",
    "release_gate_pass": false,
    "release_ready": false,
    "production_eligibility": false,
    "implementation_files": [
      {
        "path": "scripts/run-contract-suites.mjs",
        "bytes": 29025,
        "sha256": "3a13c51986e1cd90b530465d4e8fc30cc3763a86189d06930c4dbf6f65c5e261"
      },
      {
        "path": "scripts/verify-wp11-attestation.mjs",
        "bytes": 33143,
        "sha256": "360bdf7b409374e6d85b493667c49e7fcea1022c9defbd56bcb1305cdd326db5"
      },
      {
        "path": "tests/wp11-attestation.test.mjs",
        "bytes": 39335,
        "sha256": "4a48478762c2ea6e3529b865f6cfba02db6f04a0cab5c05849bc66ac5b21bdc9"
      },
      {
        "path": "verification/research-program/ci-attestation/wp11-v1.3.0/historical-preimage-reader.mjs",
        "bytes": 11287,
        "sha256": "09b946ce97065e08fb3082601363563eaffae04febc02ae63fc93d04e3b850a2"
      },
      {
        "path": "verification/research-program/ci-attestation/wp11-v1.3.0/historical-preimage-snapshot/inventory.json",
        "bytes": 41674,
        "sha256": "46fc584ae6b494ca562455968c14ba799970c45237479b7edadb74939cd1a000"
      },
      {
        "path": "verification/research-program/ci-attestation/wp11-v1.3.0/policy.json",
        "bytes": 4861,
        "sha256": "9373939ec21f1e606164a30e4a2e1f55dcd147ec2b22290289b5feec6dcadee8"
      }
    ],
    "historical_preimage_snapshot": {
      "path": "verification/research-program/ci-attestation/wp11-v1.3.0/historical-preimage-snapshot/inventory.json",
      "file_count": 154,
      "total_bytes": 1347732,
      "source_commit": "30fa0c59ecd4d3d1dd1f56cd8422c6c470e45cb0",
      "receipt_sha256": "e596e1b18a0251f611990c9752e1d12fb36cd05dab16bf55cf96e8d1fc431f9d",
      "execute_retained_sources": false
    },
    "historical_preimage_reader": {
      "path": "verification/research-program/ci-attestation/wp11-v1.3.0/historical-preimage-reader.mjs"
    }
  },
  "current_versus_historical": {
    "status": "PASS",
    "compared_file_count": 154,
    "changed_count": 2,
    "unchanged_count": 152,
    "changed": [
      {
        "path": "package-lock.json",
        "historical_bytes": 134190,
        "historical_sha256": "af2070ae111bc67c397b07e33b44c1fbd15bba31b63210990068943998e1bc28",
        "historical_source": "retained_historical_preimage_snapshot",
        "current_bytes": 134511,
        "current_sha256": "37e4a9ec1fba9ab254aa7a596e1a0e3f73919cf5358717dc6e06e0478be6b20c",
        "current_source": "current_tree",
        "role": "pr085_ci_v14_workspace_lock"
      },
      {
        "path": "package.json",
        "historical_bytes": 3555,
        "historical_sha256": "25874c7d9464210794bd7a1467b117ef5fc71808fdf5e34726ea65181744561c",
        "historical_source": "retained_historical_preimage_snapshot",
        "current_bytes": 3666,
        "current_sha256": "b6c3469c7b10ecb90114199c18c3ebb293d801b8c8a3521cb25ded2fdba8d05e",
        "current_source": "current_tree",
        "role": "reviewed_pr003_package_transition"
      }
    ],
    "approval": null,
    "current_approval_issued": false,
    "historical_approval_transferred": false,
    "combined_acceptance": false,
    "release_qualified": false
  },
  "builder_coverage_limits": {
    "historical_inventory_file_count": 154,
    "unpinned_legacy_builder_reads": [
      {
        "path": "worker/index.mjs",
        "in_sealed_inventory": false
      },
      {
        "path": "packages/coverage/accounting/v1.0.0/artifacts/public-coverage-view.json",
        "in_sealed_inventory": false
      },
      {
        "path": "verification/external-authorization/v1.0.0/register.json",
        "in_sealed_inventory": false
      },
      {
        "path": "packages/retrieval/corpus/records.jsonl",
        "in_sealed_inventory": false
      }
    ],
    "note": "The existing WP11 v1.3 technical builder reads these paths without listing them in technical_evidence.files. This assignment does not expand historical package scope, does not treat those reads as sealed historical pins, and does not imply full release qualification."
  },
  "boundaries": {
    "historical_approval_reused": false,
    "historical_receipt_overwritten": false,
    "historical_approval_applied_to_current_technical_subject": false,
    "historical_approval_applied_to_wrapper_subject": false,
    "current_approval_issued": false,
    "current_release_qualified": false,
    "production_authorized": false,
    "writes_approval_artifacts": false,
    "combined_acceptance": false
  }
}

Verified 1 package suites with live authoritative-source requests forbidden.
