✔ A1/L1 approved exact fixture descriptor and route produce a strict collection job (227.669978ms)
✔ A2 invalid identity, route, scope, extra fields and unapproved context block admission (7.692306ms)
✔ A3 canonical key ordering preserves identity; stale hashes block; approved revision changes identity (11.819218ms)
✔ A4 real, paused and activated foreign descriptors cannot enter the fixture lane (6.517118ms)
✔ A5 repeated actual scheduler slots converge on one run and workflow outbox (7.314365ms)
✔ A6 selections and reservations give child identities while rejecting duplicates and loose limits (8.498357ms)
✔ A2 correction: sparse selected arrays and hidden or accessor JSON fields never admit (4.594352ms)
✔ C8 codec retains Maps, undefined and referenced bytes; unsupported types fail (2.100534ms)
✔ D9 two writer processes exclude one another; SIGKILL releases the actual writer lock (277.210038ms)
✔ D8 object writes serialize accounting and close retains authority until in-flight sync finishes (183.642916ms)
✔ D7/D8 replay rejects noncanonical records, wrong pins, missing objects and malformed value tags (87.504616ms)
✔ L4 bridge and capture guards independently enforce the exact compiled locator (30.749763ms)
✔ L6 bridge cancellation fences a signal-ignoring completion and constructs null-body 304 (16.383694ms)
✔ D5/C9/L5 unknown delivery is charged and terminal unresolved across fresh processes (1558.977918ms)
✔ C7 aborted multi-call scheduler transaction has no journal record and poisons every client (234.088811ms)
✔ C7/D8 scheduler disk failure blocks its fresh failure handler and all delivery (94.496712ms)
✔ L6 actual fixture collector deadline is terminal and rejects a late transport success (178.051583ms)
ℹ tests 17
ℹ suites 0
ℹ pass 17
ℹ fail 0
ℹ cancelled 0
ℹ skipped 0
ℹ todo 0
ℹ duration_ms 3074.983131
