[32m✔ access cache preserves ordinary, public, free, and restricted response semantics [90m(40.629001ms)[39m[39m
[32m✔ access metadata stays isolated from response, engine, and input mutation [90m(13.869826ms)[39m[39m
[32m✔ access metadata remains byte-stable across cursor continuation and browse output [90m(15.84765ms)[39m[39m
(node:837828) ExperimentalWarning: stripTypeScriptTypes is an experimental feature and might change at any time
(Use `node --trace-warnings ...` to show where the warning was created)
[32m✔ advertised schemas compile without network and validate all actual typed errors plus success [90m(576.328035ms)[39m[39m
[32m✔ missing advertised schema disguised by successful SPA HTML fails [90m(5.323164ms)[39m[39m
[32m✔ incorrect schema identity fails despite JSON and HTTP200 [90m(4.728525ms)[39m[39m
[32m✔ small body drains to completion [90m(61.577756ms)[39m[39m
[32m✔ over-limit body cancels after bounded bytes [90m(1.422755ms)[39m[39m
[32m✔ erroring body preserves early response path [90m(1.461145ms)[39m[39m
[32m✔ stalled body has bounded cleanup [90m(25.110207ms)[39m[39m
[32m✔ never-settling cancellation has bounded cleanup [90m(40.386267ms)[39m[39m
[32m✔ cancellation failure is swallowed [90m(0.762079ms)[39m[39m
[32m✔ bounded text accepts exact byte limit [90m(2.515596ms)[39m[39m
[32m✔ bounded text maps over-limit body [90m(1.577435ms)[39m[39m
[32m✔ bounded text maps stream failure [90m(0.693628ms)[39m[39m
[32m✔ bounded text maps stalled read [90m(25.412468ms)[39m[39m
[32m✔ current CI v1.4 verifier keeps historical proof separate from pending current draft [90m(192.518953ms)[39m[39m
[32m✔ historical v1.3 proof fails closed for missing and altered immutable bytes [90m(23.039063ms)[39m[39m
[32m✔ historical proof accepts only the reviewed PR-003 input transition [90m(52.825072ms)[39m[39m
[32m✔ reviewed PR-003 input transition is atomic across both root files [90m(32.90688ms)[39m[39m
[32m✔ current technical failure cannot be represented as a pending draft [90m(0.597763ms)[39m[39m
[32m✔ only exact CI v1.4 validate descriptor selects the current route [90m(0.318723ms)[39m[39m

[verify] verification/testing/ci/v1.4.0 :: test

> @ushso/ci-verification-successor-v1-4@1.4.0 test
> node --test tests/*.test.mjs

✔ v1.4 inventory retains structural discovery and locked workspace invariants (89.969292ms)
✔ root chain accepts the exact PR-003 extension and rejects structural drift (1.055713ms)
✔ version and hash drift are refused without editing stored evidence (2.045464ms)
✔ missing workspace inventory fails lock consistency (3.512104ms)
✔ predecessor remains byte-identical and v1.4 evidence stays unapproved (85.711137ms)
ℹ tests 5
ℹ suites 0
ℹ pass 5
ℹ fail 0
ℹ cancelled 0
ℹ skipped 0
ℹ todo 0
ℹ duration_ms 265.204884

[verify] verification/testing/ci/v1.4.0 :: validate
{
  "schema_version": "ushso.ci-v14-attestation.v1.0.0",
  "status": "PASS",
  "package_id": "@ushso/ci-verification-successor-v1-4@1.4.0",
  "historical": {
    "package_id": "@ushso/ci-verification-successor-v1-3@1.3.0",
    "subject_sha256": "11b8c7269bf293e67690d713a9e9748b977fb3197f039cb9966e5647d05d2ccb",
    "approval_status": "approved_original_subject_only",
    "receipt_status": "approved_scoped_attestation",
    "reviewer": {
      "id": "github:176340565",
      "role": "repository_owner"
    },
    "recorded_at": "2026-09-09T13:02:53Z",
    "evidence_sha256": "a66da67cfee5c1dc4515aef9464afc222938ce27d3bc169da4393c211e8faa5e",
    "source_commit": "30fa0c59ecd4d3d1dd1f56cd8422c6c470e45cb0",
    "files": {
      "approval": {
        "path": "verification/testing/ci/v1.3.0/approvals/approval.json",
        "bytes": 686,
        "sha256": "315d0aa83399238b8e127ca3affae9e4d409fb7834e6c3d3aba6434b41b07ae0"
      },
      "evidence": {
        "path": "verification/testing/ci/v1.3.0/approvals/evidence.txt",
        "bytes": 770,
        "sha256": "a66da67cfee5c1dc4515aef9464afc222938ce27d3bc169da4393c211e8faa5e"
      },
      "receipt": {
        "path": "verification/testing/ci/v1.3.0/receipts/approved.json",
        "bytes": 32976,
        "sha256": "8013e0b4700d781a365540e046cd6ac15c8eb1999aca956b30c73591ad648d4b"
      }
    },
    "predecessor": {
      "path": "verification/testing/ci/v1.0.0/receipts/ci-integration.json",
      "bytes": 24148,
      "sha256": "6e27725cf531e1ced3d546503176af8ae4157366e97594c49ca5c9d2c18215cd"
    },
    "previous_successor": {
      "path": "verification/testing/ci/v1.2.0/receipts/approved.json",
      "bytes": 32440,
      "sha256": "d5f7b2d29cb6790a4b390f62a988746d8a9de6b36642c9d793179178f7d938e2"
    },
    "input_bindings": {
      "status": "PASS",
      "source_commit": "30fa0c59ecd4d3d1dd1f56cd8422c6c470e45cb0",
      "allowed_current_drift": [
        "package-lock.json",
        "scripts/run-contract-suites.mjs"
      ],
      "reviewed_current_inputs": [
        {
          "path": "package.json",
          "role": "root-package",
          "source_commit": "bf46d92b0e4fc91457bd3eb78aa1742ae84038f2",
          "historical_bytes": 3555,
          "historical_sha256": "25874c7d9464210794bd7a1467b117ef5fc71808fdf5e34726ea65181744561c",
          "current_bytes": 3666,
          "current_sha256": "b6c3469c7b10ecb90114199c18c3ebb293d801b8c8a3521cb25ded2fdba8d05e"
        },
        {
          "path": "tests/contract-package-inventory.test.mjs",
          "role": "root-inventory-test",
          "source_commit": "bf46d92b0e4fc91457bd3eb78aa1742ae84038f2",
          "historical_bytes": 7809,
          "historical_sha256": "2bdf766d6c69875160330d8bdf44fbd8d21bbfec43a9b7671c9d233e3ddc4bfa",
          "current_bytes": 7842,
          "current_sha256": "5ab3deb8457c1a66fc313011bb0d96039c90f5ae35e1e08a9d34c9ab24d6c24b"
        }
      ],
      "reviewed_current_transition": true,
      "reviewed_current_transition_state": "reviewed_current",
      "checked": [
        {
          "path": "verification/successor-support.mjs",
          "source": "implementation",
          "historical_bytes": 7191,
          "historical_sha256": "233d1008a823bbde17b1e0e415e34e630be133f2cd7d83040407e7e56ac5356c",
          "current_bytes": 7191,
          "current_sha256": "233d1008a823bbde17b1e0e415e34e630be133f2cd7d83040407e7e56ac5356c",
          "current_drift_allowed": false
        },
        {
          "path": "verification/testing/ci/v1.3.0/README.md",
          "source": "implementation",
          "historical_bytes": 316,
          "historical_sha256": "84b4473fc8a614821aab3390c3d0c25f68d801adf3b000a3be44e29d056b48f8",
          "current_bytes": 316,
          "current_sha256": "84b4473fc8a614821aab3390c3d0c25f68d801adf3b000a3be44e29d056b48f8",
          "current_drift_allowed": false
        },
        {
          "path": "verification/testing/ci/v1.3.0/package.json",
          "source": "implementation",
          "historical_bytes": 412,
          "historical_sha256": "d4acc030be30d9837c2c6fece64c6379af02ec083947303d30363cd34be2424b",
          "current_bytes": 412,
          "current_sha256": "d4acc030be30d9837c2c6fece64c6379af02ec083947303d30363cd34be2424b",
          "current_drift_allowed": false
        },
        {
          "path": "verification/testing/ci/v1.3.0/tests/ci-integration.test.mjs",
          "source": "implementation",
          "historical_bytes": 1807,
          "historical_sha256": "f90efebc4f2166283de1d2b5a8adb13bd2cc7fcd93a000d0b20e179fcaa6df6b",
          "current_bytes": 1807,
          "current_sha256": "f90efebc4f2166283de1d2b5a8adb13bd2cc7fcd93a000d0b20e179fcaa6df6b",
          "current_drift_allowed": false
        },
        {
          "path": "verification/testing/ci/v1.3.0/tools/ci-inventory.mjs",
          "source": "implementation",
          "historical_bytes": 13576,
          "historical_sha256": "543a728eb7d4874816ea470aaaccbbc1346145d4cfc93301e936788144a5f73a",
          "current_bytes": 13576,
          "current_sha256": "543a728eb7d4874816ea470aaaccbbc1346145d4cfc93301e936788144a5f73a",
          "current_drift_allowed": false
        },
        {
          "path": "verification/testing/ci/v1.3.0/tools/validate-package.mjs",
          "source": "implementation",
          "historical_bytes": 3086,
          "historical_sha256": "be0db8c467717488d2312360535650cdecf3700b1e671d42f9a1b88e6a03f581",
          "current_bytes": 3086,
          "current_sha256": "be0db8c467717488d2312360535650cdecf3700b1e671d42f9a1b88e6a03f581",
          "current_drift_allowed": false
        },
        {
          "path": "package.json",
          "role": "root-package",
          "source_commit": "bf46d92b0e4fc91457bd3eb78aa1742ae84038f2",
          "bytes": 3666,
          "sha256": "b6c3469c7b10ecb90114199c18c3ebb293d801b8c8a3521cb25ded2fdba8d05e",
          "historical_bytes": 3555,
          "historical_sha256": "25874c7d9464210794bd7a1467b117ef5fc71808fdf5e34726ea65181744561c",
          "semantic": {
            "chain": "pr003-root-chain",
            "sequence": [
              "npm run test:retrieval",
              "npm run test:web",
              "npm run test:worker",
              "npm run test:research-program",
              "npm run test:evaluation",
              "npm run validate:evaluation",
              "npm run verify:research-navigator"
            ],
            "registered_research_program": "node --test tests/research-program/*.test.mjs"
          },
          "source": "inventory",
          "current_drift_allowed": true,
          "reviewed_current_transition": true
        },
        {
          "path": "package-lock.json",
          "source": "inventory",
          "historical_bytes": 134190,
          "historical_sha256": "af2070ae111bc67c397b07e33b44c1fbd15bba31b63210990068943998e1bc28",
          "current_bytes": 134511,
          "current_sha256": "37e4a9ec1fba9ab254aa7a596e1a0e3f73919cf5358717dc6e06e0478be6b20c",
          "current_drift_allowed": true
        },
        {
          "path": ".nvmrc",
          "source": "inventory",
          "historical_bytes": 8,
          "historical_sha256": "e1677620f62097e30fac6695180333d8eb9ead4fe5b1d1d6e01b76e049780059",
          "current_bytes": 8,
          "current_sha256": "e1677620f62097e30fac6695180333d8eb9ead4fe5b1d1d6e01b76e049780059",
          "current_drift_allowed": false
        },
        {
          "path": ".github/workflows/ci.yml",
          "source": "inventory",
          "historical_bytes": 1514,
          "historical_sha256": "7f8a7cadc6d6b4b974cf3014a3df68fd3a18671304244cb31a08f87200e330fc",
          "current_bytes": 1514,
          "current_sha256": "7f8a7cadc6d6b4b974cf3014a3df68fd3a18671304244cb31a08f87200e330fc",
          "current_drift_allowed": false
        },
        {
          "path": "scripts/run-contract-suites.mjs",
          "source": "inventory",
          "historical_bytes": 23034,
          "historical_sha256": "acfa8900758bbba0f72e0c1bb0374b6f1b55e6b40d4a8b254218b60e5c41b596",
          "current_bytes": 29025,
          "current_sha256": "3a13c51986e1cd90b530465d4e8fc30cc3763a86189d06930c4dbf6f65c5e261",
          "current_drift_allowed": true
        },
        {
          "path": "tests/contract-package-inventory.test.mjs",
          "role": "root-inventory-test",
          "source_commit": "bf46d92b0e4fc91457bd3eb78aa1742ae84038f2",
          "bytes": 7842,
          "sha256": "5ab3deb8457c1a66fc313011bb0d96039c90f5ae35e1e08a9d34c9ab24d6c24b",
          "historical_bytes": 7809,
          "historical_sha256": "2bdf766d6c69875160330d8bdf44fbd8d21bbfec43a9b7671c9d233e3ddc4bfa",
          "semantic": {
            "sequence_assertion": "assert.equal(rootPackage.scripts.test, 'npm run test:retrieval && npm run test:web && npm run test:worker && npm run test:research-program && npm run test:evaluation && npm run validate:evaluation && npm run verify:research-navigator')",
            "aggregate_assertion": "navigator aggregate count assertion",
            "legacy_assertions": true
          },
          "source": "inventory",
          "current_drift_allowed": true,
          "reviewed_current_transition": true
        },
        {
          "path": "verification/testing/ci/v1.3.0/README.md",
          "source": "inventory",
          "historical_bytes": 316,
          "historical_sha256": "84b4473fc8a614821aab3390c3d0c25f68d801adf3b000a3be44e29d056b48f8",
          "current_bytes": 316,
          "current_sha256": "84b4473fc8a614821aab3390c3d0c25f68d801adf3b000a3be44e29d056b48f8",
          "current_drift_allowed": false
        },
        {
          "path": "verification/testing/ci/v1.3.0/package.json",
          "source": "inventory",
          "historical_bytes": 412,
          "historical_sha256": "d4acc030be30d9837c2c6fece64c6379af02ec083947303d30363cd34be2424b",
          "current_bytes": 412,
          "current_sha256": "d4acc030be30d9837c2c6fece64c6379af02ec083947303d30363cd34be2424b",
          "current_drift_allowed": false
        },
        {
          "path": "verification/testing/ci/v1.3.0/tests/ci-integration.test.mjs",
          "source": "inventory",
          "historical_bytes": 1807,
          "historical_sha256": "f90efebc4f2166283de1d2b5a8adb13bd2cc7fcd93a000d0b20e179fcaa6df6b",
          "current_bytes": 1807,
          "current_sha256": "f90efebc4f2166283de1d2b5a8adb13bd2cc7fcd93a000d0b20e179fcaa6df6b",
          "current_drift_allowed": false
        },
        {
          "path": "verification/testing/ci/v1.3.0/tools/ci-inventory.mjs",
          "source": "inventory",
          "historical_bytes": 13576,
          "historical_sha256": "543a728eb7d4874816ea470aaaccbbc1346145d4cfc93301e936788144a5f73a",
          "current_bytes": 13576,
          "current_sha256": "543a728eb7d4874816ea470aaaccbbc1346145d4cfc93301e936788144a5f73a",
          "current_drift_allowed": false
        },
        {
          "path": "verification/testing/ci/v1.3.0/tools/validate-package.mjs",
          "source": "inventory",
          "historical_bytes": 3086,
          "historical_sha256": "be0db8c467717488d2312360535650cdecf3700b1e671d42f9a1b88e6a03f581",
          "current_bytes": 3086,
          "current_sha256": "be0db8c467717488d2312360535650cdecf3700b1e671d42f9a1b88e6a03f581",
          "current_drift_allowed": false
        }
      ]
    }
  },
  "current": {
    "subject_sha256": "9d7f797f72803cfbab97bdb0daefead3e04a05797284c315e1fde67b646dbddd",
    "technical_status": "PASS",
    "status": "pending_authorized_review",
    "approval": null,
    "approval_status": "absent_for_current_subject",
    "release_gate_pass": false,
    "release_ready": false,
    "production_eligibility": false,
    "implementation_file_count": 8,
    "current_verifier_in_implementation_inventory": true
  },
  "boundaries": {
    "historical_approval_reused": false,
    "historical_receipt_overwritten": false,
    "current_approval_issued": false,
    "current_release_qualified": false,
    "production_authorized": false,
    "structural_inventory_only": true
  }
}
[31m✖ actual CI v1.4 runner executes test first and routes only validate through current verifier [90m(1113.265535ms)[39m[39m

[verify] /mnt/d/tmp/plumbob/ushso-pr085-v14-runner-l9jOcA :: test

> @ushso/pr085-v14-future-ci-fixture@1.5.0 test
> node --test tests/pass.test.mjs

✔ fixture test (0.91305ms)
ℹ tests 1
ℹ suites 0
ℹ pass 1
ℹ fail 0
ℹ cancelled 0
ℹ skipped 0
ℹ todo 0
ℹ duration_ms 75.790316

[verify] /mnt/d/tmp/plumbob/ushso-pr085-v14-runner-l9jOcA :: validate

> @ushso/pr085-v14-future-ci-fixture@1.5.0 validate
> node -e "process.exit(17)"


[verify] verification/testing/ci/v1.4.0 :: validate
file:///mnt/d/tmp/plumbob/ushso-pr085-v14-error-rOWl44/error.mjs:1
throw new Error('fixture verifier error')
      ^

Error: fixture verifier error
    at file:///mnt/d/tmp/plumbob/ushso-pr085-v14-error-rOWl44/error.mjs:1:7
    at ModuleJob.run (node:internal/modules/esm/module_job:430:25)
    at async onImport.tracePromise.__proto__ (node:internal/modules/esm/loader:661:26)
    at async asyncRunEntryPointWithESMLoader (node:internal/modules/run_main:101:5)

Node.js v24.14.0

[verify] verification/testing/ci/v1.4.0 :: validate

[verify] /mnt/d/tmp/plumbob/ushso-pr085-v14-runner-spKzH3 :: test

> @ushso/pr085-v14-zero-fixture@1.0.0 test
> node --test

ℹ tests 0
ℹ suites 0
ℹ pass 0
ℹ fail 0
ℹ cancelled 0
ℹ skipped 0
ℹ todo 0
ℹ duration_ms 12.352382
[32m✔ real runner subprocesses retain nonzero, error, timeout, and zero-test failures [90m(1688.732428ms)[39m[39m
{"status":"BLOCKED_APPROVAL_PENDING","package_id":"@ushso/ci-verification-successor-v1-4@1.4.0","subject_sha256":"17cd726e2b3aa61539302373683568a7300e58980f43a2255bd95896ea90bd5f","technical_status":"PASS","release_gate_pass":false}
[32m✔ direct successor v1.4 validation remains strict and cannot issue a receipt [90m(1.918311ms)[39m[39m
[32m✔ child execution helper and parser retain explicit failure semantics [90m(0.624633ms)[39m[39m
[32m✔ byte parity and immutable input: Hospital costs [90m(55.572535ms)[39m[39m
[32m✔ byte parity and immutable input: Cities and counties [90m(29.240431ms)[39m[39m
[32m✔ byte parity and immutable input: Boxes churches dishes [90m(13.94888ms)[39m[39m
[32m✔ byte parity and immutable input: Café naïve HÔSPITAL [90m(20.80663ms)[39m[39m
[32m✔ byte parity and immutable input: hospital-costs, county/rates [90m(17.728564ms)[39m[39m
[32m✔ byte parity and immutable input: hospital [90m(15.233449ms)[39m[39m
[32m✔ byte parity and immutable input: hospitals hospitals hospital [90m(17.582031ms)[39m[39m
[32m✔ byte parity and immutable input: buses bus business [90m(15.41511ms)[39m[39m
[32m✔ raw-token dedup preserves singular-token order including duplicates and boundaries [90m(0.53526ms)[39m[39m
[32m✔ private normalized phrase predicate rejects empty invalid input without hanging [90m(11.661957ms)[39m[39m
[32m✔ subject short circuit preserves byte order and reasons: document aliases without capability [90m(70.337489ms)[39m[39m
[32m✔ subject short circuit preserves byte order and reasons: contextual capability independently matches [90m(16.956031ms)[39m[39m
[32m✔ subject short circuit preserves byte order and reasons: identity capability preserves exact reasons [90m(14.457766ms)[39m[39m
[32m✔ subject short circuit preserves byte order and reasons: multiple aliases preserve capability order and ties [90m(14.80243ms)[39m[39m
[32m✔ health exposes the deterministic compiler boundary [90m(42.742678ms)[39m[39m
[32m✔ discover accepts bounded JSON and returns the canonical result contract [90m(4.948674ms)[39m[39m
[32m✔ discover rejects wrong methods, media types, invalid JSON, and invalid queries [90m(5.124159ms)[39m[39m
[32m✔ unknown API routes fail closed [90m(0.403076ms)[39m[39m
[32m✔ supports health HEAD and cross-origin API preflight [90m(1.031422ms)[39m[39m
[32m✔ catalog browsing and dataset dereferencing do not depend on a question [90m(10.530264ms)[39m[39m
[32m✔ versioned machine routes return strict toolkit envelopes without touching legacy routes [90m(30.39241ms)[39m[39m
[32m✔ serves machine files with their real types and gives unknown pages HTTP 404 [90m(2.199508ms)[39m[39m
[32m✔ historical proof validates by bytes and shared successor subject rules [90m(4.785475ms)[39m[39m
[32m✔ historical proof fails for each missing or altered immutable input [90m(7.981068ms)[39m[39m
[32m✔ historical proof fails closed for malformed JSON and wrong or malformed subjects [90m(4.547685ms)[39m[39m
[32m✔ current technical failure cannot become a pending draft [90m(3.107504ms)[39m[39m
[32m✔ current draft remains pending and seals the verifier in its inventory [90m(0.389027ms)[39m[39m
[32m✔ only the reviewed WP0 v1.4.0 validate descriptor selects the current route [90m(0.28429ms)[39m[39m
[32m✔ child failures, absent status, signals and zero test summaries fail closed [90m(0.541663ms)[39m[39m
{"status":"BLOCKED_APPROVAL_PENDING","package_id":"@ushso/wp0-verification-v1.4.0@1.4.0","subject_sha256":"3309e3b1d01850381fe91244f43df7b61e69f5d0589129b6ee84a142d85eaef6","technical_status":"PASS","release_gate_pass":false}
[32m✔ direct successor validation remains pending without issuing a receipt [90m(39.945506ms)[39m[39m

[verify] verification/wp0/v1.4.0 :: test

> @ushso/wp0-verification-v1.4.0@1.4.0 test
> node --test tests/*.test.mjs

✔ all original historical checks and current production checks pass without approval (22997.314641ms)
{"status":"BLOCKED_APPROVAL_PENDING","package_id":"unit-fixture-only","subject_sha256":"e4d9145f8f21059b79b2194882322e95bbff5213008e987a1c80b4e6e6c7d74b","technical_status":"PASS","release_gate_pass":false}
{"status":"BLOCKED_APPROVAL_PENDING","package_id":"unit-fixture-only","subject_sha256":"e4d9145f8f21059b79b2194882322e95bbff5213008e987a1c80b4e6e6c7d74b","technical_status":"PASS","release_gate_pass":false}
✔ CLI rejects ambiguous flags and never issues a receipt for missing or explicit pending approval (3.99681ms)
✔ historical path remapping cannot substitute current algorithms (0.813302ms)
✔ @ushso/wp0-verification-v1.4.0@1.4.0: shared approval boundary refuses missing, stale, wrong-scope and tampered evidence (1.767715ms)
✔ @ushso/wp11-verification-v1.3.0@1.3.0: shared approval boundary refuses missing, stale, wrong-scope and tampered evidence (0.939531ms)
✔ @ushso/ci-verification-successor-v1-3@1.3.0: shared approval boundary refuses missing, stale, wrong-scope and tampered evidence (0.623227ms)
ℹ tests 6
ℹ suites 0
ℹ pass 6
ℹ fail 0
ℹ cancelled 0
ℹ skipped 0
ℹ todo 0
ℹ duration_ms 23175.495471

[verify] verification/wp0/v1.4.0 :: validate
{
  "schema_version": "ushso.wp0-ci-attestation.v1.0.0",
  "status": "PASS",
  "package_id": "@ushso/wp0-verification-v1.4.0@1.4.0",
  "historical": {
    "package_id": "@ushso/wp0-verification-v1.4.0@1.4.0",
    "subject_sha256": "0098ee424bc58120f48167c580b7db19b556d0aee42929d1da56664f78993cb5",
    "approval_status": "approved_original_subject_only",
    "receipt_status": "approved_scoped_attestation",
    "reviewer": {
      "id": "github:176340565",
      "role": "repository_owner"
    },
    "recorded_at": "2026-09-09T13:02:53Z",
    "evidence_sha256": "1aed5b57042a3a3609666b7678d6d9e6d17d607850dce4ecc90b99320b25ea42",
    "files": {
      "approval": {
        "path": "verification/wp0/v1.4.0/approvals/approval.json",
        "sha256": "d1636ed70d3cff146666a54ea5f9e493e94386649d827c1a424504c244759c05"
      },
      "evidence": {
        "path": "verification/wp0/v1.4.0/approvals/evidence.txt",
        "sha256": "1aed5b57042a3a3609666b7678d6d9e6d17d607850dce4ecc90b99320b25ea42"
      },
      "receipt": {
        "path": "verification/wp0/v1.4.0/receipts/approved.json",
        "sha256": "15b79d25a52487597236c545b4f9e27be05203850b6e5076b671d6104390a5b8"
      }
    }
  },
  "current": {
    "subject_sha256": "9d36ed65100e8ce89caf8b66c0b198f7d7edf83824a8df549d1a7181afe4276c",
    "technical_status": "PASS",
    "status": "pending_authorized_review",
    "approval": null,
    "approval_status": "absent_for_current_subject",
    "release_gate_pass": false,
    "release_ready": false,
    "production_eligibility": false,
    "implementation_file_count": 561,
    "current_verifier_in_implementation_inventory": true
  },
  "boundaries": {
    "historical_approval_reused": false,
    "historical_receipt_overwritten": false,
    "current_approval_issued": false,
    "current_release_qualified": false,
    "production_authorized": false
  }
}
[31m✖ actual WP0 runner keeps the test stage and reports a positive count before current validation [90m(44894.98308ms)[39m[39m

[verify] /mnt/d/tmp/plumbob/ushso-pr085-runner-fixture-CEQ20t :: test

> @ushso/pr085-future-wp0-fixture@1.5.0 test
> node --test tests/pass.test.mjs

✔ fixture test (0.570312ms)
ℹ tests 1
ℹ suites 0
ℹ pass 1
ℹ fail 0
ℹ cancelled 0
ℹ skipped 0
ℹ todo 0
ℹ duration_ms 53.238995

[verify] /mnt/d/tmp/plumbob/ushso-pr085-runner-fixture-CEQ20t :: validate

> @ushso/pr085-future-wp0-fixture@1.5.0 validate
> node -e "process.exit(17)"


[verify] /mnt/d/tmp/plumbob/ushso-pr085-runner-fixture-PeOknE :: test

> @ushso/pr085-zero-test-fixture@1.0.0 test
> node --test

ℹ tests 0
ℹ suites 0
ℹ pass 0
ℹ fail 0
ℹ cancelled 0
ℹ skipped 0
ℹ todo 0
ℹ duration_ms 12.342681

[verify] verification/wp0/v1.4.0 :: validate
fixture current attestation failure
[32m✔ actual runner retains future-version failures, child failures, and zero-test failures [90m(1136.7613ms)[39m[39m
[32m✔ PublicationReadContext is new per request, deeply frozen, and shared by every repository call [90m(77.011659ms)[39m[39m
[32m✔ static adapters reproduce exact legacy browse, dataset, and discovery structures [90m(524.017389ms)[39m[39m
[32m✔ public search forwards the request evaluation clock into retrieve without changing v1.1 bytes [90m(436.600145ms)[39m[39m
[32m✔ Worker dependency injection preserves exact response bytes, fields, ordering, and cache headers [90m(10.792902ms)[39m[39m
[32m✔ legacy static coverage is typed unknown and planner fails closed [90m(1.121539ms)[39m[39m
[32m✔ static asset-only entry requires only the ASSETS binding [90m(1323.217739ms)[39m[39m
[32m✔ historical v1.1 retrieval remains immutable while the Worker selects v1.2 [90m(1.506005ms)[39m[39m
[34mℹ tests 65[39m
[34mℹ suites 0[39m
[34mℹ pass 63[39m
[34mℹ fail 2[39m
[34mℹ cancelled 0[39m
[34mℹ skipped 0[39m
[34mℹ todo 0[39m
[34mℹ duration_ms 46301.073676[39m

[31m✖ failing tests:[39m

test at tests/ci-attestation.test.mjs:173:1
[31m✖ actual CI v1.4 runner executes test first and routes only validate through current verifier [90m(1113.265535ms)[39m[39m
  AssertionError [ERR_ASSERTION]: verification/testing/ci/v1.4.0:test: sealed artifacts changed: verification/research-program/pr-005/evidence/c-005-4/semantics/receipt.json
  
  false !== true
  
      at TestContext.<anonymous> [90m(file:///mnt/d/worktrees/plumbob/.ushso-research-program-20260910-worktrees/.ce-ushso-pr005-pr007-grok-2-grok-pr005-freshness-bc035ae77aee-88a2a621-worktrees/ce-ushso-pr005-grok-r2-2026-pr005-freshness-r2-029d2d4b27dc-4eaf084b/[39mtests/ci-attestation.test.mjs:178:10[90m)[39m
  [90m    at async Test.run (node:internal/test_runner/test:1125:7)[39m
  [90m    at async Test.processPendingSubtests (node:internal/test_runner/test:787:7)[39m {
    generatedMessage: [33mfalse[39m,
    code: [32m'ERR_ASSERTION'[39m,
    actual: [33mfalse[39m,
    expected: [33mtrue[39m,
    operator: [32m'strictEqual'[39m,
    diff: [32m'simple'[39m
  }

test at tests/wp0-attestation.test.mjs:199:1
[31m✖ actual WP0 runner keeps the test stage and reports a positive count before current validation [90m(44894.98308ms)[39m[39m
  AssertionError [ERR_ASSERTION]: verification/wp0/v1.4.0:test: sealed artifacts changed: verification/research-program/pr-005/evidence/c-005-4/semantics/receipt.json
  
  false !== true
  
      at TestContext.<anonymous> [90m(file:///mnt/d/worktrees/plumbob/.ushso-research-program-20260910-worktrees/.ce-ushso-pr005-pr007-grok-2-grok-pr005-freshness-bc035ae77aee-88a2a621-worktrees/ce-ushso-pr005-grok-r2-2026-pr005-freshness-r2-029d2d4b27dc-4eaf084b/[39mtests/wp0-attestation.test.mjs:203:10[90m)[39m
  [90m    at async Test.run (node:internal/test_runner/test:1125:7)[39m
  [90m    at async Test.processPendingSubtests (node:internal/test_runner/test:787:7)[39m {
    generatedMessage: [33mfalse[39m,
    code: [32m'ERR_ASSERTION'[39m,
    actual: [33mfalse[39m,
    expected: [33mtrue[39m,
    operator: [32m'strictEqual'[39m,
    diff: [32m'simple'[39m
  }
