{
  "format": "ushso.pr077-capacity.v1",
  "generation": "live-2026-09-03-85b50522b420",
  "search_package_content_digest": "ed9faf0180a66001e9479771545b92f22dce3748580fd330f0d8424f4b53c1f0",
  "measurement": {
    "workload": {
      "named_before_measurement": true,
      "last_good_generation": "live-2026-09-03-85b50522b420",
      "last_good_corpus_record_count": 3434,
      "offline_fixture_corpus_id": "ushso-observatory-offline-mvp",
      "offline_fixture_record_count": 143,
      "offline_fixture_search_document_count": 143,
      "dictionary_fixture_bytes": 11268,
      "query_mix": [
        {
          "query_id": "q-pa-hospital-finance-utilization",
          "path": "query",
          "question": "I need hospital financial and utilization data for Pennsylvania",
          "limit": 15
        },
        {
          "query_id": "q-public-rural-closures-pa",
          "path": "query",
          "question": "What public sources can I use to study rural hospital closures in Pennsylvania?",
          "limit": 15
        },
        {
          "query_id": "q-hospital-ownership",
          "path": "query",
          "question": "What sources describe hospital ownership and change of ownership in Pennsylvania?",
          "limit": 15
        },
        {
          "query_id": "q-healthcare-workforce",
          "path": "query",
          "question": "What public data can I use to study healthcare workforce and staffing?",
          "limit": 15
        },
        {
          "query_id": "q-medicaid-payer",
          "path": "query",
          "question": "What public sources describe Medicaid enrollment, managed care, and payer data?",
          "limit": 15
        },
        {
          "query_id": "q-pa-public-health",
          "path": "query",
          "question": "What public health surveillance sources cover Pennsylvania counties?",
          "limit": 15
        }
      ],
      "cold_definition": "First request after a process start with no prior retrieve/detail in that process. This fixture does not isolate Worker isolate cold starts, CDN, or Hyperdrive.",
      "warm_definition": "Subsequent requests in the same Node process after the engine is constructed.",
      "concurrency": {
        "planned_1x": 1,
        "planned_2x": 2,
        "production_peak_rps_candidate": 20,
        "twice_planned_rps_candidate": 40
      },
      "regions": {
        "measured": "local_process",
        "production": "unmeasured"
      },
      "response_sizes": {
        "class": "indexed_metadata_only",
        "dataset_payload": false
      },
      "source_job_contention": {
        "user_search_starts_source_jobs": false,
        "scheduler_default_disabled": true
      },
      "cost_ceilings": {
        "numeric_budget_usd": null,
        "owner_deferral": "Cheap as possible; do not invent a numeric budget.",
        "owner_deferral_is_zero_dollar_cap": false,
        "owner_deferral_proves_cheapest_topology": false,
        "use_existing_infrastructure_first": true
      },
      "existing_deployment_requirements": {
        "wp14_record_search_p95_ms": 600,
        "wp14_record_search_p99_ms": 1500,
        "wp14_bundle_plan_p95_ms": 1200,
        "wp14_bundle_plan_p99_ms": 3000,
        "historical_all_samples_300ms": {
          "target_ms": 300,
          "status": "not_met",
          "sample": "141 warm Worker requests, 2026-09-07T02:04:21.246Z",
          "mean_ms": 162.66,
          "p95_ms": 263.87,
          "max_ms": 322.59,
          "cold_start_qualified": false,
          "concurrent_load_qualified": false
        },
        "silently_weakened": false
      },
      "proposed_slo": {
        "record_search_p95_ms": 600,
        "record_search_p99_ms": 1500,
        "historical_all_samples_300ms_status": "not_met",
        "comparison": "Proposed SLOs do not relax WP14 600/1500 ms or rewrite the unmet 300 ms all-samples diagnostic as passed."
      }
    },
    "timing_classes": {
      "browser_time": "unmeasured",
      "edge_network_latency": "unmeasured",
      "local_indexed_metadata_cpu": "measured_fixture_process",
      "upstream_collection": "not_invoked_during_user_search"
    },
    "source_acquisition_during_user_search": false,
    "fetch_invoked": false,
    "current_1x": {
      "label": "current_1x_fixture",
      "copies": 1,
      "samples": [
        {
          "name": "query",
          "elapsed_ms": 140.79310400000003
        },
        {
          "name": "detail",
          "elapsed_ms": 0.06428499999998394
        },
        {
          "name": "variables_metadata",
          "elapsed_ms": 0.036722999999994954
        },
        {
          "name": "mrf_metadata",
          "elapsed_ms": 0.14772700000000327
        },
        {
          "name": "query",
          "elapsed_ms": 50.14453000000003
        },
        {
          "name": "detail",
          "elapsed_ms": 0.05276899999995521
        },
        {
          "name": "variables_metadata",
          "elapsed_ms": 0.004272999999955118
        },
        {
          "name": "mrf_metadata",
          "elapsed_ms": 0.04744700000003377
        },
        {
          "name": "query",
          "elapsed_ms": 51.211861999999996
        },
        {
          "name": "detail",
          "elapsed_ms": 0.033924000000013166
        },
        {
          "name": "variables_metadata",
          "elapsed_ms": 0.0035060000000157743
        },
        {
          "name": "mrf_metadata",
          "elapsed_ms": 0.0418149999999855
        },
        {
          "name": "query",
          "elapsed_ms": 122.65886599999999
        },
        {
          "name": "detail",
          "elapsed_ms": 0.052959999999984575
        },
        {
          "name": "variables_metadata",
          "elapsed_ms": 0.005208000000038737
        },
        {
          "name": "mrf_metadata",
          "elapsed_ms": 0.0484199999999646
        },
        {
          "name": "query",
          "elapsed_ms": 130.26279499999993
        },
        {
          "name": "detail",
          "elapsed_ms": 0.032118999999966036
        },
        {
          "name": "variables_metadata",
          "elapsed_ms": 0.004588000000012471
        },
        {
          "name": "mrf_metadata",
          "elapsed_ms": 0.04274499999996806
        },
        {
          "name": "query",
          "elapsed_ms": 45.088056999999935
        },
        {
          "name": "detail",
          "elapsed_ms": 0.03244900000004236
        },
        {
          "name": "variables_metadata",
          "elapsed_ms": 0.003911000000016429
        },
        {
          "name": "mrf_metadata",
          "elapsed_ms": 0.04324399999995876
        }
      ],
      "summary": {
        "query": {
          "n": 6,
          "min_ms": 45.088056999999935,
          "mean_ms": 90.02653566666665,
          "p95_ms": 140.79310400000003,
          "max_ms": 140.79310400000003
        },
        "detail": {
          "n": 6,
          "min_ms": 0.032118999999966036,
          "mean_ms": 0.04475099999999088,
          "p95_ms": 0.06428499999998394,
          "max_ms": 0.06428499999998394
        },
        "variables_metadata": {
          "n": 6,
          "min_ms": 0.0035060000000157743,
          "mean_ms": 0.00970150000000558,
          "p95_ms": 0.036722999999994954,
          "max_ms": 0.036722999999994954
        },
        "mrf_metadata": {
          "n": 6,
          "min_ms": 0.0418149999999855,
          "mean_ms": 0.06189966666665233,
          "p95_ms": 0.14772700000000327,
          "max_ms": 0.14772700000000327
        }
      },
      "outputs": [
        {
          "copy": 0,
          "query_id": "q-pa-hospital-finance-utilization",
          "retrieval_id": "retrieval-1cf7c14ece5b96f4",
          "result_count": 15,
          "record_ids": [
            "obs:asset:cms-hcris-hospital-cost-reports",
            "obs:asset:pa-phc4-custom-data",
            "obs:asset:pa-phc4-public-financial-reports",
            "obs:asset:hrsa-uds-sites",
            "obs:asset:irs-990-schedules-h-r",
            "obs:asset:federal-audit-clearinghouse",
            "obs:asset:irs-teos-990-xml",
            "obs:asset:medicaid-mcpar-mlr",
            "obs:asset:usaspending-awards",
            "obs:asset:irs-eo-bmf",
            "eswt-bam9",
            "2ats-ttun",
            "3pn6-bews",
            "4y4s-y2hd",
            "dcug-prfh"
          ],
          "variables_payload_present": false,
          "mrf_payload_present": false
        },
        {
          "copy": 0,
          "query_id": "q-public-rural-closures-pa",
          "retrieval_id": "retrieval-9519be14307bd020",
          "result_count": 3,
          "record_ids": [
            "obs:asset:unc-sheps-rural-hospital-closures",
            "obs:asset:cms-provider-of-services-hospital",
            "obs:asset:usda-rural-urban-continuum-codes"
          ],
          "variables_payload_present": false,
          "mrf_payload_present": false
        },
        {
          "copy": 0,
          "query_id": "q-hospital-ownership",
          "retrieval_id": "retrieval-80ba5f2831e9865a",
          "result_count": 14,
          "record_ids": [
            "obs:asset:cms-hospital-all-owners",
            "obs:asset:cms-hospital-enrollments",
            "obs:asset:cms-hospital-general-information",
            "obs:asset:irs-990-schedules-h-r",
            "obs:asset:pa-phc4-custom-data",
            "obs:asset:pa-phc4-public-financial-reports",
            "obs:asset:cms-hospital-chow",
            "obs:asset:cms-pecos-public-enrollment",
            "obs:asset:federal-audit-clearinghouse",
            "obs:asset:irs-eo-bmf",
            "obs:asset:usaspending-awards",
            "obs:asset:irs-teos-990-xml",
            "obs:asset:cms-hcris-hospital-cost-reports",
            "eswt-bam9"
          ],
          "variables_payload_present": false,
          "mrf_payload_present": false
        },
        {
          "copy": 0,
          "query_id": "q-healthcare-workforce",
          "retrieval_id": "retrieval-316947c8c1b79bc4",
          "result_count": 2,
          "record_ids": [
            "obs:asset:hrsa-uds-sites",
            "obs:asset:cms-pecos-public-enrollment"
          ],
          "variables_payload_present": false,
          "mrf_payload_present": false
        },
        {
          "copy": 0,
          "query_id": "q-medicaid-payer",
          "retrieval_id": "retrieval-8c5f3a4bd9cf6ff2",
          "result_count": 15,
          "record_ids": [
            "obs:asset:medicaid-mcpar-mlr",
            "obs:asset:pa-phc4-public-financial-reports",
            "2ats-ttun",
            "3f26-q827",
            "3pn6-bews",
            "4y4s-y2hd",
            "8jae-5d8i",
            "aps5-fttf",
            "c523-smgb",
            "dcug-prfh",
            "eswt-bam9",
            "obs:asset:cms-hospital-general-information",
            "obs:asset:hrsa-uds-sites",
            "obs:asset:irs-teos-990-xml",
            "svnp-capx"
          ],
          "variables_payload_present": false,
          "mrf_payload_present": false
        },
        {
          "copy": 0,
          "query_id": "q-pa-public-health",
          "retrieval_id": "retrieval-27eaed30bb279304",
          "result_count": 6,
          "record_ids": [
            "obs:asset:hrsa-uds-sites",
            "aps5-fttf",
            "buk2-94cb",
            "svnp-capx",
            "3c5w-gmss",
            "ysdx-4vmi"
          ],
          "variables_payload_present": false,
          "mrf_payload_present": false
        }
      ]
    },
    "twice_planned_load": {
      "label": "twice_planned_load_fixture",
      "copies": 2,
      "samples": [
        {
          "name": "query",
          "elapsed_ms": 98.20569699999999
        },
        {
          "name": "detail",
          "elapsed_ms": 0.03237200000000939
        },
        {
          "name": "variables_metadata",
          "elapsed_ms": 0.00423399999999674
        },
        {
          "name": "mrf_metadata",
          "elapsed_ms": 0.0427550000000565
        },
        {
          "name": "query",
          "elapsed_ms": 38.988349000000085
        },
        {
          "name": "detail",
          "elapsed_ms": 0.0338369999999486
        },
        {
          "name": "variables_metadata",
          "elapsed_ms": 0.004411000000004606
        },
        {
          "name": "mrf_metadata",
          "elapsed_ms": 0.04263300000002346
        },
        {
          "name": "query",
          "elapsed_ms": 50.62180999999998
        },
        {
          "name": "detail",
          "elapsed_ms": 0.05790400000000773
        },
        {
          "name": "variables_metadata",
          "elapsed_ms": 0.006669999999985521
        },
        {
          "name": "mrf_metadata",
          "elapsed_ms": 0.05558799999994335
        },
        {
          "name": "query",
          "elapsed_ms": 135.303131
        },
        {
          "name": "detail",
          "elapsed_ms": 0.042465999999990345
        },
        {
          "name": "variables_metadata",
          "elapsed_ms": 0.007453000000054999
        },
        {
          "name": "mrf_metadata",
          "elapsed_ms": 0.0445079999999507
        },
        {
          "name": "query",
          "elapsed_ms": 122.13948900000014
        },
        {
          "name": "detail",
          "elapsed_ms": 0.03213800000003175
        },
        {
          "name": "variables_metadata",
          "elapsed_ms": 0.004592000000002372
        },
        {
          "name": "mrf_metadata",
          "elapsed_ms": 0.0441369999998642
        },
        {
          "name": "query",
          "elapsed_ms": 41.35129800000004
        },
        {
          "name": "detail",
          "elapsed_ms": 0.06817800000021634
        },
        {
          "name": "variables_metadata",
          "elapsed_ms": 0.0032140000000708824
        },
        {
          "name": "mrf_metadata",
          "elapsed_ms": 0.048767999999881795
        },
        {
          "name": "query",
          "elapsed_ms": 97.34585500000003
        },
        {
          "name": "detail",
          "elapsed_ms": 0.05511900000010428
        },
        {
          "name": "variables_metadata",
          "elapsed_ms": 0.0020099999999274587
        },
        {
          "name": "mrf_metadata",
          "elapsed_ms": 0.0445039999999608
        },
        {
          "name": "query",
          "elapsed_ms": 53.68519900000001
        },
        {
          "name": "detail",
          "elapsed_ms": 0.032007000000021435
        },
        {
          "name": "variables_metadata",
          "elapsed_ms": 0.0019089999998413987
        },
        {
          "name": "mrf_metadata",
          "elapsed_ms": 0.045481999999992695
        },
        {
          "name": "query",
          "elapsed_ms": 58.68600400000014
        },
        {
          "name": "detail",
          "elapsed_ms": 0.056584000000157175
        },
        {
          "name": "variables_metadata",
          "elapsed_ms": 0.0020260000001144363
        },
        {
          "name": "mrf_metadata",
          "elapsed_ms": 0.05446899999992638
        },
        {
          "name": "query",
          "elapsed_ms": 125.30833200000006
        },
        {
          "name": "detail",
          "elapsed_ms": 0.05687400000010712
        },
        {
          "name": "variables_metadata",
          "elapsed_ms": 0.0018929999998817948
        },
        {
          "name": "mrf_metadata",
          "elapsed_ms": 0.044491999999991094
        },
        {
          "name": "query",
          "elapsed_ms": 127.12341899999979
        },
        {
          "name": "detail",
          "elapsed_ms": 0.05368300000009185
        },
        {
          "name": "variables_metadata",
          "elapsed_ms": 0.001654999999800566
        },
        {
          "name": "mrf_metadata",
          "elapsed_ms": 0.053626000000122076
        },
        {
          "name": "query",
          "elapsed_ms": 38.09501999999998
        },
        {
          "name": "detail",
          "elapsed_ms": 0.05473800000004303
        },
        {
          "name": "variables_metadata",
          "elapsed_ms": 0.0022060000001147273
        },
        {
          "name": "mrf_metadata",
          "elapsed_ms": 0.04409599999985403
        }
      ],
      "summary": {
        "query": {
          "n": 12,
          "min_ms": 38.09501999999998,
          "mean_ms": 82.23780025000002,
          "p95_ms": 135.303131,
          "max_ms": 135.303131
        },
        "detail": {
          "n": 12,
          "min_ms": 0.032007000000021435,
          "mean_ms": 0.04799166666672742,
          "p95_ms": 0.06817800000021634,
          "max_ms": 0.06817800000021634
        },
        "variables_metadata": {
          "n": 12,
          "min_ms": 0.001654999999800566,
          "mean_ms": 0.0035227499999829584,
          "p95_ms": 0.007453000000054999,
          "max_ms": 0.007453000000054999
        },
        "mrf_metadata": {
          "n": 12,
          "min_ms": 0.04263300000002346,
          "mean_ms": 0.04708816666663059,
          "p95_ms": 0.05558799999994335,
          "max_ms": 0.05558799999994335
        }
      },
      "outputs": [
        {
          "copy": 0,
          "query_id": "q-pa-hospital-finance-utilization",
          "retrieval_id": "retrieval-1cf7c14ece5b96f4",
          "result_count": 15,
          "record_ids": [
            "obs:asset:cms-hcris-hospital-cost-reports",
            "obs:asset:pa-phc4-custom-data",
            "obs:asset:pa-phc4-public-financial-reports",
            "obs:asset:hrsa-uds-sites",
            "obs:asset:irs-990-schedules-h-r",
            "obs:asset:federal-audit-clearinghouse",
            "obs:asset:irs-teos-990-xml",
            "obs:asset:medicaid-mcpar-mlr",
            "obs:asset:usaspending-awards",
            "obs:asset:irs-eo-bmf",
            "eswt-bam9",
            "2ats-ttun",
            "3pn6-bews",
            "4y4s-y2hd",
            "dcug-prfh"
          ],
          "variables_payload_present": false,
          "mrf_payload_present": false
        },
        {
          "copy": 0,
          "query_id": "q-public-rural-closures-pa",
          "retrieval_id": "retrieval-9519be14307bd020",
          "result_count": 3,
          "record_ids": [
            "obs:asset:unc-sheps-rural-hospital-closures",
            "obs:asset:cms-provider-of-services-hospital",
            "obs:asset:usda-rural-urban-continuum-codes"
          ],
          "variables_payload_present": false,
          "mrf_payload_present": false
        },
        {
          "copy": 0,
          "query_id": "q-hospital-ownership",
          "retrieval_id": "retrieval-80ba5f2831e9865a",
          "result_count": 14,
          "record_ids": [
            "obs:asset:cms-hospital-all-owners",
            "obs:asset:cms-hospital-enrollments",
            "obs:asset:cms-hospital-general-information",
            "obs:asset:irs-990-schedules-h-r",
            "obs:asset:pa-phc4-custom-data",
            "obs:asset:pa-phc4-public-financial-reports",
            "obs:asset:cms-hospital-chow",
            "obs:asset:cms-pecos-public-enrollment",
            "obs:asset:federal-audit-clearinghouse",
            "obs:asset:irs-eo-bmf",
            "obs:asset:usaspending-awards",
            "obs:asset:irs-teos-990-xml",
            "obs:asset:cms-hcris-hospital-cost-reports",
            "eswt-bam9"
          ],
          "variables_payload_present": false,
          "mrf_payload_present": false
        },
        {
          "copy": 0,
          "query_id": "q-healthcare-workforce",
          "retrieval_id": "retrieval-316947c8c1b79bc4",
          "result_count": 2,
          "record_ids": [
            "obs:asset:hrsa-uds-sites",
            "obs:asset:cms-pecos-public-enrollment"
          ],
          "variables_payload_present": false,
          "mrf_payload_present": false
        },
        {
          "copy": 0,
          "query_id": "q-medicaid-payer",
          "retrieval_id": "retrieval-8c5f3a4bd9cf6ff2",
          "result_count": 15,
          "record_ids": [
            "obs:asset:medicaid-mcpar-mlr",
            "obs:asset:pa-phc4-public-financial-reports",
            "2ats-ttun",
            "3f26-q827",
            "3pn6-bews",
            "4y4s-y2hd",
            "8jae-5d8i",
            "aps5-fttf",
            "c523-smgb",
            "dcug-prfh",
            "eswt-bam9",
            "obs:asset:cms-hospital-general-information",
            "obs:asset:hrsa-uds-sites",
            "obs:asset:irs-teos-990-xml",
            "svnp-capx"
          ],
          "variables_payload_present": false,
          "mrf_payload_present": false
        },
        {
          "copy": 0,
          "query_id": "q-pa-public-health",
          "retrieval_id": "retrieval-27eaed30bb279304",
          "result_count": 6,
          "record_ids": [
            "obs:asset:hrsa-uds-sites",
            "aps5-fttf",
            "buk2-94cb",
            "svnp-capx",
            "3c5w-gmss",
            "ysdx-4vmi"
          ],
          "variables_payload_present": false,
          "mrf_payload_present": false
        },
        {
          "copy": 1,
          "query_id": "q-pa-hospital-finance-utilization",
          "retrieval_id": "retrieval-1cf7c14ece5b96f4",
          "result_count": 15,
          "record_ids": [
            "obs:asset:cms-hcris-hospital-cost-reports",
            "obs:asset:pa-phc4-custom-data",
            "obs:asset:pa-phc4-public-financial-reports",
            "obs:asset:hrsa-uds-sites",
            "obs:asset:irs-990-schedules-h-r",
            "obs:asset:federal-audit-clearinghouse",
            "obs:asset:irs-teos-990-xml",
            "obs:asset:medicaid-mcpar-mlr",
            "obs:asset:usaspending-awards",
            "obs:asset:irs-eo-bmf",
            "eswt-bam9",
            "2ats-ttun",
            "3pn6-bews",
            "4y4s-y2hd",
            "dcug-prfh"
          ],
          "variables_payload_present": false,
          "mrf_payload_present": false
        },
        {
          "copy": 1,
          "query_id": "q-public-rural-closures-pa",
          "retrieval_id": "retrieval-9519be14307bd020",
          "result_count": 3,
          "record_ids": [
            "obs:asset:unc-sheps-rural-hospital-closures",
            "obs:asset:cms-provider-of-services-hospital",
            "obs:asset:usda-rural-urban-continuum-codes"
          ],
          "variables_payload_present": false,
          "mrf_payload_present": false
        },
        {
          "copy": 1,
          "query_id": "q-hospital-ownership",
          "retrieval_id": "retrieval-80ba5f2831e9865a",
          "result_count": 14,
          "record_ids": [
            "obs:asset:cms-hospital-all-owners",
            "obs:asset:cms-hospital-enrollments",
            "obs:asset:cms-hospital-general-information",
            "obs:asset:irs-990-schedules-h-r",
            "obs:asset:pa-phc4-custom-data",
            "obs:asset:pa-phc4-public-financial-reports",
            "obs:asset:cms-hospital-chow",
            "obs:asset:cms-pecos-public-enrollment",
            "obs:asset:federal-audit-clearinghouse",
            "obs:asset:irs-eo-bmf",
            "obs:asset:usaspending-awards",
            "obs:asset:irs-teos-990-xml",
            "obs:asset:cms-hcris-hospital-cost-reports",
            "eswt-bam9"
          ],
          "variables_payload_present": false,
          "mrf_payload_present": false
        },
        {
          "copy": 1,
          "query_id": "q-healthcare-workforce",
          "retrieval_id": "retrieval-316947c8c1b79bc4",
          "result_count": 2,
          "record_ids": [
            "obs:asset:hrsa-uds-sites",
            "obs:asset:cms-pecos-public-enrollment"
          ],
          "variables_payload_present": false,
          "mrf_payload_present": false
        },
        {
          "copy": 1,
          "query_id": "q-medicaid-payer",
          "retrieval_id": "retrieval-8c5f3a4bd9cf6ff2",
          "result_count": 15,
          "record_ids": [
            "obs:asset:medicaid-mcpar-mlr",
            "obs:asset:pa-phc4-public-financial-reports",
            "2ats-ttun",
            "3f26-q827",
            "3pn6-bews",
            "4y4s-y2hd",
            "8jae-5d8i",
            "aps5-fttf",
            "c523-smgb",
            "dcug-prfh",
            "eswt-bam9",
            "obs:asset:cms-hospital-general-information",
            "obs:asset:hrsa-uds-sites",
            "obs:asset:irs-teos-990-xml",
            "svnp-capx"
          ],
          "variables_payload_present": false,
          "mrf_payload_present": false
        },
        {
          "copy": 1,
          "query_id": "q-pa-public-health",
          "retrieval_id": "retrieval-27eaed30bb279304",
          "result_count": 6,
          "record_ids": [
            "obs:asset:hrsa-uds-sites",
            "aps5-fttf",
            "buk2-94cb",
            "svnp-capx",
            "3c5w-gmss",
            "ysdx-4vmi"
          ],
          "variables_payload_present": false,
          "mrf_payload_present": false
        }
      ]
    },
    "output_parity_exact": true,
    "memory": {
      "rss_before": 62750720,
      "rss_after": 107053056,
      "heap_used_after": 22967136,
      "note": "Node process counters for this fixture. Not a Worker isolate peak and not a production capacity claim."
    },
    "cpu": {
      "user_us": 1549630,
      "system_us": 20087
    },
    "storage": {
      "offline_records_bytes": 951117,
      "offline_search_documents_bytes": 697354,
      "last_good_corpus_record_count": 3434,
      "offline_fixture_record_count": 143
    },
    "asset_counts": {
      "offline_records": 143,
      "last_good_records": 3434
    },
    "index_cache_topology": {
      "current_public": "immutable_static_jsonl",
      "proposed_postgresql_search": "untuned_successor_not_production",
      "comparison": "No production topology change is selected from this fixture."
    },
    "qualification": {
      "small_fixture_qualifies_production_capacity": false,
      "warm_only_average_qualifies_cold_start": false,
      "production_capacity_qualified": false,
      "cold_start_qualified": false,
      "twice_planned_production_load_qualified": false
    }
  },
  "c0091": {
    "id": "C-009-1-measured-topology-qualification",
    "status": "unresolved",
    "measured_cheapest_new_topology": null,
    "actual_account_terms": "absent",
    "shared_allowances": "absent",
    "measured_steady_workload": "absent_for_production",
    "measured_burst_workload": "absent_for_production",
    "measured_cost": "absent",
    "storage_transfer": "absent_for_production",
    "rights_capacity_recovery": "unchanged_and_unqualified_by_this_fixture",
    "public_prices_and_publication_asset_lengths_sufficient": false,
    "owner_budget_deferral_is_zero_dollar_cap": false,
    "owner_budget_deferral_proves_cheapest_topology": false,
    "failed_targets": [
      "historical_all_samples_300ms_not_met",
      "production_cold_start_unmeasured",
      "authorized_30_minute_2x_load_unrun"
    ],
    "note": "Public prices and publication asset lengths alone are insufficient. Keep C-009-1 unresolved."
  },
  "costs": {
    "numeric_budget_usd": null,
    "steady_cost_usd": null,
    "burst_cost_usd": null,
    "provider_fees_usd": null,
    "storage_cost_usd": null,
    "review_operations_cost_usd": null,
    "retained_option": "existing_static_public_runtime_and_disabled_scheduler",
    "premium_infrastructure_assumed": false,
    "paid_resource_created": false,
    "production_activation_issued": false
  },
  "http_200_is_completed_research_task": false
}
