✔ wire names are scoped by release, distribution, schema and field revision (12.074968ms)
✔ unresolved or non-exact contexts cannot mint a variable identifier (1.38466ms)
✔ identifier applicability and measurement unit absence remain distinct (0.679599ms)
✔ mapping states preserve literal alternatives and refuse punctuation-only aliasing (0.269618ms)
✔ strict v1.2 schema accepts literal encodings and rejects unauthorized promotion (102.070222ms)
✔ catalog context helper does not weaken exact endpoint invariants (1.010179ms)
✔ retained audit summary remains a discrepancy set, never an alias approval (0.677445ms)
✔ variable assertion and unit cross-field states remain strict (59.300734ms)
✔ retained HCRIS audit remains eleven unresolved literal discrepancies (1.47638ms)
✔ variable context resolution requires source/asset relationship evidence for released core shapes (0.98734ms)
✔ explicit unresolved field context cannot mint a stable field ID (0.171569ms)
✔ strict schema keeps unknown measurement units incomplete or unknown (50.905091ms)
✔ parent relationship evidence rejects missing and contradictory ownership (2.506317ms)
✔ released core fixture requires accepted relationship evidence before variable resolution (0.915182ms)
ℹ tests 14
ℹ suites 0
ℹ pass 14
ℹ fail 0
ℹ cancelled 0
ℹ skipped 0
ℹ todo 0
ℹ duration_ms 340.27409
