✔ generation, proposal provenance and future capture-time substitutions fail closed (4.03583ms)
✔ Muse T02/T04/T06/T11: generic labels, missing links, empty domains and malformed pointers (0.936023ms)
✔ Muse T01: reordered nested claim values retain semantic equality (0.446951ms)
✔ publisher enumerations preserve codes and labels without inventing missing values (0.315285ms)
✔ CDC exact identity produces quoted dictionary evidence but never approves units or payload schema (0.773634ms)
✔ identity mismatch and malformed collections isolate one record without interrupting valid peers (1.317613ms)
✔ reporting frequency and generic row labels are not observation-grain evidence (0.516248ms)
✔ restricted assets retain contradictions without promoting related public products (0.495913ms)
✔ Census dictionaries require an exact identifier and publisher-linked endpoint (0.613754ms)
✔ Census query levels do not assert populated coverage and vintage is not an observation date (0.541759ms)
✔ tampered captures, record substitutions and unapproved approvals are rejected (0.466916ms)
✔ literal evidence cannot be relabelled as a different scientific assertion (0.747256ms)
✔ Census parent identity and linked endpoint are required during verification (0.957846ms)
✔ versioned CDC extraction preserves wire names separately from labels and replays evidence (4.73359ms)
✔ versioned Census extraction separates concept from definition and preserves escaped literal values (1.025737ms)
✔ dictionary-only rows retain a documented name without inventing a wire mapping (0.494034ms)
✔ versioned extraction defaults missing release context to an unresolved, non-promotable identity (0.242626ms)
✔ versioned verification requires a successful capture and retained raw bytes (0.37918ms)
✔ resolved versioned replay uses an independently supplied context and capture evidence (14.967027ms)
ℹ tests 19
ℹ suites 0
ℹ pass 19
ℹ fail 0
ℹ cancelled 0
ℹ skipped 0
ℹ todo 0
ℹ duration_ms 185.081376
