✔ wire names are scoped by release, distribution, schema and field revision (14.175777ms)
✔ unresolved or non-exact contexts cannot mint a variable identifier (1.395667ms)
✔ identifier applicability and measurement unit absence remain distinct (0.691649ms)
✔ mapping states preserve literal alternatives and refuse punctuation-only aliasing (0.269362ms)
✔ strict v1.2 schema accepts literal encodings and rejects unauthorized promotion (103.460402ms)
✔ catalog context helper does not weaken exact endpoint invariants (0.880655ms)
✔ retained audit summary remains a discrepancy set, never an alias approval (0.596565ms)
✔ variable assertion and unit cross-field states remain strict (56.593085ms)
✔ retained HCRIS audit remains eleven unresolved literal discrepancies (1.569451ms)
✔ variable context resolution requires source/asset relationship evidence for released core shapes (1.009086ms)
✔ explicit unresolved field context cannot mint a stable field ID (0.171341ms)
✔ strict schema keeps unknown measurement units incomplete or unknown (55.96288ms)
✔ parent relationship evidence rejects missing and contradictory ownership (2.289969ms)
✔ released core fixture requires accepted relationship evidence before variable resolution (0.845391ms)
ℹ tests 14
ℹ suites 0
ℹ pass 14
ℹ fail 0
ℹ cancelled 0
ℹ skipped 0
ℹ todo 0
ℹ duration_ms 355.149704
