
> @ushso/connectors@1.0.0 test
> node --test tests/*.test.mjs

✔ DCAT data.json parses only metadata records and normalizes deterministically (54.237509ms)
✔ CKAN adapter traverses bounded metadata pagination (26.934985ms)
✔ Socrata adapter uses metadata endpoints and never SODA row routes (13.109307ms)
✔ bounded HTML release inventory accepts labeled links and rejects unlabeled crawling (14.408495ms)
✔ documentation and schema extractors are bounded and reject active or row content (3.796102ms)
✔ all approved-source templates are strict ingestion descriptors and disabled pending authorization (363.475633ms)
✔ captured fetch and capture reference conform to ingestion contracts (213.975459ms)
✔ compressed transport accounting retains the exact decoded metadata capture (3.400883ms)
✔ every discovery reconciles to one exact source locator and confirmed capture (21.793083ms)
✔ request/capture reconciliation audit proves zero prohibited capture (8.851113ms)
✔ strict reference store rejects the historical query-bearing reference before commit (3.349978ms)
✔ public capture locator completes the real two-page runner with strict capture and checkpoint records (6.143466ms)
✔ same body and clocks retain baseline query-sensitive capture and request identities (5.071728ms)
✔ wrong final query remains rejected before object or reference writes (1.703576ms)
✔ no-query capture retains its baseline observation identity and locator (2.910811ms)
✔ public projection contains no userinfo, query or fragment without changing query-sensitive identity (1.824595ms)
✔ released strict validator still rejects a tampered query-bearing public reference (2.587853ms)
✔ two-page 304 reuse still uses full request keys and original capture references (9.140238ms)
✔ Waves 2-6 recorded fixture matrix passes with no external action (165.835869ms)
✔ required 304/change/cursor/failure and source-specific fixtures are all executable (121.138853ms)
✔ every source-specific instance is disabled, paused, candidate-only, and AUTH-04 gated (0.250076ms)
✔ route inventory declares metadata only and Form 990 never routes to bulk archives (2.603053ms)
✔ regulator/APCD workflows cannot become executable through declarative state (0.784628ms)
✔ protocol-specific metadata allowances do not create row or active-XML bypasses (3.983716ms)
✔ all 52 Dataverse and 50 DataCite records retain stable IDs and complete evidence lineage (25.012347ms)
✔ mandatory WP5 fixture matrix passes without external actions (168.564947ms)
✔ IP policy rejects private, loopback, link-local, metadata, multicast, reserved, and mapped ranges (4.440835ms)
✔ payload and query sentinels are blocked before transport egress (9.716323ms)
✔ paused sources and unprofiled response media are blocked at the egress boundary (44.176645ms)
✔ compressed, decompressed, duration, and page bounds fail closed (14.384807ms)
✔ nested row containers, plain-text challenges, and length mismatches quarantine before capture (8.662639ms)
✔ response structure and cardinality limits fail before capture or page persistence (74.586734ms)
✔ HTML links and runner observations are bounded before mapping and persistence (32.744588ms)
✔ classification exceptions release the origin lease and quarantine without capture (4.084313ms)
✔ unmanifested hosts, routes, methods, parameters, and secret query names fail closed (12.751697ms)
✔ DNS rebinding and connected-address substitution are rejected (4.473408ms)
✔ credentials are resolved only into an initial-host request and never persisted (3.548407ms)
✔ conditional validators and retained response headers cannot persist injected locator material (4.979362ms)
✔ redirects drop credentials and preserve destination target-class semantics (5.181998ms)
✔ allowlisted cross-origin redirects receive neither credentials nor conditional validators (7.326159ms)
✔ missing security integration ports and required credentials fail before egress (0.967734ms)
✔ shared origin governor enforces concurrency, pacing, and circuit state (0.48035ms)
✔ terminal runs do not fetch again and checkpoint transaction failure is atomic and resumable (7.062583ms)
✔ later-clock refetch after capture-reference commit reuses content but preserves observation identity (5.836705ms)
✔ source descriptors must match the frozen positive metadata-route allowlist (2.475538ms)
✔ raw redirect Location path checks reject dot-segment evasion before a second transport call (2.75911ms)
✔ R2 capture rejects incoherent URLs and oversize compressed or decompressed bodies (2.342635ms)
✔ transport requests pin approved addresses before connect and stream response limits (2.983702ms)
ℹ tests 48
ℹ suites 0
ℹ pass 48
ℹ fail 0
ℹ cancelled 0
ℹ skipped 0
ℹ todo 0
ℹ duration_ms 824.348845
