
> @ushso/ingestion-control-plane@0.1.0 test
> node --test tests/*.test.mjs

✔ attempt rows are contract-shaped from admission through retry and success, and lease expiry fences the commit boundary (554.8693ms)
✔ concurrent duplicate delivery has one committed effect and an effect-scoped idempotency key (10.783122ms)
✔ every included scope must have one foreign-free seal before checkpoints or publication (66.787939ms)
✔ per-scope checkpoint compare-and-swap rejects a stale competing run atomically (4.593762ms)
✔ normalization fan-out is exactly per sealed capture, reuses cross-run work, and permits a zero-capture run (12.581181ms)
✔ duplicate ACK requires the exact message idempotency key and lease epoch (8.51307ms)
✔ authoritative outbox routing preserves target class and independently paces two origins (20.985842ms)
✔ auth and schema failure resumes require remediation evidence and a changed connector version (6.826864ms)
✔ DLQ transport configuration, final page signal, physical-name mapping, and PostgreSQL-only recovery are explicit (9.814178ms)
✔ dead-letter recovery is exact, typed observations stay DLQ-free, IDs do not collide, and persisted_at is immutable (7.350698ms)
✔ Workflow operational clock crossing retention never creates past the boundary, and terminal mappings close (6.584898ms)
✔ Cloudflare retention strings are parsed and cannot mask a shorter platform horizon (0.745767ms)
✔ outbox commit/send/mark crash matrix never loses work and permits only safe duplicate transport (27.672758ms)
✔ processed-event guard makes duplicate deliveries and crash-after-commit one logical effect (38.031476ms)
✔ transient retry, open-circuit reledger, exhaustion, and terminal absence use distinct explicit actions (52.592797ms)
✔ DLQ sink acknowledges only after durable commit and replay preserves immutable lineage (453.376642ms)
✔ audited DLQ transport-exhaustion ingress is zero-payload, commit-before-ACK, and terminally observable (3.188695ms)
✔ PostgreSQL factory opens a fresh connected Client and exposes the complete ControlStore port (12.408767ms)
✔ Hyperdrive factory reads only the binding connectionString and withFreshDatabaseClient closes in finally (1.099092ms)
✔ transaction commits successful work and rolls back rejected work without nesting (3.639612ms)
✔ scheduler lease query is positional and complete schedule groups become one opaque lease (3.659804ms)
✔ database failures surface redacted structured metadata and never copy secrets or server detail (3.666613ms)
✔ invalid factory configuration fails before any connection attempt (0.604594ms)
✔ audit identity is derived from trusted context and caller-supplied operator IDs fail closed (3.409994ms)
✔ normalization success artifacts are written only after the job reaches succeeded (3.016821ms)
✔ Queue-retention reconciliation restores full identity with a new fence and rejects stale delivery (40.510785ms)
✔ Workflow retention is inclusive at the boundary for unresolved and mapped attempts (26.547489ms)
✔ stale outbox lease is fenced and a poison event cannot abort later batch rows (25.779336ms)
✔ typed failure table and retry budgets match the ingestion contract exactly (4.62609ms)
✔ Queue truth boundary rejects payloads and secrets while outbox projection emits IDs only (1.069634ms)
✔ Cloudflare composition adapters are dependency-injected and normalize current APIs (4.659216ms)
✔ Workflow terminal barrier fixtures are valid authoritative ingestion records (436.864045ms)
✔ duplicate Cron delivery creates one logical run and deterministic Workflow identity (34.913708ms)
✔ a poison schedule group is quarantined without starving a healthy source (25.130893ms)
✔ unknown Workflow create outcome reconciles the same retained instance exactly once (8.903005ms)
✔ Workflow history at its exact retention boundary is not recreated and the run fails audibly (2.979203ms)
✔ Workflow commits only complete barriers and opens a fresh closed DB client for every step (29.818325ms)
✔ terminal Workflow step retry after commit-response loss returns the exact committed result (45.829818ms)
✔ incomplete enumeration becomes partial_unpublished and preserves last-known-good publication (16.185056ms)
✔ checkpoint transaction fault rolls back both checkpoint and normalization outbox (17.381355ms)
✔ Workflow fences deadline and configured step budget before side effects (18.075884ms)
✔ pending barriers durably sleep and resume, while terminal evidence after the deadline fails closed (23.14171ms)
✔ pause drains or proves abandoned leases, then guarantees zero fetches until audited resume (41.79956ms)
✔ shared origin bucket and single half-open probe coordinate across controller instances (11.437079ms)
✔ GC rejects every correctness dependency and commits proof, audit, and delete atomically (38.919348ms)
✔ structured observability strips unexpected payload fields, credentials, and signed URL components (4.691157ms)
ℹ tests 46
ℹ suites 0
ℹ pass 46
ℹ fail 0
ℹ cancelled 0
ℹ skipped 0
ℹ todo 0
ℹ duration_ms 943.765867
