✔ A1/L1 approved exact fixture descriptor and route produce a strict collection job (224.541036ms)
✔ A2 invalid identity, route, scope, extra fields and unapproved context block admission (9.132141ms)
✔ A3 canonical key ordering preserves identity; stale hashes block; approved revision changes identity (8.754918ms)
✔ A4 real, paused and activated foreign descriptors cannot enter the fixture lane (7.382922ms)
✔ A5 repeated actual scheduler slots converge on one run and workflow outbox (12.431544ms)
✔ A6 selections and reservations give child identities while rejecting duplicates and loose limits (12.102878ms)
✔ A2 correction: sparse selected arrays and hidden or accessor JSON fields never admit (6.438531ms)
✔ C8 codec retains Maps, undefined and referenced bytes; unsupported types fail (3.413871ms)
✔ D1 actual collector composes two durable pages, strict receipts and selected fixture completion (565.440277ms)
✔ D9 two writer processes exclude one another; SIGKILL releases the actual writer lock (337.563343ms)
✔ D8 object writes serialize accounting and close retains authority until in-flight sync finishes (190.436406ms)
✔ D7/D8 replay rejects noncanonical records, wrong pins, missing objects and malformed value tags (90.546306ms)
✔ L4 bridge and capture guards independently enforce the exact compiled locator (7.46679ms)
✔ L6 bridge cancellation fences a signal-ignoring completion and constructs null-body 304 (17.086335ms)
✔ D2/C3 actual process death resumes one attempt without duplicate fixture delivery (2139.48679ms)
✔ D3 actual process death resumes one attempt without duplicate fixture delivery (2016.929185ms)
✔ D4 response actual process death resumes one attempt without duplicate fixture delivery (2037.014613ms)
✔ D4 object actual process death resumes one attempt without duplicate fixture delivery (2197.842781ms)
✔ C4 reference actual process death resumes one attempt without duplicate fixture delivery (2089.652952ms)
✔ D6 seal actual process death resumes one attempt without duplicate fixture delivery (1981.529422ms)
✔ D6 final actual process death resumes one attempt without duplicate fixture delivery (2104.075439ms)
✔ C6 parent actual process death resumes one attempt without duplicate fixture delivery (2077.304503ms)
✔ C6 lease actual process death resumes one attempt without duplicate fixture delivery (1992.714219ms)
✔ D5/C9/L5 unknown delivery is charged and terminal unresolved across fresh processes (1768.802149ms)
✔ C7 aborted multi-call scheduler transaction has no journal record and poisons every client (72.85847ms)
✔ C7/D8 scheduler disk failure blocks its fresh failure handler and all delivery (103.183416ms)
✔ C5/L7 independent child repositories share one durable parent and keep selected outcomes separate (314.838057ms)
✔ D10/C10 actual collector 304 retains legacy limitation and prior capture provenance (325.416384ms)
✔ C1/D10 invalid UTF8, oversized response and missing selected evidence cannot commit a checkpoint (678.495904ms)
✔ L6 actual fixture collector deadline is terminal and rejects a late transport success (175.304707ms)
✔ C8 actual existing-run Map survives fresh replay; rehashed Map-to-object tampering blocks (1548.756908ms)
✔ B1 store rejects path escapes and symlinks; unknown fixture fails before storage (7.491645ms)
✔ B2 public and ingestion worker compositions remain disabled (22.601627ms)
✔ B3 journal rejects secret and inline-body fields and read-only status never observes an active writer (24.051921ms)
✔ D8 failed file/directory sync leaves only a verified prefix and poisons the writer (60.922881ms)
✔ L5 durable reservation exhaustion retains its capture and never obtains another delivery on restart (159.855244ms)
✔ D7/L7 canonically rehashed capture, wrapper, child and terminal tampering fails semantic replay (1385.050535ms)
✔ C1 actual collector rejects bridge bytes that differ from the committed strict capture (131.527424ms)
✔ B1 CLI preview creates no files or requests and rejects unknown sources, routes and modes (1021.548648ms)
✔ D1/B1 CLI displays selected, running, partial and complete fixture checkpoints (5286.932519ms)
✔ D5/C9 CLI preserves terminal unresolved status and gives a nonzero execution result (1723.087502ms)
ℹ tests 41
ℹ suites 0
ℹ pass 41
ℹ fail 0
ℹ cancelled 0
ℹ skipped 0
ℹ todo 0
ℹ duration_ms 35078.672572
