{
  "format": "ushso.local-runtime-pins.v1",
  "source_pins": [
    {
      "path": "contracts/ingestion/v1.0.0/schemas/capture-reference.schema.json",
      "sha256": "8b38c9bd5c5291121010fad275d562248d1778f0fa9bc4ce284935daf20ae285"
    },
    {
      "path": "contracts/ingestion/v1.0.0/schemas/checkpoint.schema.json",
      "sha256": "cbf91351a63649740500a656ee3f993823fa39fc7b66569075c754cbca012e88"
    },
    {
      "path": "contracts/ingestion/v1.0.0/schemas/common.schema.json",
      "sha256": "3fdab41ebb9d6dec142a632172fe2a83af01a2db7cb2dd4535b43de8f13538b0"
    },
    {
      "path": "contracts/ingestion/v1.0.0/schemas/enumeration-control.schema.json",
      "sha256": "7d0effc45738874198232f870d0e9b196013662d74e48342481725daecb44c3b"
    },
    {
      "path": "contracts/ingestion/v1.0.0/schemas/event-ledger.schema.json",
      "sha256": "cc046eb3087622a5d4049c9a60cd0097ebfbfd3871e6da09d2dc5eb74870ee21"
    },
    {
      "path": "contracts/ingestion/v1.0.0/schemas/failure-policy.schema.json",
      "sha256": "2042cef1ecb92faf02862fb40422ed788537e8c4d2f5b2251eebe4eed9bacb39"
    },
    {
      "path": "contracts/ingestion/v1.0.0/schemas/fixture-bundle.schema.json",
      "sha256": "1c156bd2f8a48c40c029903da7c6f520a0de2367438c4e8a729bd473c947659e"
    },
    {
      "path": "contracts/ingestion/v1.0.0/schemas/harvest-plan.schema.json",
      "sha256": "2cf3b6df940420e28cced1db72ca25a0f4c7d40584d31edc2b532526a08751be"
    },
    {
      "path": "contracts/ingestion/v1.0.0/schemas/harvest-run.schema.json",
      "sha256": "9ff550bc27f9e70e418c8a586b0798eeafa122357ec8e9d99c4dc2a4b566f959"
    },
    {
      "path": "contracts/ingestion/v1.0.0/schemas/ingest-attempt.schema.json",
      "sha256": "d3111e41f3de95efe25d80793314379acd69347eb593d058bed9ae57881520e9"
    },
    {
      "path": "contracts/ingestion/v1.0.0/schemas/ingest-job.schema.json",
      "sha256": "e7db23b96b4d7d393ae59a95d878a74c46ae718e127ddb12e1e1a2617935fb02"
    },
    {
      "path": "contracts/ingestion/v1.0.0/schemas/metadata-fetch.schema.json",
      "sha256": "5981d9bdb78f5233aed1bca98afe760a68ec773c9966c53e69f41ed50287a456"
    },
    {
      "path": "contracts/ingestion/v1.0.0/schemas/package-manifest.schema.json",
      "sha256": "53747014981e7ad6df97ff72b19cad916fda5d1ffefca4ab34f8378abb6655d1"
    },
    {
      "path": "contracts/ingestion/v1.0.0/schemas/source-descriptor.schema.json",
      "sha256": "cafa5600f6bd38affb018543cf49760a82400f8f81c5018279ce9dd61c7086d2"
    },
    {
      "path": "contracts/ingestion/v1.0.0/schemas/state-transition-fixture.schema.json",
      "sha256": "6bd0daa8b13b3c2ab812688c413d084a2c002b4b18e40bfefddb7fe2b13fa9a4"
    },
    {
      "path": "contracts/ingestion/v1.0.0/schemas/validation-receipt.schema.json",
      "sha256": "d8ac04b1577e5efd66541aec3e98acbcaa5d603aaee1dd19aaef8dc6cf80f10d"
    },
    {
      "path": "contracts/ingestion/v1.0.0/tools/common.mjs",
      "sha256": "d3094879b09abc40925d50084842aa09997f7c9baa858f487c051a2265c05660"
    },
    {
      "path": "contracts/ingestion/v1.0.0/tools/index.mjs",
      "sha256": "790588f12b9e8b76ddb73cdb2c0bc104f4024b2eb2d2bc79adcfd8d01c0236ea"
    },
    {
      "path": "contracts/ingestion/v1.0.0/tools/schema.mjs",
      "sha256": "23d310fc92819bef85995632457e98f6e1252af57ffd5689750a414e1341f459"
    },
    {
      "path": "contracts/ingestion/v1.0.0/tools/semantics.mjs",
      "sha256": "26801e00b82be3668e3befcf756881d1795fe8739c04237596cda8026b507639"
    },
    {
      "path": "contracts/ingestion/v1.1.0/schemas/capture-reference.schema.json",
      "sha256": "484b9c6b4141d4db8af6ffe0412fa1c31a763dbd0142d649a5ddfb526418f198"
    },
    {
      "path": "contracts/ingestion/v1.1.0/schemas/checkpoint.schema.json",
      "sha256": "c2ec9a84945c661d3c87bc86a94704ff17a817f632c4c66dc441a51f039d4280"
    },
    {
      "path": "contracts/ingestion/v1.1.0/schemas/common.schema.json",
      "sha256": "22fc8e734330465e3fe4bb27d8882b142eeee627f6daa5b06c199f81663b825f"
    },
    {
      "path": "contracts/ingestion/v1.1.0/schemas/enumeration-control.schema.json",
      "sha256": "bea19c75d5b4b4767e1ad0f7115aba3d570be0c875b307cffa671b73940bc1c6"
    },
    {
      "path": "contracts/ingestion/v1.1.0/schemas/event-ledger.schema.json",
      "sha256": "1cabc903e42fac3ac58aa26f11c147b5c5653212b4d7bb9fbf7994cd45786be4"
    },
    {
      "path": "contracts/ingestion/v1.1.0/schemas/failure-policy.schema.json",
      "sha256": "3bcbc8589de9a785d21ff6c81cc7f78ea98f7497d35391ae64b7621ec531d55f"
    },
    {
      "path": "contracts/ingestion/v1.1.0/schemas/fixture-bundle.schema.json",
      "sha256": "2edb461b99eabaf6ce5c2fd1ba6315521260da0f7fc7974494756b9a26f93769"
    },
    {
      "path": "contracts/ingestion/v1.1.0/schemas/harvest-plan.schema.json",
      "sha256": "3a85a19a33c68a55fb8e8347070a3a6bd739ea6b8c358b1139af093c718f2d92"
    },
    {
      "path": "contracts/ingestion/v1.1.0/schemas/harvest-run.schema.json",
      "sha256": "d79bbfdba1fa18c954b9128363f13dcdc4abbdccb720c65db0a6f1a70567cf5f"
    },
    {
      "path": "contracts/ingestion/v1.1.0/schemas/ingest-attempt.schema.json",
      "sha256": "47f2bcf63ffa4b9964e74c2ce3e00ef3c942648726caebd15ad26784270cb1f5"
    },
    {
      "path": "contracts/ingestion/v1.1.0/schemas/ingest-job.schema.json",
      "sha256": "849f7119329ed7a2dc02df6e78998f7fde46712a46995a446b3180d8076c627c"
    },
    {
      "path": "contracts/ingestion/v1.1.0/schemas/metadata-fetch.schema.json",
      "sha256": "94e48c7162ddd06c96cc667494aa17b46dc55aeb2d371900e62fa09496236f07"
    },
    {
      "path": "contracts/ingestion/v1.1.0/schemas/package-manifest.schema.json",
      "sha256": "e8960fe1b75654fee438990000a77ac03eb9035a5f68425ed5c4e43cd6bae677"
    },
    {
      "path": "contracts/ingestion/v1.1.0/schemas/source-descriptor.schema.json",
      "sha256": "f8ad3f8263a81e3d51eec3a054c300b5b664f6cd5793ea94578aae6c8efeb68a"
    },
    {
      "path": "contracts/ingestion/v1.1.0/schemas/state-transition-fixture.schema.json",
      "sha256": "4049eaf278fdaa11cf0cc92f411c4181504daf7768824a3b623b27aedd63cfb1"
    },
    {
      "path": "contracts/ingestion/v1.1.0/schemas/validation-receipt.schema.json",
      "sha256": "d472cff5605dbe73406f3546ae45cab074b9ced2492dc5ab831896b0f9fc2bb2"
    },
    {
      "path": "contracts/ingestion/v1.1.0/schemas/workflow-instance-id-compatibility-fixture.schema.json",
      "sha256": "7f1fadfd802ffa2fe32a8c037bfafc99dbbc7f84450964030ba84ac01cbda02a"
    },
    {
      "path": "contracts/ingestion/v1.1.0/tools/common.mjs",
      "sha256": "d3094879b09abc40925d50084842aa09997f7c9baa858f487c051a2265c05660"
    },
    {
      "path": "contracts/ingestion/v1.1.0/tools/index.mjs",
      "sha256": "b278fd9782fd043527d6574b12189e2a44381ed61c4a1ad0eb4f7313a21b68d6"
    },
    {
      "path": "contracts/ingestion/v1.1.0/tools/schema.mjs",
      "sha256": "23d310fc92819bef85995632457e98f6e1252af57ffd5689750a414e1341f459"
    },
    {
      "path": "contracts/ingestion/v1.1.0/tools/semantics.mjs",
      "sha256": "26801e00b82be3668e3befcf756881d1795fe8739c04237596cda8026b507639"
    },
    {
      "path": "contracts/ingestion/v1.1.0/tools/workflow-instance-id.mjs",
      "sha256": "885d5bc3c9f4d248913ca126d2348dce7f2e9d277e580ab4f2c50224efb2b017"
    },
    {
      "path": "package-lock.json",
      "sha256": "f90550e267d390cb7fc328319f0d2cf849b76a9e52b5e83f6eefc4a045d58ec8"
    },
    {
      "path": "packages/connectors/src/adapters/base.mjs",
      "sha256": "ee7f8423da5b62f331d832882e1a9259e08cbf53a71064e86a02d2de17a74a51"
    },
    {
      "path": "packages/connectors/src/adapters/dcat-data-json.mjs",
      "sha256": "1d3135c98a047d963fa2465a5c1050fabc40974ce1c7994723504f6af1b0b861"
    },
    {
      "path": "packages/connectors/src/bounded-http-client.mjs",
      "sha256": "552d95a9b490ececde7fb77517b0991dc388b7a014359d9f755f2b29256b3eb4"
    },
    {
      "path": "packages/connectors/src/canonical.mjs",
      "sha256": "ba524d6baa275bc5ca05e4b3cc9dac9dda02cda0992a2b8f8cf2ec762da9cb48"
    },
    {
      "path": "packages/connectors/src/capture-protocol.mjs",
      "sha256": "7f5a86e1a042bb936b4349ee55ba21a432bb503da82d4cf899e5a786cb42cd87"
    },
    {
      "path": "packages/connectors/src/content-classifier.mjs",
      "sha256": "d8090a7eb1889cdaa8af3d0a3b5d7b23ef1de6d60e5d4dc029fca4a5306979c9"
    },
    {
      "path": "packages/connectors/src/deletion-policy.mjs",
      "sha256": "2740268f9b479c40ac8f192e71177340818f69b0ef516e7419e4e0e6fce67a9f"
    },
    {
      "path": "packages/connectors/src/descriptors.mjs",
      "sha256": "7c8ce9c616cdecc9fa3c2bc7b8f344426bb71b9ad2edc95c99abbf4ff92a1e5d"
    },
    {
      "path": "packages/connectors/src/errors.mjs",
      "sha256": "ace5e4d07cd58cea6c18cfe09ed366b429cb03fc97b8c80c2c3abf04d2c794c6"
    },
    {
      "path": "packages/connectors/src/network-policy.mjs",
      "sha256": "a648c6d73377a053a9b09839ccef371365765d2bd87dde55b9db417f729288ad"
    },
    {
      "path": "packages/connectors/src/origin-governor.mjs",
      "sha256": "302f092e5f76c73266f89a5dbade411f528ae1347e6cee37bf4ede99c33cce52"
    },
    {
      "path": "packages/connectors/src/pinned-streaming-transport.mjs",
      "sha256": "f4b8cfdfce55fcfdd7e853d17c4992c474e16e2f646226e90c5ddebabb72ca08"
    },
    {
      "path": "packages/connectors/src/route-manifest.mjs",
      "sha256": "be3787542b8c27ed3d7f294ae88789c9530717f2741cfd862ee5a24f46197bfc"
    },
    {
      "path": "packages/connectors/src/runner.mjs",
      "sha256": "50af43de5732a562fc506cae854c634998ca43b6d283b270d542d7891c171bf6"
    },
    {
      "path": "packages/connectors/src/source-route-allowlist.mjs",
      "sha256": "15eb8c87e94722e83aa006540ce96fccbc3c1cccf664df76157499943a64fe16"
    },
    {
      "path": "packages/connectors/src/testing/fixtures.mjs",
      "sha256": "a97fb601b72c507ba33309e3cca45e18e595b814566e855814214ab76ce62668"
    },
    {
      "path": "packages/connectors/src/testing/memory-ports.mjs",
      "sha256": "33843172e8f9e0d2fb5258b2d5a13167b3794ee73c713f721cf4d00928f7ad93"
    },
    {
      "path": "packages/ingestion/src/audit-principal.mjs",
      "sha256": "a06495cfcf473ccde6b91552a7cd49768ba9104eba96e1bce194f19aebee75e8"
    },
    {
      "path": "packages/ingestion/src/collection-job.mjs",
      "sha256": "bd73171b3781413c0a5e5cd9f5c143bbdd5e73471a212afda14dbce6f5ca22d9"
    },
    {
      "path": "packages/ingestion/src/common.mjs",
      "sha256": "b9d881927621a993557e791490d316b688cdbfadb5961ff3ba2a8f06555b8b51"
    },
    {
      "path": "packages/ingestion/src/dlq-sink-policy.mjs",
      "sha256": "dc71659e18a0802876136d550d0256e5485713df8bc27d2ba5a82fcd118696bd"
    },
    {
      "path": "packages/ingestion/src/failure-policy.mjs",
      "sha256": "0dd6bb7afe0eeef6c3aaa422054f71b26b9954dac5a4cf766209cb1d6a741e85"
    },
    {
      "path": "packages/ingestion/src/in-memory-control-plane.mjs",
      "sha256": "bbdb163c998411b4c518d69e086a091925f2836ff32446cd0a06751b9a20d9dd"
    },
    {
      "path": "packages/ingestion/src/local-collection-store.mjs",
      "sha256": "ba58fc8ba262d252c5ba88ee0d7b86856117360a27e184ce014cd8d6275c9d8a"
    },
    {
      "path": "packages/ingestion/src/local-collector-adapter.mjs",
      "sha256": "e88fba008b558c62f6380f47b828566a0ddb4b16f53f2b210f7d6f4d52547f01"
    },
    {
      "path": "packages/ingestion/src/local-fixture-catalog.mjs",
      "sha256": "0bd64a7c2660d72ac1a56edfff2461458df5ecf57f695b08c5eec8c6ad829a39"
    },
    {
      "path": "packages/ingestion/src/local-job-cli.mjs",
      "sha256": "366c55f86d58e6959888cd7789b36cbfac944c222b0ef74c13c540cd94da1cee"
    },
    {
      "path": "packages/ingestion/src/ports.mjs",
      "sha256": "3f832c244528602ac5dbfa7769b5906ff72610859ecd2ab5ca440c5b9739394c"
    },
    {
      "path": "packages/ingestion/src/redaction.mjs",
      "sha256": "0d42af1a5c7d912c93284ae7e74dc9bf568ffa110fe7a0b2b9d05db76eee8ebc"
    },
    {
      "path": "packages/ingestion/src/scheduler.mjs",
      "sha256": "62155eefa91e4678477839c309b084afb9557f273bfe5281236fbc0b9c44dbeb"
    },
    {
      "path": "packages/retrieval/tools/catalog-contract.mjs",
      "sha256": "bbba437c0ba61a774fe02d8a2f3436900756ae4715ad05c0cc36894ee70df160"
    },
    {
      "path": "packages/retrieval/tools/external-url-policy.mjs",
      "sha256": "79105a2fb2e76108bbaa3423dc2e02281264e3d8cd653ef4ab83d1dfb4446ba0"
    },
    {
      "path": "packages/retrieval/tools/record-semantics.mjs",
      "sha256": "32f4b1a2f8ae94e99ffb2f353cab01cf0e4bb157ded6405c2d1b1fe15b89047b"
    },
    {
      "path": "scripts/research-program/operating-bounds.mjs",
      "sha256": "f9da46ab59d2ab2a9bc6c173d7698426a8558c3742e68105b0150dcfc4f36eaa"
    },
    {
      "path": "scripts/research-program/policy.json",
      "sha256": "6230fe7b10aa5da20d9426cf4fcce39f0565e306ec512cbc791428544088fbda"
    },
    {
      "path": "scripts/research-program/receipts/v1.0.0/evidence-receipt.schema.json",
      "sha256": "b0785f439b2ba525ad3b72ef7832adeb9eb6eccc5454a6eedaabdfbc746375eb"
    },
    {
      "path": "scripts/research/refresh.mjs",
      "sha256": "89e577d0a32a7c1e6f9e14229bc15db03928792a8636eef5b5b635a25365907d"
    }
  ],
  "runtime": "v24.14.0",
  "platform": "linux",
  "architecture": "x64",
  "fixture_sha256": "542199fd817a58db40fddcbc640396998b7f34060cc524950a9381bf666f3797",
  "registry_sha256": "8e7e8644f34bb563b8479874914852d5f2a6d92c384ebe0291db1feaa2aa154d",
  "policy_sha256": "6230fe7b10aa5da20d9426cf4fcce39f0565e306ec512cbc791428544088fbda",
  "descriptor_sha256": "688657fa60077bf18d63085f0ae02c6956f8dbd5d1fbc57c034a88db997bad0c",
  "clock": {
    "basis": "fixture-logical-clock.v1",
    "page_spacing_ms": 1000,
    "recorded_offset_ms": 1,
    "observation_derivation": "scheduled_slot + journal-wide zero-based durable request-intent ordinal * page_spacing_ms",
    "recording_derivation": "observed_at + recorded_offset_ms"
  },
  "bounds": {
    "maximum_children": 8,
    "maximum_records": 2048,
    "maximum_record_bytes": 262144,
    "maximum_object_bytes": 262144,
    "maximum_total_object_bytes": 8388608,
    "maximum_total_deliveries": 16,
    "maximum_replays": 64
  }
}
