✔ HCRIS has positive contextual collections while an unbound product stays explicitly unknown (1.696953ms)
✔ known-empty distributions stay distinct from unknown collections; rolling URLs do not mint releases (0.301926ms)
✔ search to get_asset yields actual HCRIS follow-up IDs; tests do not inject fake release IDs (26.440612ms)
✔ pagination across a generation change returns a typed restart; limits never silently clip required context (12.57632ms)
✔ public CMS, keyed Census and restricted HCUP fixtures produce different legitimate next steps (32.303772ms)
✔ a returned recipe contains no secret or source payload and does not execute because a client inspected it (11.335438ms)
✔ nonretryable route_not_documented no longer tells clients to retry blindly against unchanged metadata (4.931293ms)
✔ the positive HCRIS fixture uses accepted wire mappings; unapproved documentation does not leak into the canonical schema (24.5627ms)
✔ a 154-field dictionary traverses without omissions or duplicates; oversized fields retain their documented retrieval path (32.156867ms)
✔ a known dictionary proposal is visible as a proposal, while get_variables remains honest about an unbound schema (2.590984ms)
✔ all eight public inspection operations return contract-safe envelopes (366.906157ms)
✔ variables preserve missing schema context as a typed unknown error (190.678051ms)
ℹ tests 12
ℹ suites 0
ℹ pass 12
ℹ fail 0
ℹ cancelled 0
ℹ skipped 0
ℹ todo 0
ℹ duration_ms 676.960631
