✔ A1/L1 approved exact fixture descriptor and route produce a strict collection job (345.080627ms)
✔ A2 invalid identity, route, scope, extra fields and unapproved context block admission (12.986784ms)
✔ A3 canonical key ordering preserves identity; stale hashes block; approved revision changes identity (14.753888ms)
✔ A4 real, paused and activated foreign descriptors cannot enter the fixture lane (8.372099ms)
✔ A5 repeated actual scheduler slots converge on one run and workflow outbox (13.940253ms)
✔ A6 selections and reservations give child identities while rejecting duplicates and loose limits (14.601355ms)
✔ A2 correction: sparse selected arrays and hidden or accessor JSON fields never admit (7.479517ms)
✔ C8 codec retains Maps, undefined and referenced bytes; unsupported types fail (4.185154ms)
✔ D1 actual collector composes two durable pages, strict receipts and selected fixture completion (510.555926ms)
✔ D9 two writer processes exclude one another; SIGKILL releases the actual writer lock (327.04629ms)
✔ D8 object writes serialize accounting and close retains authority until in-flight sync finishes (272.926179ms)
✔ D7/D8 replay rejects noncanonical records, wrong pins, missing objects and malformed value tags (113.93923ms)
✔ L4 bridge and capture guards independently enforce the exact compiled locator (8.787603ms)
✔ L6 bridge cancellation fences a signal-ignoring completion and constructs null-body 304 (16.667739ms)
✔ D2/C3 actual process death resumes one attempt without duplicate fixture delivery (2589.623933ms)
✔ D3 actual process death resumes one attempt without duplicate fixture delivery (2486.665478ms)
✔ D4 response actual process death resumes one attempt without duplicate fixture delivery (2390.866477ms)
✔ D4 object actual process death resumes one attempt without duplicate fixture delivery (2286.145258ms)
✔ C4 reference actual process death resumes one attempt without duplicate fixture delivery (2606.080494ms)
✔ D6 seal actual process death resumes one attempt without duplicate fixture delivery (3835.019537ms)
✔ D6 final actual process death resumes one attempt without duplicate fixture delivery (2894.955969ms)
✔ C6 parent actual process death resumes one attempt without duplicate fixture delivery (2507.942888ms)
✔ C6 lease actual process death resumes one attempt without duplicate fixture delivery (2372.378274ms)
✔ D5/C9/L5 unknown delivery is charged and terminal unresolved across fresh processes (2648.675038ms)
✔ C7 aborted multi-call scheduler transaction has no journal record and poisons every client (94.927366ms)
✔ C7/D8 scheduler disk failure blocks its fresh failure handler and all delivery (179.272956ms)
✔ C5/L7 independent child repositories share one durable parent and keep selected outcomes separate (600.346384ms)
✔ D10/C10 actual collector 304 retains legacy limitation and prior capture provenance (510.982248ms)
✔ C1/D10 invalid UTF8, oversized response and missing selected evidence cannot commit a checkpoint (942.225854ms)
✔ L6 actual fixture collector deadline is terminal and rejects a late transport success (192.076655ms)
✔ C8 actual existing-run Map survives fresh replay; rehashed Map-to-object tampering blocks (1709.07998ms)
✔ B1 store rejects path escapes and symlinks; unknown fixture fails before storage (13.033769ms)
✔ B2 public and ingestion worker compositions remain disabled (24.54343ms)
✔ B3 journal rejects secret and inline-body fields and read-only status never observes an active writer (33.753596ms)
✔ D8 failed file/directory sync leaves only a verified prefix and poisons the writer (51.311674ms)
✔ L5 durable reservation exhaustion retains its capture and never obtains another delivery on restart (206.874835ms)
✔ D7/L7 canonically rehashed capture, wrapper, child and terminal tampering fails semantic replay (1878.997347ms)
✔ C1 actual collector rejects bridge bytes that differ from the committed strict capture (143.487612ms)
✔ B1 CLI preview creates no files or requests and rejects unknown sources, routes and modes (2126.364209ms)
✔ D1/B1 CLI displays selected, running, partial and complete fixture checkpoints (6576.454049ms)
✔ D5/C9 CLI preserves terminal unresolved status and gives a nonzero execution result (2033.19952ms)
ℹ tests 41
ℹ suites 0
ℹ pass 41
ℹ fail 0
ℹ cancelled 0
ℹ skipped 0
ℹ todo 0
ℹ duration_ms 45794.762494
