{
  "format": "ushso.pr003.c003-r3.handoff-check.v1",
  "tool": "scripts/research-program/check-handoff.mjs",
  "ok": true,
  "outcome": "accepted",
  "handoff": {
    "path": "docs/research-program/handoffs/PR-005.json",
    "sha256": "5c8926bba087b08303d6e05ede0508c04cee37a1362ecc85fb1d95ebbf07a90e",
    "pr_id": "PR-005",
    "advertised_status": "producer_checked"
  },
  "authorities": {
    "task_binding": {
      "source": "per-pr-task-binding",
      "path": "verification/research-program/pr-005/task-binding.json",
      "sha256": "05054e038fc7589afcd01a96c0f0cc5fb85d7d766b2941cc96ccba34b0cb21f0"
    },
    "task_bindings": [
      {
        "source": "per-pr-task-binding",
        "path": "verification/research-program/pr-005/task-binding.json",
        "sha256": "05054e038fc7589afcd01a96c0f0cc5fb85d7d766b2941cc96ccba34b0cb21f0"
      }
    ],
    "execution_ledger": {
      "path": "docs/research-program/execution-ledger.json",
      "sha256": "aa314682b845ce435738929c29e9ef7a23d8d4286c3ad4426abad9ea9faed018",
      "task_found": true
    }
  },
  "binding_source": "per-pr-task-binding",
  "checks": [
    {
      "id": "input_path_containment",
      "status": "passed",
      "detail": "docs/research-program/handoffs/PR-005.json stays inside the repository root"
    },
    {
      "id": "handoff_readable",
      "status": "passed",
      "detail": "docs/research-program/handoffs/PR-005.json parsed as JSON"
    },
    {
      "id": "handoff_schema",
      "status": "passed",
      "detail": "handoff.schema.json (Ajv 2020-12) accepted the packet"
    },
    {
      "id": "task_binding",
      "status": "passed",
      "detail": "handoff bound using per-pr-task-binding"
    },
    {
      "id": "dependency_sha_binding",
      "status": "passed",
      "detail": "1 dependency SHA(s) match the task binding"
    },
    {
      "id": "base_sha_binding",
      "status": "passed",
      "detail": "handoff base_sha matches the task binding"
    },
    {
      "id": "task_scope_binding",
      "status": "passed",
      "detail": "completed handoff owner, branch and changed-file scope match the concrete task binding"
    },
    {
      "id": "git_commit_binding",
      "status": "passed",
      "detail": "base is a local commit, every dependency SHA is a local ancestor of it, and head_sha is pending"
    },
    {
      "id": "identifier_uniqueness",
      "status": "passed",
      "detail": "command, artifact, acceptance and source-identity ids are unique"
    },
    {
      "id": "packet_evidence",
      "status": "passed",
      "detail": "completed packet has attributable owner and non-empty evidence arrays"
    },
    {
      "id": "command_result_resolution",
      "status": "passed",
      "detail": "every command has timestamped structured outcomes and each success claim matches its expected outcome"
    },
    {
      "id": "artifact_reference_resolution",
      "status": "passed",
      "detail": "every referenced top-level artifact id resolves"
    },
    {
      "id": "artifact_path_containment",
      "status": "passed",
      "detail": "all artifact and event-source paths stay inside the repository root"
    },
    {
      "id": "artifact_file_existence",
      "status": "passed",
      "detail": "all referenced artifacts and event-source files exist as regular files"
    },
    {
      "id": "artifact_sha256_binding",
      "status": "passed",
      "detail": "all declared artifact and event-source SHA-256 (and byte) bindings match on-disk bytes"
    },
    {
      "id": "source_identity_binding",
      "status": "passed",
      "detail": "13 current local source hash(es) match on-disk bytes with resolved containment"
    },
    {
      "id": "changed_file_containment",
      "status": "passed",
      "detail": "all changed-file records are repository-contained after symlink resolution"
    }
  ],
  "findings": [],
  "notes": [
    {
      "rule": "task_binding_authority",
      "status": "bound",
      "detail": "concrete task binding from per-pr-task-binding at verification/research-program/pr-005/task-binding.json (sha256 05054e038fc7589afcd01a96c0f0cc5fb85d7d766b2941cc96ccba34b0cb21f0); this producer-written file does not authenticate itself and does not replace controller dispatch review"
    },
    {
      "rule": "external_source_identity",
      "status": "external",
      "detail": "source identity PR-004:463f092f71c0ed1ef2aa5baa29b186e5697d04ce is external; any SHA-256 is recorded but not locally verified"
    },
    {
      "rule": "external_source_identity",
      "status": "external",
      "detail": "source identity PR-004-producer:78d164e816049c45193b17c2267f64c8fb783399 is external; any SHA-256 is recorded but not locally verified"
    },
    {
      "rule": "external_source_identity",
      "status": "external",
      "detail": "source identity live-2026-09-03-85b50522b420 is external; any SHA-256 is recorded but not locally verified"
    },
    {
      "rule": "external_source_identity",
      "status": "external",
      "detail": "source identity 15b351a92af729f9ba07359fd210123fdfd76bb3 is external; any SHA-256 is recorded but not locally verified"
    },
    {
      "rule": "external_source_identity",
      "status": "external",
      "detail": "source identity 941c9cd02a3a87c4239e6b75cdccbf4c8ec095e9 is external; any SHA-256 is recorded but not locally verified"
    },
    {
      "rule": "external_source_identity",
      "status": "external",
      "detail": "source identity 4d3bc23a2e4c97a9fd044bf3157f83a347995407 is external; any SHA-256 is recorded but not locally verified"
    },
    {
      "rule": "external_source_identity",
      "status": "external",
      "detail": "source identity e7cd7e69823dcaf5f95aa578dc846d02b5882821 is external; any SHA-256 is recorded but not locally verified"
    },
    {
      "rule": "external_source_identity",
      "status": "external",
      "detail": "source identity /mnt/d/tmp/plumbob/ushso-research-program-20260910/pr005-independent-semantics-v3.mjs is external; any SHA-256 is recorded but not locally verified"
    },
    {
      "rule": "external_source_identity",
      "status": "external",
      "detail": "source identity grok-4.6-interface/assignment-model-grok-4 is external; any SHA-256 is recorded but not locally verified"
    },
    {
      "rule": "head_sha_pending",
      "status": "unresolved",
      "detail": "head_sha is null (pending-head transport); the controller records the committed head later. A future commit cannot contain its own hash."
    }
  ],
  "preserved_outcomes": {
    "non_pass_acceptance_results": [
      {
        "id": "packet-worker-glob",
        "status": "failed"
      }
    ],
    "declared_unresolved_claims": [
      {
        "id": "pending_head_sha",
        "status": "pending"
      },
      {
        "id": "hcris-observation-grain",
        "status": "unresolved"
      },
      {
        "id": "payload-access",
        "status": "unresolved"
      },
      {
        "id": "wp11-integration-blocker",
        "status": "unresolved"
      }
    ],
    "declared_failures_and_skipped_checks": [
      {
        "id": "cmd-c005-4-worker-functional-contaminated",
        "status": "failed"
      },
      {
        "id": "npm-run-test-worker-wp11-pin",
        "status": "failed"
      },
      {
        "id": "full-release-gate",
        "status": "skipped"
      }
    ],
    "head_sha_pending": true
  },
  "independent_review": {
    "status": "not_claimed",
    "detail": "Producer-side packet validation only. A passing packet is complete and evidence-bound; it is not independent verification or scientific acceptance."
  }
}
