
[verify] verification/wp11/v1.3.0 :: test

> @ushso/wp11-verification-v1.3.0@1.3.0 test
> node --test tests/*.test.mjs

✔ candidate technical evidence passes while approval and release remain unclaimed (45.767873ms)
✔ stale file hash or missing dependency cannot validate (73.309682ms)
✔ technical evidence cannot smuggle approval (0.220076ms)
✔ behavioral probes fail a permissive URL implementation (5.665429ms)
ℹ tests 4
ℹ suites 0
ℹ pass 4
ℹ fail 0
ℹ cancelled 0
ℹ skipped 0
ℹ todo 0
ℹ duration_ms 242.24095

[verify] verification/wp11/v1.3.0 :: validate
{
  "schema_version": "ushso.wp11-v13-attestation.v1.0.0",
  "status": "PASS",
  "package_id": "@ushso/wp11-verification-v1.3.0@1.3.0",
  "wrapper_package_id": "@ushso/wp11-current-attestation-adapter-v1.3.0@1.3.0",
  "historical": {
    "package_id": "@ushso/wp11-verification-v1.3.0@1.3.0",
    "subject_sha256": "294d8b40bb5a2dbe1f55cdfde4a60205de75ee1ffe48e0108eae69aea2db0f98",
    "approval_status": "approved_original_subject_only",
    "receipt_status": "approved_scoped_attestation",
    "reviewer": {
      "id": "github:176340565",
      "role": "repository_owner"
    },
    "recorded_at": "2026-09-09T13:02:53Z",
    "evidence_sha256": "b77cf81e309d88b52bd1ed9502f39459697c0dffa16d0c87d2889c5d5ae59422",
    "source_commit": "30fa0c59ecd4d3d1dd1f56cd8422c6c470e45cb0",
    "files": {
      "approval": {
        "path": "verification/wp11/v1.3.0/approvals/approval.json",
        "bytes": 674,
        "sha256": "c571ce5183f7a384db60d7f23dd605bcd51545e7ac38347a7b0766c67372e3d1"
      },
      "evidence": {
        "path": "verification/wp11/v1.3.0/approvals/evidence.txt",
        "bytes": 764,
        "sha256": "b77cf81e309d88b52bd1ed9502f39459697c0dffa16d0c87d2889c5d5ae59422"
      },
      "receipt": {
        "path": "verification/wp11/v1.3.0/receipts/approved.json",
        "bytes": 32419,
        "sha256": "e596e1b18a0251f611990c9752e1d12fb36cd05dab16bf55cf96e8d1fc431f9d"
      }
    },
    "predecessor_manifest": {
      "path": "verification/wp11/v1.0.0/receipts/implementation-file-manifest.json",
      "bytes": 7068,
      "sha256": "d388972dca800318aa8ad31ddca2975c0eb3d2761fdb28e82aa7545cb76576aa"
    },
    "predecessor_receipt": {
      "path": "verification/wp11/v1.0.0/receipts/wp11-verification.json",
      "bytes": 6833,
      "sha256": "0e75b70dc65c3b05a324d34cbe55bb90d6a7f5b7f90bc810a0770a3a44dabf60"
    },
    "previous_successor": {
      "path": "verification/wp11/v1.2.0/receipts/approved.json",
      "bytes": 32420,
      "sha256": "6ff262f67687cf4166af21e7e2e2ba610158f765516e2d597b77670ac2c3a3f5",
      "package_id": "@ushso/wp11-verification-v1.2.0@1.2.0"
    },
    "input_bindings": {
      "status": "PASS",
      "source": "retained_historical_preimage_snapshot",
      "source_commit": "30fa0c59ecd4d3d1dd1f56cd8422c6c470e45cb0",
      "historical_file_count": 154,
      "total_bytes": 1347732,
      "unchanged_count": 154,
      "unique_blob_count": 154,
      "git_required": false,
      "execute_retained_sources": false,
      "receipt_sha256": "e596e1b18a0251f611990c9752e1d12fb36cd05dab16bf55cf96e8d1fc431f9d",
      "subject_sha256": "294d8b40bb5a2dbe1f55cdfde4a60205de75ee1ffe48e0108eae69aea2db0f98",
      "snapshot_dir": "verification/research-program/ci-attestation/wp11-v1.3.0/historical-preimage-snapshot",
      "inventory_path": "verification/research-program/ci-attestation/wp11-v1.3.0/historical-preimage-snapshot/inventory.json"
    }
  },
  "current": {
    "subject_kind": "wp11-technical-draft",
    "package_id": "@ushso/wp11-verification-v1.3.0@1.3.0",
    "subject_sha256": "534c3dc878f4413bb808e731008348b60d8e2f141b59d7f376bf613b1b26f028",
    "technical_status": "PASS",
    "status": "pending_authorized_review",
    "approval": null,
    "approval_status": "absent_for_current_subject",
    "release_gate_pass": false,
    "release_ready": false,
    "production_eligibility": false,
    "planner_runtime_status": "disabled",
    "file_count": 154
  },
  "wrapper": {
    "subject_kind": "wp11-current-attestation-adapter",
    "package_id": "@ushso/wp11-current-attestation-adapter-v1.3.0@1.3.0",
    "subject_sha256": "822c69777c46a237eefb7da3e299854b1562ec1ac726ef1c9fa37add2c2530eb",
    "technical_status": "PASS",
    "status": "pending_authorized_review",
    "approval": null,
    "approval_status": "absent_for_current_subject",
    "release_gate_pass": false,
    "release_ready": false,
    "production_eligibility": false,
    "implementation_files": [
      {
        "path": "scripts/run-contract-suites.mjs",
        "bytes": 29025,
        "sha256": "3a13c51986e1cd90b530465d4e8fc30cc3763a86189d06930c4dbf6f65c5e261"
      },
      {
        "path": "scripts/verify-wp11-attestation.mjs",
        "bytes": 33143,
        "sha256": "360bdf7b409374e6d85b493667c49e7fcea1022c9defbd56bcb1305cdd326db5"
      },
      {
        "path": "tests/wp11-attestation.test.mjs",
        "bytes": 39335,
        "sha256": "4a48478762c2ea6e3529b865f6cfba02db6f04a0cab5c05849bc66ac5b21bdc9"
      },
      {
        "path": "verification/research-program/ci-attestation/wp11-v1.3.0/historical-preimage-reader.mjs",
        "bytes": 11287,
        "sha256": "09b946ce97065e08fb3082601363563eaffae04febc02ae63fc93d04e3b850a2"
      },
      {
        "path": "verification/research-program/ci-attestation/wp11-v1.3.0/historical-preimage-snapshot/inventory.json",
        "bytes": 41674,
        "sha256": "46fc584ae6b494ca562455968c14ba799970c45237479b7edadb74939cd1a000"
      },
      {
        "path": "verification/research-program/ci-attestation/wp11-v1.3.0/policy.json",
        "bytes": 4861,
        "sha256": "9373939ec21f1e606164a30e4a2e1f55dcd147ec2b22290289b5feec6dcadee8"
      }
    ],
    "historical_preimage_snapshot": {
      "path": "verification/research-program/ci-attestation/wp11-v1.3.0/historical-preimage-snapshot/inventory.json",
      "file_count": 154,
      "total_bytes": 1347732,
      "source_commit": "30fa0c59ecd4d3d1dd1f56cd8422c6c470e45cb0",
      "receipt_sha256": "e596e1b18a0251f611990c9752e1d12fb36cd05dab16bf55cf96e8d1fc431f9d",
      "execute_retained_sources": false
    },
    "historical_preimage_reader": {
      "path": "verification/research-program/ci-attestation/wp11-v1.3.0/historical-preimage-reader.mjs"
    }
  },
  "current_versus_historical": {
    "status": "PASS",
    "compared_file_count": 154,
    "changed_count": 13,
    "unchanged_count": 141,
    "changed": [
      {
        "path": "apps/web/src/components/ResultCard.test.ts",
        "historical_bytes": 2568,
        "historical_sha256": "16226fad7dbbb87f6ca90541fcb33366b4104d8f7324e1f2373cff8446afe06d",
        "historical_source": "retained_historical_preimage_snapshot",
        "current_bytes": 8136,
        "current_sha256": "f80476d8ba1a0343eaceae664b0f7aa1d4312105779b1c54cd5e2d91bbd85978",
        "current_source": "current_tree",
        "role": "current_unapproved_input_change"
      },
      {
        "path": "apps/web/src/components/ResultCard.tsx",
        "historical_bytes": 6243,
        "historical_sha256": "4f6c605c7e286162b494d177dceba01120d160a9205ba77588949eda87b9becb",
        "historical_source": "retained_historical_preimage_snapshot",
        "current_bytes": 6898,
        "current_sha256": "51f88f064f7605ae9225e457b357df2c3d609fe483de6f982758f0d786bec492",
        "current_source": "current_tree",
        "role": "current_unapproved_input_change"
      },
      {
        "path": "apps/web/src/lib/catalogAdapter.test.ts",
        "historical_bytes": 4737,
        "historical_sha256": "296231dce39268e55bc608dd492138adb65186a06e2819cf7a32538db31f267f",
        "historical_source": "retained_historical_preimage_snapshot",
        "current_bytes": 9499,
        "current_sha256": "6647d9ee262a1b9f771186915759a11c11e954fa6d3bec68b2dbde858dac4be2",
        "current_source": "current_tree",
        "role": "current_unapproved_input_change"
      },
      {
        "path": "apps/web/src/lib/catalogAdapter.ts",
        "historical_bytes": 14062,
        "historical_sha256": "6d5519bbb6a6d63e9cfc7ad5bdcb7c381cff6a23efd6c56a3be69ea4c3f36bda",
        "historical_source": "retained_historical_preimage_snapshot",
        "current_bytes": 16622,
        "current_sha256": "92e832e6ae452c1c4df6d55c51ea4421fae53c84cbd7e559fc50180d5ad2d095",
        "current_source": "current_tree",
        "role": "current_unapproved_input_change"
      },
      {
        "path": "apps/web/src/lib/researcherGuidance.test.tsx",
        "historical_bytes": 3977,
        "historical_sha256": "268aa7fee578fe98ce4dd8a787e03066a88c756a8a1e50f217edf23a9bfa2cf1",
        "historical_source": "retained_historical_preimage_snapshot",
        "current_bytes": 6447,
        "current_sha256": "4582c5b410ed4e44dd51095a6abcde4a7bfb992f2f5947169ee4736e70649f23",
        "current_source": "current_tree",
        "role": "current_unapproved_input_change"
      },
      {
        "path": "apps/web/src/lib/researcherGuidance.ts",
        "historical_bytes": 13063,
        "historical_sha256": "52b6964ed67bfc96f659c0bf2a071fefac7ffd847dd576ee3f13c95ae4a199fc",
        "historical_source": "retained_historical_preimage_snapshot",
        "current_bytes": 14865,
        "current_sha256": "bc8f67c850cdc64863e6be6b2fb6407c51f20b0448f4ee11db13762ca57748cb",
        "current_source": "current_tree",
        "role": "current_unapproved_input_change"
      },
      {
        "path": "apps/web/src/pages/DatasetDetailsPage.test.tsx",
        "historical_bytes": 1744,
        "historical_sha256": "ae4ba062d565fda31475e4e9733dcba97a4d4179430fe8710ac8846d1dc72b47",
        "historical_source": "retained_historical_preimage_snapshot",
        "current_bytes": 4738,
        "current_sha256": "d05682afa74270394f5a9b729921d906fc6ec6c5e58a742928f32f7d3eafcd72",
        "current_source": "current_tree",
        "role": "current_unapproved_input_change"
      },
      {
        "path": "apps/web/src/pages/DatasetDetailsPage.tsx",
        "historical_bytes": 25023,
        "historical_sha256": "856c41e52fe768ed2e9ecabf3401266f352d88f178a594f2abbb8bd97fad689b",
        "historical_source": "retained_historical_preimage_snapshot",
        "current_bytes": 25889,
        "current_sha256": "d9618ed05b2958158825501ac0266bb60219fe6ffda561b66a8ed910393281bd",
        "current_source": "current_tree",
        "role": "current_unapproved_input_change"
      },
      {
        "path": "apps/web/src/types/catalog.ts",
        "historical_bytes": 3331,
        "historical_sha256": "2682a2fe806949ea39b90b52d3b288ad91e92cfe0b9d3f58291b582741b3aee6",
        "historical_source": "retained_historical_preimage_snapshot",
        "current_bytes": 3815,
        "current_sha256": "5a2ec4fada8fd0d5ba7dbebd8e5f06f66e6f972a850bb7b77f24b16165e5fd7a",
        "current_source": "current_tree",
        "role": "current_unapproved_input_change"
      },
      {
        "path": "apps/web/src/types/discovery.ts",
        "historical_bytes": 13924,
        "historical_sha256": "53b84d32bf5d13f5fe207dba57f310a64ef20a99603c1ac92938d8738a50d246",
        "historical_source": "retained_historical_preimage_snapshot",
        "current_bytes": 14491,
        "current_sha256": "3d56804e6dc368a7688216e46c3309cadf9546a48e3e44e3098e12f682c2b01a",
        "current_source": "current_tree",
        "role": "current_unapproved_input_change"
      },
      {
        "path": "package-lock.json",
        "historical_bytes": 134190,
        "historical_sha256": "af2070ae111bc67c397b07e33b44c1fbd15bba31b63210990068943998e1bc28",
        "historical_source": "retained_historical_preimage_snapshot",
        "current_bytes": 134511,
        "current_sha256": "37e4a9ec1fba9ab254aa7a596e1a0e3f73919cf5358717dc6e06e0478be6b20c",
        "current_source": "current_tree",
        "role": "pr085_ci_v14_workspace_lock"
      },
      {
        "path": "package.json",
        "historical_bytes": 3555,
        "historical_sha256": "25874c7d9464210794bd7a1467b117ef5fc71808fdf5e34726ea65181744561c",
        "historical_source": "retained_historical_preimage_snapshot",
        "current_bytes": 3666,
        "current_sha256": "b6c3469c7b10ecb90114199c18c3ebb293d801b8c8a3521cb25ded2fdba8d05e",
        "current_source": "current_tree",
        "role": "reviewed_pr003_package_transition"
      },
      {
        "path": "packages/retrieval/tools/retrieval-core-v1.2.mjs",
        "historical_bytes": 41685,
        "historical_sha256": "5763d7687e7228d8dacdd098ed2b9a0e8e59995c0243c25719102926c2105306",
        "historical_source": "retained_historical_preimage_snapshot",
        "current_bytes": 44082,
        "current_sha256": "42198deaa9318273aad96b23dc48bd476b6dc46ac6cf1fe4ca990d295ce64b7b",
        "current_source": "current_tree",
        "role": "current_unapproved_input_change"
      }
    ],
    "approval": null,
    "current_approval_issued": false,
    "historical_approval_transferred": false,
    "combined_acceptance": false,
    "release_qualified": false
  },
  "builder_coverage_limits": {
    "historical_inventory_file_count": 154,
    "unpinned_legacy_builder_reads": [
      {
        "path": "worker/index.mjs",
        "in_sealed_inventory": false
      },
      {
        "path": "packages/coverage/accounting/v1.0.0/artifacts/public-coverage-view.json",
        "in_sealed_inventory": false
      },
      {
        "path": "verification/external-authorization/v1.0.0/register.json",
        "in_sealed_inventory": false
      },
      {
        "path": "packages/retrieval/corpus/records.jsonl",
        "in_sealed_inventory": false
      }
    ],
    "note": "The existing WP11 v1.3 technical builder reads these paths without listing them in technical_evidence.files. This assignment does not expand historical package scope, does not treat those reads as sealed historical pins, and does not imply full release qualification."
  },
  "boundaries": {
    "historical_approval_reused": false,
    "historical_receipt_overwritten": false,
    "historical_approval_applied_to_current_technical_subject": false,
    "historical_approval_applied_to_wrapper_subject": false,
    "current_approval_issued": false,
    "current_release_qualified": false,
    "production_authorized": false,
    "writes_approval_artifacts": false,
    "combined_acceptance": false
  }
}

Verified 1 package suites with live authoritative-source requests forbidden.
